Archive member included to satisfy reference by file (symbol)

d:/clion/tools/gcc-arm-none-eabi-10.3-2021.10-win32/gcc-arm-none-eabi-10.3-2021.10/bin/../lib/gcc/arm-none-eabi/10.3.1/thumb/v7-m/nofp\libgcc.a(_arm_muldf3.o)
                              CMakeFiles/4w.elf.dir/ADC/myadc.c.obj (__aeabi_dmul)
d:/clion/tools/gcc-arm-none-eabi-10.3-2021.10-win32/gcc-arm-none-eabi-10.3-2021.10/bin/../lib/gcc/arm-none-eabi/10.3.1/thumb/v7-m/nofp\libgcc.a(_arm_mulsf3.o)
                              CMakeFiles/4w.elf.dir/PID/PID.c.obj (__aeabi_fmul)
d:/clion/tools/gcc-arm-none-eabi-10.3-2021.10-win32/gcc-arm-none-eabi-10.3-2021.10/bin/../lib/gcc/arm-none-eabi/10.3.1/thumb/v7-m/nofp\libgcc.a(_arm_addsubdf3.o)
                              CMakeFiles/4w.elf.dir/Src/main.c.obj (__aeabi_dsub)
d:/clion/tools/gcc-arm-none-eabi-10.3-2021.10-win32/gcc-arm-none-eabi-10.3-2021.10/bin/../lib/gcc/arm-none-eabi/10.3.1/thumb/v7-m/nofp\libgcc.a(_arm_muldivdf3.o)
                              CMakeFiles/4w.elf.dir/mpu6050/mpu6050.c.obj (__aeabi_ddiv)
d:/clion/tools/gcc-arm-none-eabi-10.3-2021.10-win32/gcc-arm-none-eabi-10.3-2021.10/bin/../lib/gcc/arm-none-eabi/10.3.1/thumb/v7-m/nofp\libgcc.a(_arm_cmpdf2.o)
                              CMakeFiles/4w.elf.dir/Src/main.c.obj (__aeabi_dcmplt)
d:/clion/tools/gcc-arm-none-eabi-10.3-2021.10-win32/gcc-arm-none-eabi-10.3-2021.10/bin/../lib/gcc/arm-none-eabi/10.3.1/thumb/v7-m/nofp\libgcc.a(_arm_fixunsdfsi.o)
                              CMakeFiles/4w.elf.dir/ADC/myadc.c.obj (__aeabi_d2uiz)
d:/clion/tools/gcc-arm-none-eabi-10.3-2021.10-win32/gcc-arm-none-eabi-10.3-2021.10/bin/../lib/gcc/arm-none-eabi/10.3.1/thumb/v7-m/nofp\libgcc.a(_arm_truncdfsf2.o)
                              CMakeFiles/4w.elf.dir/ADC/myadc.c.obj (__aeabi_d2f)
d:/clion/tools/gcc-arm-none-eabi-10.3-2021.10-win32/gcc-arm-none-eabi-10.3-2021.10/bin/../lib/gcc/arm-none-eabi/10.3.1/thumb/v7-m/nofp\libgcc.a(_arm_addsubsf3.o)
                              CMakeFiles/4w.elf.dir/PID/PID.c.obj (__aeabi_fsub)
d:/clion/tools/gcc-arm-none-eabi-10.3-2021.10-win32/gcc-arm-none-eabi-10.3-2021.10/bin/../lib/gcc/arm-none-eabi/10.3.1/thumb/v7-m/nofp\libgcc.a(_arm_muldivsf3.o)
                              CMakeFiles/4w.elf.dir/mpu6050/inv_mpu.c.obj (__aeabi_fdiv)
d:/clion/tools/gcc-arm-none-eabi-10.3-2021.10-win32/gcc-arm-none-eabi-10.3-2021.10/bin/../lib/gcc/arm-none-eabi/10.3.1/thumb/v7-m/nofp\libgcc.a(_arm_cmpsf2.o)
                              CMakeFiles/4w.elf.dir/mpu6050/inv_mpu.c.obj (__aeabi_fcmpeq)
d:/clion/tools/gcc-arm-none-eabi-10.3-2021.10-win32/gcc-arm-none-eabi-10.3-2021.10/bin/../lib/gcc/arm-none-eabi/10.3.1/thumb/v7-m/nofp\libgcc.a(_arm_fixsfsi.o)
                              CMakeFiles/4w.elf.dir/Src/main.c.obj (__aeabi_f2iz)
d:/clion/tools/gcc-arm-none-eabi-10.3-2021.10-win32/gcc-arm-none-eabi-10.3-2021.10/bin/../lib/gcc/arm-none-eabi/10.3.1/thumb/v7-m/nofp\libgcc.a(_arm_fixunssfsi.o)
                              CMakeFiles/4w.elf.dir/mpu6050/inv_mpu_dmp_motion_driver.c.obj (__aeabi_f2uiz)
d:/clion/tools/gcc-arm-none-eabi-10.3-2021.10-win32/gcc-arm-none-eabi-10.3-2021.10/bin/../lib/gcc/arm-none-eabi/10.3.1/thumb/v7-m/nofp\libgcc.a(_aeabi_ldivmod.o)
                              CMakeFiles/4w.elf.dir/mpu6050/inv_mpu.c.obj (__aeabi_ldivmod)
d:/clion/tools/gcc-arm-none-eabi-10.3-2021.10-win32/gcc-arm-none-eabi-10.3-2021.10/bin/../lib/gcc/arm-none-eabi/10.3.1/thumb/v7-m/nofp\libgcc.a(_udivmoddi4.o)
                              d:/clion/tools/gcc-arm-none-eabi-10.3-2021.10-win32/gcc-arm-none-eabi-10.3-2021.10/bin/../lib/gcc/arm-none-eabi/10.3.1/thumb/v7-m/nofp\libgcc.a(_aeabi_ldivmod.o) (__udivmoddi4)
d:/clion/tools/gcc-arm-none-eabi-10.3-2021.10-win32/gcc-arm-none-eabi-10.3-2021.10/bin/../lib/gcc/arm-none-eabi/10.3.1/thumb/v7-m/nofp\libgcc.a(_dvmd_tls.o)
                              d:/clion/tools/gcc-arm-none-eabi-10.3-2021.10-win32/gcc-arm-none-eabi-10.3-2021.10/bin/../lib/gcc/arm-none-eabi/10.3.1/thumb/v7-m/nofp\libgcc.a(_aeabi_ldivmod.o) (__aeabi_ldiv0)
d:/clion/tools/gcc-arm-none-eabi-10.3-2021.10-win32/gcc-arm-none-eabi-10.3-2021.10/bin/../lib/gcc/arm-none-eabi/10.3.1/../../../../arm-none-eabi/lib/thumb/v7-m/nofp\libg.a(lib_a-errno.o)
                              CMakeFiles/4w.elf.dir/Src/syscalls.c.obj (__errno)
d:/clion/tools/gcc-arm-none-eabi-10.3-2021.10-win32/gcc-arm-none-eabi-10.3-2021.10/bin/../lib/gcc/arm-none-eabi/10.3.1/../../../../arm-none-eabi/lib/thumb/v7-m/nofp\libg.a(lib_a-exit.o)
                              d:/clion/tools/gcc-arm-none-eabi-10.3-2021.10-win32/gcc-arm-none-eabi-10.3-2021.10/bin/../lib/gcc/arm-none-eabi/10.3.1/../../../../arm-none-eabi/lib/thumb/v7-m/nofp/crt0.o (exit)
d:/clion/tools/gcc-arm-none-eabi-10.3-2021.10-win32/gcc-arm-none-eabi-10.3-2021.10/bin/../lib/gcc/arm-none-eabi/10.3.1/../../../../arm-none-eabi/lib/thumb/v7-m/nofp\libg.a(lib_a-impure.o)
[...]
Memory Configuration

Name             Origin             Length             Attributes
RAM              0x20000000         0x00005000         xrw
FLASH            0x08000000         0x00020000         xr
*default*        0x00000000         0xffffffff

Linker script and memory map

LOAD d:/clion/tools/gcc-arm-none-eabi-10.3-2021.10-win32/gcc-arm-none-eabi-10.3-2021.10/bin/../lib/gcc/arm-none-eabi/10.3.1/thumb/v7-m/nofp/crti.o
LOAD d:/clion/tools/gcc-arm-none-eabi-10.3-2021.10-win32/gcc-arm-none-eabi-10.3-2021.10/bin/../lib/gcc/arm-none-eabi/10.3.1/thumb/v7-m/nofp/crtbegin.o
LOAD d:/clion/tools/gcc-arm-none-eabi-10.3-2021.10-win32/gcc-arm-none-eabi-10.3-2021.10/bin/../lib/gcc/arm-none-eabi/10.3.1/../../../../arm-none-eabi/lib/thumb/v7-m/nofp/crt0.o
LOAD CMakeFiles/4w.elf.dir/ADC/myadc.c.obj
LOAD CMakeFiles/4w.elf.dir/ADC_XJ/ADC_XJ.c.obj
LOAD CMakeFiles/4w.elf.dir/Drivers/STM32F1xx_HAL_Driver/Src/stm32f1xx_hal.c.obj
LOAD CMakeFiles/4w.elf.dir/Drivers/STM32F1xx_HAL_Driver/Src/stm32f1xx_hal_adc.c.obj
LOAD CMakeFiles/4w.elf.dir/Drivers/STM32F1xx_HAL_Driver/Src/stm32f1xx_hal_adc_ex.c.obj
LOAD CMakeFiles/4w.elf.dir/Drivers/STM32F1xx_HAL_Driver/Src/stm32f1xx_hal_cortex.c.obj
LOAD CMakeFiles/4w.elf.dir/Drivers/STM32F1xx_HAL_Driver/Src/stm32f1xx_hal_dma.c.obj
LOAD CMakeFiles/4w.elf.dir/Drivers/STM32F1xx_HAL_Driver/Src/stm32f1xx_hal_exti.c.obj
LOAD CMakeFiles/4w.elf.dir/Drivers/STM32F1xx_HAL_Driver/Src/stm32f1xx_hal_flash.c.obj
LOAD CMakeFiles/4w.elf.dir/Drivers/STM32F1xx_HAL_Driver/Src/stm32f1xx_hal_flash_ex.c.obj
LOAD CMakeFiles/4w.elf.dir/Drivers/STM32F1xx_HAL_Driver/Src/stm32f1xx_hal_gpio.c.obj
LOAD CMakeFiles/4w.elf.dir/Drivers/STM32F1xx_HAL_Driver/Src/stm32f1xx_hal_gpio_ex.c.obj
LOAD CMakeFiles/4w.elf.dir/Drivers/STM32F1xx_HAL_Driver/Src/stm32f1xx_hal_pwr.c.obj
LOAD CMakeFiles/4w.elf.dir/Drivers/STM32F1xx_HAL_Driver/Src/stm32f1xx_hal_rcc.c.obj
LOAD CMakeFiles/4w.elf.dir/Drivers/STM32F1xx_HAL_Driver/Src/stm32f1xx_hal_rcc_ex.c.obj
LOAD CMakeFiles/4w.elf.dir/Drivers/STM32F1xx_HAL_Driver/Src/stm32f1xx_hal_tim.c.obj
LOAD CMakeFiles/4w.elf.dir/Drivers/STM32F1xx_HAL_Driver/Src/stm32f1xx_hal_tim_ex.c.obj
LOAD CMakeFiles/4w.elf.dir/Drivers/STM32F1xx_HAL_Driver/Src/stm32f1xx_hal_uart.c.obj
LOAD CMakeFiles/4w.elf.dir/PID/PID.c.obj
LOAD CMakeFiles/4w.elf.dir/Src/adc.c.obj
LOAD CMakeFiles/4w.elf.dir/Src/gpio.c.obj
LOAD CMakeFiles/4w.elf.dir/Src/main.c.obj
LOAD CMakeFiles/4w.elf.dir/Src/motor.c.obj
LOAD CMakeFiles/4w.elf.dir/Src/stm32f1xx_hal_msp.c.obj
LOAD CMakeFiles/4w.elf.dir/Src/stm32f1xx_it.c.obj
LOAD CMakeFiles/4w.elf.dir/Src/syscalls.c.obj
LOAD CMakeFiles/4w.elf.dir/Src/sysmem.c.obj
LOAD CMakeFiles/4w.elf.dir/Src/system_stm32f1xx.c.obj
LOAD CMakeFiles/4w.elf.dir/Src/tim.c.obj
LOAD CMakeFiles/4w.elf.dir/Src/usart.c.obj
LOAD CMakeFiles/4w.elf.dir/Startup/startup_stm32f103c8tx.s.obj
LOAD CMakeFiles/4w.elf.dir/mpu6050/bsp_iic.c.obj
LOAD CMakeFiles/4w.elf.dir/mpu6050/inv_mpu.c.obj
LOAD CMakeFiles/4w.elf.dir/mpu6050/inv_mpu_dmp_motion_driver.c.obj
LOAD CMakeFiles/4w.elf.dir/mpu6050/mpu6050.c.obj
LOAD CMakeFiles/4w.elf.dir/oled_sim/oled.c.obj
START GROUP
LOAD d:/clion/tools/gcc-arm-none-eabi-10.3-2021.10-win32/gcc-arm-none-eabi-10.3-2021.10/bin/../lib/gcc/arm-none-eabi/10.3.1/thumb/v7-m/nofp\libgcc.a
LOAD d:/clion/tools/gcc-arm-none-eabi-10.3-2021.10-win32/gcc-arm-none-eabi-10.3-2021.10/bin/../lib/gcc/arm-none-eabi/10.3.1/../../../../arm-none-eabi/lib/thumb/v7-m/nofp\libg.a
LOAD d:/clion/tools/gcc-arm-none-eabi-10.3-2021.10-win32/gcc-arm-none-eabi-10.3-2021.10/bin/../lib/gcc/arm-none-eabi/10.3.1/../../../../arm-none-eabi/lib/thumb/v7-m/nofp\libc.a
END GROUP
LOAD d:/clion/tools/gcc-arm-none-eabi-10.3-2021.10-win32/gcc-arm-none-eabi-10.3-2021.10/bin/../lib/gcc/arm-none-eabi/10.3.1/thumb/v7-m/nofp/crtend.o
LOAD d:/clion/tools/gcc-arm-none-eabi-10.3-2021.10-win32/gcc-arm-none-eabi-10.3-2021.10/bin/../lib/gcc/arm-none-eabi/10.3.1/thumb/v7-m/nofp/crtn.o
                0x20005000                _estack = (ORIGIN (RAM) + LENGTH (RAM))
                0x00000200                _Min_Heap_Size = 0x200
                0x00000400                _Min_Stack_Size = 0x400

.isr_vector     0x08000000      0x10c
                0x08000000                . = ALIGN (0x4)
 *(.isr_vector)
 .isr_vector    0x08000000      0x10c CMakeFiles/4w.elf.dir/Startup/startup_stm32f103c8tx.s.obj
                0x08000000                g_pfnVectors
                0x0800010c                . = ALIGN (0x4)

.text           0x08000110     0xf600
                0x08000110                . = ALIGN (0x4)
 *(.text)
 .text          0x08000110       0x40 d:/clion/tools/gcc-arm-none-eabi-10.3-2021.10-win32/gcc-arm-none-eabi-10.3-2021.10/bin/../lib/gcc/arm-none-eabi/10.3.1/thumb/v7-m/nofp/crtbegin.o
 .text          0x08000150      0x378 d:/clion/tools/gcc-arm-none-eabi-10.3-2021.10-win32/gcc-arm-none-eabi-10.3-2021.10/bin/../lib/gcc/arm-none-eabi/10.3.1/thumb/v7-m/nofp\libgcc.a(_arm_addsubdf3.o)
                0x08000150                __aeabi_drsub
                0x08000158                __aeabi_dsub
                0x08000158                __subdf3
                0x0800015c                __aeabi_dadd
                0x0800015c                __adddf3
                0x080003d4                __floatunsidf
                0x080003d4                __aeabi_ui2d
                0x080003f4                __floatsidf
                0x080003f4                __aeabi_i2d
                0x08000418                __aeabi_f2d
                0x08000418                __extendsfdf2
                0x0800045c                __floatundidf
                0x0800045c                __aeabi_ul2d
                0x0800046c                __floatdidf
                0x0800046c                __aeabi_l2d
 .text          0x080004c8      0x424 d:/clion/tools/gcc-arm-none-eabi-10.3-2021.10-win32/gcc-arm-none-eabi-10.3-2021.10/bin/../lib/gcc/arm-none-eabi/10.3.1/thumb/v7-m/nofp\libgcc.a(_arm_muldivdf3.o)
                0x080004c8                __aeabi_dmul
                0x080004c8                __muldf3
                0x0800071c                __divdf3
                0x0800071c                __aeabi_ddiv
 .text          0x080008ec      0x110 d:/clion/tools/gcc-arm-none-eabi-10.3-2021.10-win32/gcc-arm-none-eabi-10.3-2021.10/bin/../lib/gcc/arm-none-eabi/10.3.1/thumb/v7-m/nofp\libgcc.a(_arm_cmpdf2.o)
                0x080008ec                __gtdf2
                0x080008ec                __gedf2
                0x080008f4                __ltdf2
                0x080008f4                __ledf2
                0x080008fc                __nedf2
                0x080008fc                __eqdf2
                0x080008fc                __cmpdf2
                0x08000978                __aeabi_cdrcmple
                0x08000988                __aeabi_cdcmpeq
                0x08000988                __aeabi_cdcmple
                0x08000998                __aeabi_dcmpeq
                0x080009ac                __aeabi_dcmplt
                0x080009c0                __aeabi_dcmple
                0x080009d4                __aeabi_dcmpge
                0x080009e8                __aeabi_dcmpgt
 .text          0x080009fc       0xa0 d:/clion/tools/gcc-arm-none-eabi-10.3-2021.10-win32/gcc-arm-none-eabi-10.3-2021.10/bin/../lib/gcc/arm-none-eabi/10.3.1/thumb/v7-m/nofp\libgcc.a(_arm_truncdfsf2.o)
                0x080009fc                __truncdfsf2
                0x080009fc                __aeabi_d2f
 .text          0x08000a9c      0x21c d:/clion/tools/gcc-arm-none-eabi-10.3-2021.10-win32/gcc-arm-none-eabi-10.3-2021.10/bin/../lib/gcc/arm-none-eabi/10.3.1/thumb/v7-m/nofp\libgcc.a(_arm_addsubsf3.o)
                0x08000a9c                __aeabi_frsub
                0x08000aa4                __subsf3
                0x08000aa4                __aeabi_fsub
                0x08000aa8                __aeabi_fadd
                0x08000aa8                __addsf3
                0x08000c08                __aeabi_ui2f
                0x08000c08                __floatunsisf
                0x08000c10                __aeabi_i2f
                0x08000c10                __floatsisf
                0x08000c2c                __aeabi_ul2f
                0x08000c2c                __floatundisf
                0x08000c3c                __aeabi_l2f
                0x08000c3c                __floatdisf
 .text          0x08000cb8      0x2a0 d:/clion/tools/gcc-arm-none-eabi-10.3-2021.10-win32/gcc-arm-none-eabi-10.3-2021.10/bin/../lib/gcc/arm-none-eabi/10.3.1/thumb/v7-m/nofp\libgcc.a(_arm_muldivsf3.o)
                0x08000cb8                __mulsf3
                0x08000cb8                __aeabi_fmul
                0x08000e20                __aeabi_fdiv
                0x08000e20                __divsf3
 .text          0x08000f58       0xec d:/clion/tools/gcc-arm-none-eabi-10.3-2021.10-win32/gcc-arm-none-eabi-10.3-2021.10/bin/../lib/gcc/arm-none-eabi/10.3.1/thumb/v7-m/nofp\libgcc.a(_arm_cmpsf2.o)
                0x08000f58                __gesf2
                0x08000f58                __gtsf2
                0x08000f60                __lesf2
                0x08000f60                __ltsf2
                0x08000f68                __nesf2
                0x08000f68                __eqsf2
                0x08000f68                __cmpsf2
                0x08000fc8                __aeabi_cfrcmple
                0x08000fd0                __aeabi_cfcmpeq
                0x08000fd0                __aeabi_cfcmple
                0x08000fe0                __aeabi_fcmpeq
                0x08000ff4                __aeabi_fcmplt
                0x08001008                __aeabi_fcmple
                0x0800101c                __aeabi_fcmpge
                0x08001030                __aeabi_fcmpgt
 .text          0x08001044       0x4c d:/clion/tools/gcc-arm-none-eabi-10.3-2021.10-win32/gcc-arm-none-eabi-10.3-2021.10/bin/../lib/gcc/arm-none-eabi/10.3.1/thumb/v7-m/nofp\libgcc.a(_arm_fixsfsi.o)
                0x08001044                __aeabi_f2iz
                0x08001044                __fixsfsi
 .text          0x08001090       0x40 d:/clion/tools/gcc-arm-none-eabi-10.3-2021.10-win32/gcc-arm-none-eabi-10.3-2021.10/bin/../lib/gcc/arm-none-eabi/10.3.1/thumb/v7-m/nofp\libgcc.a(_arm_fixunssfsi.o)
                0x08001090                __fixunssfsi
                0x08001090                __aeabi_f2uiz
 .text          0x080010d0       0xa0 d:/clion/tools/gcc-arm-none-eabi-10.3-2021.10-win32/gcc-arm-none-eabi-10.3-2021.10/bin/../lib/gcc/arm-none-eabi/10.3.1/thumb/v7-m/nofp\libgcc.a(_aeabi_ldivmod.o)
                0x080010d0                __aeabi_ldivmod
 .text          0x08001170      0x2d4 d:/clion/tools/gcc-arm-none-eabi-10.3-2021.10-win32/gcc-arm-none-eabi-10.3-2021.10/bin/../lib/gcc/arm-none-eabi/10.3.1/thumb/v7-m/nofp\libgcc.a(_udivmoddi4.o)
                0x08001170                __udivmoddi4
 .text          0x08001444        0x4 d:/clion/tools/gcc-arm-none-eabi-10.3-2021.10-win32/gcc-arm-none-eabi-10.3-2021.10/bin/../lib/gcc/arm-none-eabi/10.3.1/thumb/v7-m/nofp\libgcc.a(_dvmd_tls.o)
                0x08001444                __aeabi_idiv0
                0x08001444                __aeabi_ldiv0
 .text          0x08001448       0xec d:/clion/tools/gcc-arm-none-eabi-10.3-2021.10-win32/gcc-arm-none-eabi-10.3-2021.10/bin/../lib/gcc/arm-none-eabi/10.3.1/../../../../arm-none-eabi/lib/thumb/v7-m/nofp\libg.a(lib_a-memcpy.o)
                0x08001448                memcpy
 .text          0x08001534       0x2c d:/clion/tools/gcc-arm-none-eabi-10.3-2021.10-win32/gcc-arm-none-eabi-10.3-2021.10/bin/../lib/gcc/arm-none-eabi/10.3.1/thumb/v7-m/nofp\libgcc.a(_arm_unorddf2.o)
                0x08001534                __unorddf2
                0x08001534                __aeabi_dcmpun
 .text          0x08001560       0x50 d:/clion/tools/gcc-arm-none-eabi-10.3-2021.10-win32/gcc-arm-none-eabi-10.3-2021.10/bin/../lib/gcc/arm-none-eabi/10.3.1/thumb/v7-m/nofp\libgcc.a(_arm_fixdfsi.o)
                0x08001560                __aeabi_d2iz
                0x08001560                __fixdfsi
 .text          0x080015b0       0x30 d:/clion/tools/gcc-arm-none-eabi-10.3-2021.10-win32/gcc-arm-none-eabi-10.3-2021.10/bin/../lib/gcc/arm-none-eabi/10.3.1/thumb/v7-m/nofp\libgcc.a(_aeabi_uldivmod.o)
                0x080015b0                __aeabi_uldivmod
 *(.text*)
 .text.Get_Adc  0x080015e0       0x70 CMakeFiles/4w.elf.dir/ADC/myadc.c.obj
                0x080015e0                Get_Adc
 .text.ADC_Value_t
                0x08001650       0x44 CMakeFiles/4w.elf.dir/ADC/myadc.c.obj
                0x08001650                ADC_Value_t
 .text.HAL_InitTick
                0x08001694       0x4c CMakeFiles/4w.elf.dir/Drivers/STM32F1xx_HAL_Driver/Src/stm32f1xx_hal.c.obj
                0x08001694                HAL_InitTick
 .text.HAL_Init
                0x080016e0       0x24 CMakeFiles/4w.elf.dir/Drivers/STM32F1xx_HAL_Driver/Src/stm32f1xx_hal.c.obj
                0x080016e0                HAL_Init
 .text.HAL_IncTick
                0x08001704       0x18 CMakeFiles/4w.elf.dir/Drivers/STM32F1xx_HAL_Driver/Src/stm32f1xx_hal.c.obj
                0x08001704                HAL_IncTick
 .text.HAL_GetTick
                0x0800171c        0xc CMakeFiles/4w.elf.dir/Drivers/STM32F1xx_HAL_Driver/Src/stm32f1xx_hal.c.obj
                0x0800171c                HAL_GetTick
 .text.HAL_Delay
                0x08001728       0x28 CMakeFiles/4w.elf.dir/Drivers/STM32F1xx_HAL_Driver/Src/stm32f1xx_hal.c.obj
                0x08001728                HAL_Delay
 .text.HAL_ADC_PollForConversion
                0x08001750      0x184 CMakeFiles/4w.elf.dir/Drivers/STM32F1xx_HAL_Driver/Src/stm32f1xx_hal_adc.c.obj
                0x08001750                HAL_ADC_PollForConversion
 .text.HAL_ADC_GetValue
                0x080018d4        0x6 CMakeFiles/4w.elf.dir/Drivers/STM32F1xx_HAL_Driver/Src/stm32f1xx_hal_adc.c.obj
                0x080018d4                HAL_ADC_GetValue
 *fill*         0x080018da        0x2 
 .text.HAL_ADC_ConfigChannel
                0x080018dc      0x144 CMakeFiles/4w.elf.dir/Drivers/STM32F1xx_HAL_Driver/Src/stm32f1xx_hal_adc.c.obj
                0x080018dc                HAL_ADC_ConfigChannel
 .text.ADC_Enable
                0x08001a20       0x88 CMakeFiles/4w.elf.dir/Drivers/STM32F1xx_HAL_Driver/Src/stm32f1xx_hal_adc.c.obj
                0x08001a20                ADC_Enable
 .text.HAL_ADC_Start
                0x08001aa8       0xe8 CMakeFiles/4w.elf.dir/Drivers/STM32F1xx_HAL_Driver/Src/stm32f1xx_hal_adc.c.obj
                0x08001aa8                HAL_ADC_Start
 .text.ADC_ConversionStop_Disable
                0x08001b90       0x56 CMakeFiles/4w.elf.dir/Drivers/STM32F1xx_HAL_Driver/Src/stm32f1xx_hal_adc.c.obj
                0x08001b90                ADC_ConversionStop_Disable
 *fill*         0x08001be6        0x2 
 .text.HAL_ADC_Init
                0x08001be8      0x108 CMakeFiles/4w.elf.dir/Drivers/STM32F1xx_HAL_Driver/Src/stm32f1xx_hal_adc.c.obj
                0x08001be8                HAL_ADC_Init
 .text.HAL_NVIC_SetPriorityGrouping
                0x08001cf0       0x24 CMakeFiles/4w.elf.dir/Drivers/STM32F1xx_HAL_Driver/Src/stm32f1xx_hal_cortex.c.obj
                0x08001cf0                HAL_NVIC_SetPriorityGrouping
 .text.HAL_NVIC_SetPriority
                0x08001d14       0x70 CMakeFiles/4w.elf.dir/Drivers/STM32F1xx_HAL_Driver/Src/stm32f1xx_hal_cortex.c.obj
                0x08001d14                HAL_NVIC_SetPriority
 .text.HAL_NVIC_EnableIRQ
                0x08001d84       0x1c CMakeFiles/4w.elf.dir/Drivers/STM32F1xx_HAL_Driver/Src/stm32f1xx_hal_cortex.c.obj
                0x08001d84                HAL_NVIC_EnableIRQ
 .text.HAL_SYSTICK_Config
                0x08001da0       0x28 CMakeFiles/4w.elf.dir/Drivers/STM32F1xx_HAL_Driver/Src/stm32f1xx_hal_cortex.c.obj
                0x08001da0                HAL_SYSTICK_Config
 .text.HAL_GPIO_Init
                0x08001dc8      0x224 CMakeFiles/4w.elf.dir/Drivers/STM32F1xx_HAL_Driver/Src/stm32f1xx_hal_gpio.c.obj
                0x08001dc8                HAL_GPIO_Init
 .text.HAL_GPIO_ReadPin
                0x08001fec        0xe CMakeFiles/4w.elf.dir/Drivers/STM32F1xx_HAL_Driver/Src/stm32f1xx_hal_gpio.c.obj
                0x08001fec                HAL_GPIO_ReadPin
 .text.HAL_GPIO_WritePin
                0x08001ffa        0xc CMakeFiles/4w.elf.dir/Drivers/STM32F1xx_HAL_Driver/Src/stm32f1xx_hal_gpio.c.obj
                0x08001ffa                HAL_GPIO_WritePin
 .text.HAL_GPIO_TogglePin
                0x08002006       0x12 CMakeFiles/4w.elf.dir/Drivers/STM32F1xx_HAL_Driver/Src/stm32f1xx_hal_gpio.c.obj
                0x08002006                HAL_GPIO_TogglePin
 .text.RCC_Delay
                0x08002018       0x2c CMakeFiles/4w.elf.dir/Drivers/STM32F1xx_HAL_Driver/Src/stm32f1xx_hal_rcc.c.obj
 .text.HAL_RCC_OscConfig
                0x08002044      0x410 CMakeFiles/4w.elf.dir/Drivers/STM32F1xx_HAL_Driver/Src/stm32f1xx_hal_rcc.c.obj
                0x08002044                HAL_RCC_OscConfig
 .text.HAL_RCC_GetSysClockFreq
                0x08002454       0x54 CMakeFiles/4w.elf.dir/Drivers/STM32F1xx_HAL_Driver/Src/stm32f1xx_hal_rcc.c.obj
                0x08002454                HAL_RCC_GetSysClockFreq
 .text.HAL_RCC_ClockConfig
                0x080024a8      0x16c CMakeFiles/4w.elf.dir/Drivers/STM32F1xx_HAL_Driver/Src/stm32f1xx_hal_rcc.c.obj
                0x080024a8                HAL_RCC_ClockConfig
 .text.HAL_RCC_GetHCLKFreq
                0x08002614        0xc CMakeFiles/4w.elf.dir/Drivers/STM32F1xx_HAL_Driver/Src/stm32f1xx_hal_rcc.c.obj
                0x08002614                HAL_RCC_GetHCLKFreq
 .text.HAL_RCC_GetPCLK1Freq
                0x08002620       0x20 CMakeFiles/4w.elf.dir/Drivers/STM32F1xx_HAL_Driver/Src/stm32f1xx_hal_rcc.c.obj
                0x08002620                HAL_RCC_GetPCLK1Freq
 .text.HAL_RCC_GetPCLK2Freq
                0x08002640       0x20 CMakeFiles/4w.elf.dir/Drivers/STM32F1xx_HAL_Driver/Src/stm32f1xx_hal_rcc.c.obj
                0x08002640                HAL_RCC_GetPCLK2Freq
 .text.HAL_RCCEx_PeriphCLKConfig
                0x08002660      0x118 CMakeFiles/4w.elf.dir/Drivers/STM32F1xx_HAL_Driver/Src/stm32f1xx_hal_rcc_ex.c.obj
                0x08002660                HAL_RCCEx_PeriphCLKConfig
 .text.HAL_RCCEx_GetPeriphCLKFreq
                0x08002778       0xd8 CMakeFiles/4w.elf.dir/Drivers/STM32F1xx_HAL_Driver/Src/stm32f1xx_hal_rcc_ex.c.obj
                0x08002778                HAL_RCCEx_GetPeriphCLKFreq
 .text.TIM_OC1_SetConfig
                0x08002850       0x5c CMakeFiles/4w.elf.dir/Drivers/STM32F1xx_HAL_Driver/Src/stm32f1xx_hal_tim.c.obj
 .text.TIM_OC3_SetConfig
                0x080028ac       0x64 CMakeFiles/4w.elf.dir/Drivers/STM32F1xx_HAL_Driver/Src/stm32f1xx_hal_tim.c.obj
 .text.TIM_OC4_SetConfig
                0x08002910       0x48 CMakeFiles/4w.elf.dir/Drivers/STM32F1xx_HAL_Driver/Src/stm32f1xx_hal_tim.c.obj
 .text.TIM_TI1_ConfigInputStage
                0x08002958       0x24 CMakeFiles/4w.elf.dir/Drivers/STM32F1xx_HAL_Driver/Src/stm32f1xx_hal_tim.c.obj
 .text.TIM_TI2_ConfigInputStage
                0x0800297c       0x26 CMakeFiles/4w.elf.dir/Drivers/STM32F1xx_HAL_Driver/Src/stm32f1xx_hal_tim.c.obj
 .text.TIM_ITRx_SetConfig
                0x080029a2       0x10 CMakeFiles/4w.elf.dir/Drivers/STM32F1xx_HAL_Driver/Src/stm32f1xx_hal_tim.c.obj
 *fill*         0x080029b2        0x2 
 .text.HAL_TIM_Base_Start_IT
                0x080029b4       0x68 CMakeFiles/4w.elf.dir/Drivers/STM32F1xx_HAL_Driver/Src/stm32f1xx_hal_tim.c.obj
                0x080029b4                HAL_TIM_Base_Start_IT
 .text.HAL_TIM_PWM_MspInit
                0x08002a1c        0x2 CMakeFiles/4w.elf.dir/Drivers/STM32F1xx_HAL_Driver/Src/stm32f1xx_hal_tim.c.obj
                0x08002a1c                HAL_TIM_PWM_MspInit
 .text.HAL_TIM_OC_DelayElapsedCallback
                0x08002a1e        0x2 CMakeFiles/4w.elf.dir/Drivers/STM32F1xx_HAL_Driver/Src/stm32f1xx_hal_tim.c.obj
                0x08002a1e                HAL_TIM_OC_DelayElapsedCallback
 .text.HAL_TIM_IC_CaptureCallback
                0x08002a20        0x2 CMakeFiles/4w.elf.dir/Drivers/STM32F1xx_HAL_Driver/Src/stm32f1xx_hal_tim.c.obj
                0x08002a20                HAL_TIM_IC_CaptureCallback
 .text.HAL_TIM_PWM_PulseFinishedCallback
                0x08002a22        0x2 CMakeFiles/4w.elf.dir/Drivers/STM32F1xx_HAL_Driver/Src/stm32f1xx_hal_tim.c.obj
                0x08002a22                HAL_TIM_PWM_PulseFinishedCallback
 .text.HAL_TIM_TriggerCallback
                0x08002a24        0x2 CMakeFiles/4w.elf.dir/Drivers/STM32F1xx_HAL_Driver/Src/stm32f1xx_hal_tim.c.obj
                0x08002a24                HAL_TIM_TriggerCallback
 .text.HAL_TIM_IRQHandler
                0x08002a26      0x17a CMakeFiles/4w.elf.dir/Drivers/STM32F1xx_HAL_Driver/Src/stm32f1xx_hal_tim.c.obj
                0x08002a26                HAL_TIM_IRQHandler
 .text.TIM_Base_SetConfig
                0x08002ba0       0x74 CMakeFiles/4w.elf.dir/Drivers/STM32F1xx_HAL_Driver/Src/stm32f1xx_hal_tim.c.obj
                0x08002ba0                TIM_Base_SetConfig
 .text.HAL_TIM_Base_Init
                0x08002c14       0x58 CMakeFiles/4w.elf.dir/Drivers/STM32F1xx_HAL_Driver/Src/stm32f1xx_hal_tim.c.obj
                0x08002c14                HAL_TIM_Base_Init
 .text.HAL_TIM_PWM_Init
                0x08002c6c       0x58 CMakeFiles/4w.elf.dir/Drivers/STM32F1xx_HAL_Driver/Src/stm32f1xx_hal_tim.c.obj
                0x08002c6c                HAL_TIM_PWM_Init
 .text.TIM_OC2_SetConfig
                0x08002cc4       0x64 CMakeFiles/4w.elf.dir/Drivers/STM32F1xx_HAL_Driver/Src/stm32f1xx_hal_tim.c.obj
                0x08002cc4                TIM_OC2_SetConfig
 .text.HAL_TIM_PWM_ConfigChannel
                0x08002d28       0xdc CMakeFiles/4w.elf.dir/Drivers/STM32F1xx_HAL_Driver/Src/stm32f1xx_hal_tim.c.obj
                0x08002d28                HAL_TIM_PWM_ConfigChannel
 .text.TIM_ETR_SetConfig
                0x08002e04       0x18 CMakeFiles/4w.elf.dir/Drivers/STM32F1xx_HAL_Driver/Src/stm32f1xx_hal_tim.c.obj
                0x08002e04                TIM_ETR_SetConfig
 .text.HAL_TIM_ConfigClockSource
                0x08002e1c       0xfe CMakeFiles/4w.elf.dir/Drivers/STM32F1xx_HAL_Driver/Src/stm32f1xx_hal_tim.c.obj
                0x08002e1c                HAL_TIM_ConfigClockSource
 .text.TIM_CCxChannelCmd
                0x08002f1a       0x1e CMakeFiles/4w.elf.dir/Drivers/STM32F1xx_HAL_Driver/Src/stm32f1xx_hal_tim.c.obj
                0x08002f1a                TIM_CCxChannelCmd
 .text.HAL_TIM_PWM_Start
                0x08002f38       0xdc CMakeFiles/4w.elf.dir/Drivers/STM32F1xx_HAL_Driver/Src/stm32f1xx_hal_tim.c.obj
                0x08002f38                HAL_TIM_PWM_Start
 .text.HAL_TIMEx_MasterConfigSynchronization
                0x08003014       0x6c CMakeFiles/4w.elf.dir/Drivers/STM32F1xx_HAL_Driver/Src/stm32f1xx_hal_tim_ex.c.obj
                0x08003014                HAL_TIMEx_MasterConfigSynchronization
 .text.HAL_TIMEx_CommutCallback
                0x08003080        0x2 CMakeFiles/4w.elf.dir/Drivers/STM32F1xx_HAL_Driver/Src/stm32f1xx_hal_tim_ex.c.obj
                0x08003080                HAL_TIMEx_CommutCallback
 .text.HAL_TIMEx_BreakCallback
                0x08003082        0x2 CMakeFiles/4w.elf.dir/Drivers/STM32F1xx_HAL_Driver/Src/stm32f1xx_hal_tim_ex.c.obj
                0x08003082                HAL_TIMEx_BreakCallback
 .text.UART_SetConfig
                0x08003084       0x94 CMakeFiles/4w.elf.dir/Drivers/STM32F1xx_HAL_Driver/Src/stm32f1xx_hal_uart.c.obj
 .text.UART_WaitOnFlagUntilTimeout
                0x08003118       0x88 CMakeFiles/4w.elf.dir/Drivers/STM32F1xx_HAL_Driver/Src/stm32f1xx_hal_uart.c.obj
 .text.HAL_UART_Init
                0x080031a0       0x60 CMakeFiles/4w.elf.dir/Drivers/STM32F1xx_HAL_Driver/Src/stm32f1xx_hal_uart.c.obj
                0x080031a0                HAL_UART_Init
 .text.HAL_UART_Transmit
                0x08003200       0xbe CMakeFiles/4w.elf.dir/Drivers/STM32F1xx_HAL_Driver/Src/stm32f1xx_hal_uart.c.obj
                0x08003200                HAL_UART_Transmit
 .text.PID_Init
                0x080032be       0x14 CMakeFiles/4w.elf.dir/PID/PID.c.obj
                0x080032be                PID_Init
 .text.PID_Set  0x080032d2        0xc CMakeFiles/4w.elf.dir/PID/PID.c.obj
                0x080032d2                PID_Set
 *fill*         0x080032de        0x2 
 .text.PID_Proc
                0x080032e0       0x78 CMakeFiles/4w.elf.dir/PID/PID.c.obj
                0x080032e0                PID_Proc
 .text.MX_ADC1_Init
                0x08003358       0x5c CMakeFiles/4w.elf.dir/Src/adc.c.obj
                0x08003358                MX_ADC1_Init
 .text.HAL_ADC_MspInit
                0x080033b4       0x80 CMakeFiles/4w.elf.dir/Src/adc.c.obj
                0x080033b4                HAL_ADC_MspInit
 .text.MX_GPIO_Init
                0x08003434       0xe4 CMakeFiles/4w.elf.dir/Src/gpio.c.obj
                0x08003434                MX_GPIO_Init
 .text.__io_putchar
                0x08003518       0x20 CMakeFiles/4w.elf.dir/Src/main.c.obj
                0x08003518                __io_putchar
 .text.Error_Handler
                0x08003538        0x4 CMakeFiles/4w.elf.dir/Src/main.c.obj
                0x08003538                Error_Handler
 .text.SystemClock_Config
                0x0800353c       0x84 CMakeFiles/4w.elf.dir/Src/main.c.obj
                0x0800353c                SystemClock_Config
 .text.main     0x080035c0      0x430 CMakeFiles/4w.elf.dir/Src/main.c.obj
                0x080035c0                main
 .text.MOTOR_L_F
                0x080039f0       0x30 CMakeFiles/4w.elf.dir/Src/motor.c.obj
                0x080039f0                MOTOR_L_F
 .text.MOTOR_L_B
                0x08003a20       0x30 CMakeFiles/4w.elf.dir/Src/motor.c.obj
                0x08003a20                MOTOR_L_B
 .text.MOTOR_R_F
                0x08003a50       0x30 CMakeFiles/4w.elf.dir/Src/motor.c.obj
                0x08003a50                MOTOR_R_F
 .text.MOTOR_R_B
                0x08003a80       0x30 CMakeFiles/4w.elf.dir/Src/motor.c.obj
                0x08003a80                MOTOR_R_B
 .text.Motor    0x08003ab0       0x80 CMakeFiles/4w.elf.dir/Src/motor.c.obj
                0x08003ab0                Motor
 .text.HAL_MspInit
                0x08003b30       0x44 CMakeFiles/4w.elf.dir/Src/stm32f1xx_hal_msp.c.obj
                0x08003b30                HAL_MspInit
 .text.NMI_Handler
                0x08003b74        0x2 CMakeFiles/4w.elf.dir/Src/stm32f1xx_it.c.obj
                0x08003b74                NMI_Handler
 .text.HardFault_Handler
                0x08003b76        0x2 CMakeFiles/4w.elf.dir/Src/stm32f1xx_it.c.obj
                0x08003b76                HardFault_Handler
 .text.MemManage_Handler
                0x08003b78        0x2 CMakeFiles/4w.elf.dir/Src/stm32f1xx_it.c.obj
                0x08003b78                MemManage_Handler
 .text.BusFault_Handler
                0x08003b7a        0x2 CMakeFiles/4w.elf.dir/Src/stm32f1xx_it.c.obj
                0x08003b7a                BusFault_Handler
 .text.UsageFault_Handler
                0x08003b7c        0x2 CMakeFiles/4w.elf.dir/Src/stm32f1xx_it.c.obj
                0x08003b7c                UsageFault_Handler
 .text.SVC_Handler
                0x08003b7e        0x2 CMakeFiles/4w.elf.dir/Src/stm32f1xx_it.c.obj
                0x08003b7e                SVC_Handler
 .text.DebugMon_Handler
                0x08003b80        0x2 CMakeFiles/4w.elf.dir/Src/stm32f1xx_it.c.obj
                0x08003b80                DebugMon_Handler
 .text.PendSV_Handler
                0x08003b82        0x2 CMakeFiles/4w.elf.dir/Src/stm32f1xx_it.c.obj
                0x08003b82                PendSV_Handler
 .text.SysTick_Handler
                0x08003b84        0x8 CMakeFiles/4w.elf.dir/Src/stm32f1xx_it.c.obj
                0x08003b84                SysTick_Handler
 .text.TIM4_IRQHandler
                0x08003b8c       0x10 CMakeFiles/4w.elf.dir/Src/stm32f1xx_it.c.obj
                0x08003b8c                TIM4_IRQHandler
 .text._getpid  0x08003b9c        0x4 CMakeFiles/4w.elf.dir/Src/syscalls.c.obj
                0x08003b9c                _getpid
 .text._kill    0x08003ba0       0x10 CMakeFiles/4w.elf.dir/Src/syscalls.c.obj
                0x08003ba0                _kill
 .text._exit    0x08003bb0        0xc CMakeFiles/4w.elf.dir/Src/syscalls.c.obj
                0x08003bb0                _exit
 .text._read    0x08003bbc       0x20 CMakeFiles/4w.elf.dir/Src/syscalls.c.obj
                0x08003bbc                _read
 .text._write   0x08003bdc       0x1c CMakeFiles/4w.elf.dir/Src/syscalls.c.obj
                0x08003bdc                _write
 .text._close   0x08003bf8        0x6 CMakeFiles/4w.elf.dir/Src/syscalls.c.obj
                0x08003bf8                _close
 .text._fstat   0x08003bfe        0xa CMakeFiles/4w.elf.dir/Src/syscalls.c.obj
                0x08003bfe                _fstat
 .text._isatty  0x08003c08        0x4 CMakeFiles/4w.elf.dir/Src/syscalls.c.obj
                0x08003c08                _isatty
 .text._lseek   0x08003c0c        0x4 CMakeFiles/4w.elf.dir/Src/syscalls.c.obj
                0x08003c0c                _lseek
 .text._sbrk    0x08003c10       0x48 CMakeFiles/4w.elf.dir/Src/sysmem.c.obj
                0x08003c10                _sbrk
 .text.SystemInit
                0x08003c58        0x2 CMakeFiles/4w.elf.dir/Src/system_stm32f1xx.c.obj
                0x08003c58                SystemInit
 *fill*         0x08003c5a        0x2 
 .text.HAL_TIM_PeriodElapsedCallback
                0x08003c5c       0xf4 CMakeFiles/4w.elf.dir/Src/tim.c.obj
                0x08003c5c                HAL_TIM_PeriodElapsedCallback
 .text.MX_TIM4_Init
                0x08003d50       0x70 CMakeFiles/4w.elf.dir/Src/tim.c.obj
                0x08003d50                MX_TIM4_Init
 .text.HAL_TIM_Base_MspInit
                0x08003dc0       0x60 CMakeFiles/4w.elf.dir/Src/tim.c.obj
                0x08003dc0                HAL_TIM_Base_MspInit
 .text.HAL_TIM_MspPostInit
                0x08003e20       0x64 CMakeFiles/4w.elf.dir/Src/tim.c.obj
                0x08003e20                HAL_TIM_MspPostInit
 .text.MX_TIM2_Init
                0x08003e84       0xc0 CMakeFiles/4w.elf.dir/Src/tim.c.obj
                0x08003e84                MX_TIM2_Init
 .text.MX_USART1_UART_Init
                0x08003f44       0x34 CMakeFiles/4w.elf.dir/Src/usart.c.obj
                0x08003f44                MX_USART1_UART_Init
 .text.MX_USART2_UART_Init
                0x08003f78       0x34 CMakeFiles/4w.elf.dir/Src/usart.c.obj
                0x08003f78                MX_USART2_UART_Init
 .text.HAL_UART_MspInit
                0x08003fac       0xe8 CMakeFiles/4w.elf.dir/Src/usart.c.obj
                0x08003fac                HAL_UART_MspInit
 .text.Reset_Handler
                0x08004094       0x48 CMakeFiles/4w.elf.dir/Startup/startup_stm32f103c8tx.s.obj
                0x08004094                Reset_Handler
 .text.Default_Handler
                0x080040dc        0x2 CMakeFiles/4w.elf.dir/Startup/startup_stm32f103c8tx.s.obj
                0x080040dc                RTC_Alarm_IRQHandler
                0x080040dc                EXTI2_IRQHandler
                0x080040dc                TIM1_CC_IRQHandler
                0x080040dc                PVD_IRQHandler
                0x080040dc                EXTI3_IRQHandler
                0x080040dc                EXTI0_IRQHandler
                0x080040dc                I2C2_EV_IRQHandler
                0x080040dc                ADC1_2_IRQHandler
                0x080040dc                SPI1_IRQHandler
                0x080040dc                TAMPER_IRQHandler
                0x080040dc                DMA1_Channel4_IRQHandler
                0x080040dc                USART3_IRQHandler
                0x080040dc                RTC_IRQHandler
                0x080040dc                DMA1_Channel7_IRQHandler
                0x080040dc                CAN1_RX1_IRQHandler
                0x080040dc                I2C1_EV_IRQHandler
                0x080040dc                DMA1_Channel6_IRQHandler
                0x080040dc                TIM3_IRQHandler
                0x080040dc                RCC_IRQHandler
                0x080040dc                TIM1_TRG_COM_IRQHandler
                0x080040dc                DMA1_Channel1_IRQHandler
                0x080040dc                Default_Handler
                0x080040dc                EXTI15_10_IRQHandler
                0x080040dc                EXTI9_5_IRQHandler
                0x080040dc                SPI2_IRQHandler
                0x080040dc                DMA1_Channel5_IRQHandler
                0x080040dc                EXTI4_IRQHandler
                0x080040dc                USB_LP_CAN1_RX0_IRQHandler
                0x080040dc                USB_HP_CAN1_TX_IRQHandler
                0x080040dc                DMA1_Channel3_IRQHandler
                0x080040dc                TIM1_UP_IRQHandler
                0x080040dc                WWDG_IRQHandler
                0x080040dc                TIM2_IRQHandler
                0x080040dc                TIM1_BRK_IRQHandler
                0x080040dc                EXTI1_IRQHandler
                0x080040dc                USART2_IRQHandler
                0x080040dc                I2C2_ER_IRQHandler
                0x080040dc                DMA1_Channel2_IRQHandler
                0x080040dc                CAN1_SCE_IRQHandler
                0x080040dc                FLASH_IRQHandler
                0x080040dc                USART1_IRQHandler
                0x080040dc                I2C1_ER_IRQHandler
                0x080040dc                USBWakeUp_IRQHandler
 *fill*         0x080040de        0x2 
 .text.IIC_Start
                0x080040e0       0x34 CMakeFiles/4w.elf.dir/mpu6050/bsp_iic.c.obj
                0x080040e0                IIC_Start
 .text.IIC_Stop
                0x08004114       0x28 CMakeFiles/4w.elf.dir/mpu6050/bsp_iic.c.obj
                0x08004114                IIC_Stop
 .text.IIC_Send_Byte
                0x0800413c       0x5c CMakeFiles/4w.elf.dir/mpu6050/bsp_iic.c.obj
                0x0800413c                IIC_Send_Byte
 .text.IIC_Wait_Ack
                0x08004198       0x38 CMakeFiles/4w.elf.dir/mpu6050/bsp_iic.c.obj
                0x08004198                IIC_Wait_Ack
 .text.IIC_Ack  0x080041d0       0x34 CMakeFiles/4w.elf.dir/mpu6050/bsp_iic.c.obj
                0x080041d0                IIC_Ack
 .text.IIC_NAck
                0x08004204       0x28 CMakeFiles/4w.elf.dir/mpu6050/bsp_iic.c.obj
                0x08004204                IIC_NAck
 .text.IIC_Read_Byte
                0x0800422c       0x54 CMakeFiles/4w.elf.dir/mpu6050/bsp_iic.c.obj
                0x0800422c                IIC_Read_Byte
 .text.IIC_GPIO_Init
                0x08004280       0x50 CMakeFiles/4w.elf.dir/mpu6050/bsp_iic.c.obj
                0x08004280                IIC_GPIO_Init
 .text.get_accel_prod_shift
                0x080042d0       0xc4 CMakeFiles/4w.elf.dir/mpu6050/inv_mpu.c.obj
 .text.accel_self_test
                0x08004394       0xa8 CMakeFiles/4w.elf.dir/mpu6050/inv_mpu.c.obj
 .text.gyro_self_test
                0x0800443c      0x100 CMakeFiles/4w.elf.dir/mpu6050/inv_mpu.c.obj
 .text.set_int_enable
                0x0800453c       0x98 CMakeFiles/4w.elf.dir/mpu6050/inv_mpu.c.obj
 .text.get_st_biases
                0x080045d4      0x428 CMakeFiles/4w.elf.dir/mpu6050/inv_mpu.c.obj
 .text.mpu_reset_fifo
                0x080049fc      0x1f8 CMakeFiles/4w.elf.dir/mpu6050/inv_mpu.c.obj
                0x080049fc                mpu_reset_fifo
 .text.mpu_get_gyro_fsr
                0x08004bf4       0x3c CMakeFiles/4w.elf.dir/mpu6050/inv_mpu.c.obj
                0x08004bf4                mpu_get_gyro_fsr
 .text.mpu_set_gyro_fsr
                0x08004c30       0x98 CMakeFiles/4w.elf.dir/mpu6050/inv_mpu.c.obj
                0x08004c30                mpu_set_gyro_fsr
 .text.mpu_get_accel_fsr
                0x08004cc8       0x44 CMakeFiles/4w.elf.dir/mpu6050/inv_mpu.c.obj
                0x08004cc8                mpu_get_accel_fsr
 .text.mpu_set_accel_fsr
                0x08004d0c       0x94 CMakeFiles/4w.elf.dir/mpu6050/inv_mpu.c.obj
                0x08004d0c                mpu_set_accel_fsr
 .text.mpu_get_lpf
                0x08004da0       0x44 CMakeFiles/4w.elf.dir/mpu6050/inv_mpu.c.obj
                0x08004da0                mpu_get_lpf
 .text.mpu_set_lpf
                0x08004de4       0x94 CMakeFiles/4w.elf.dir/mpu6050/inv_mpu.c.obj
                0x08004de4                mpu_set_lpf
 .text.mpu_get_sample_rate
                0x08004e78       0x1c CMakeFiles/4w.elf.dir/mpu6050/inv_mpu.c.obj
                0x08004e78                mpu_get_sample_rate
 .text.mpu_get_gyro_sens
                0x08004e94       0x4c CMakeFiles/4w.elf.dir/mpu6050/inv_mpu.c.obj
                0x08004e94                mpu_get_gyro_sens
 .text.mpu_get_accel_sens
                0x08004ee0       0x4c CMakeFiles/4w.elf.dir/mpu6050/inv_mpu.c.obj
                0x08004ee0                mpu_get_accel_sens
 .text.mpu_get_fifo_config
                0x08004f2c       0x10 CMakeFiles/4w.elf.dir/mpu6050/inv_mpu.c.obj
                0x08004f2c                mpu_get_fifo_config
 .text.mpu_configure_fifo
                0x08004f3c       0x64 CMakeFiles/4w.elf.dir/mpu6050/inv_mpu.c.obj
                0x08004f3c                mpu_configure_fifo
 .text.mpu_read_fifo_stream
                0x08004fa0       0xc0 CMakeFiles/4w.elf.dir/mpu6050/inv_mpu.c.obj
                0x08004fa0                mpu_read_fifo_stream
 .text.mpu_set_bypass
                0x08005060      0x168 CMakeFiles/4w.elf.dir/mpu6050/inv_mpu.c.obj
                0x08005060                mpu_set_bypass
 .text.mpu_set_int_latched
                0x080051c8       0x74 CMakeFiles/4w.elf.dir/mpu6050/inv_mpu.c.obj
                0x080051c8                mpu_set_int_latched
 .text.mpu_lp_accel_mode
                0x0800523c       0xdc CMakeFiles/4w.elf.dir/mpu6050/inv_mpu.c.obj
                0x0800523c                mpu_lp_accel_mode
 .text.mpu_set_sample_rate
                0x08005318       0xa0 CMakeFiles/4w.elf.dir/mpu6050/inv_mpu.c.obj
                0x08005318                mpu_set_sample_rate
 .text.mpu_set_sensors
                0x080053b8       0xe4 CMakeFiles/4w.elf.dir/mpu6050/inv_mpu.c.obj
                0x080053b8                mpu_set_sensors
 .text.mpu_init
                0x0800549c      0x1b8 CMakeFiles/4w.elf.dir/mpu6050/inv_mpu.c.obj
                0x0800549c                mpu_init
 .text.mpu_write_mem
                0x08005654       0x74 CMakeFiles/4w.elf.dir/mpu6050/inv_mpu.c.obj
                0x08005654                mpu_write_mem
 .text.mpu_read_mem
                0x080056c8       0x74 CMakeFiles/4w.elf.dir/mpu6050/inv_mpu.c.obj
                0x080056c8                mpu_read_mem
 .text.mpu_load_firmware
                0x0800573c       0xb4 CMakeFiles/4w.elf.dir/mpu6050/inv_mpu.c.obj
                0x0800573c                mpu_load_firmware
 .text.mpu_set_dmp_state
                0x080057f0       0x94 CMakeFiles/4w.elf.dir/mpu6050/inv_mpu.c.obj
                0x080057f0                mpu_set_dmp_state
 .text.mpu_run_self_test
                0x08005884      0x104 CMakeFiles/4w.elf.dir/mpu6050/inv_mpu.c.obj
                0x08005884                mpu_run_self_test
 .text.run_self_test
                0x08005988       0x78 CMakeFiles/4w.elf.dir/mpu6050/inv_mpu.c.obj
                0x08005988                run_self_test
 .text.inv_row_2_scale
                0x08005a00       0x3a CMakeFiles/4w.elf.dir/mpu6050/inv_mpu.c.obj
                0x08005a00                inv_row_2_scale
 .text.inv_orientation_matrix_to_scalar
                0x08005a3a       0x24 CMakeFiles/4w.elf.dir/mpu6050/inv_mpu.c.obj
                0x08005a3a                inv_orientation_matrix_to_scalar
 .text.mget_ms  0x08005a5e        0x2 CMakeFiles/4w.elf.dir/mpu6050/inv_mpu.c.obj
                0x08005a5e                mget_ms
 .text.mpu_dmp_init
                0x08005a60       0x98 CMakeFiles/4w.elf.dir/mpu6050/inv_mpu.c.obj
                0x08005a60                mpu_dmp_init
 .text.mpu_dmp_get_data
                0x08005af8      0x1c8 CMakeFiles/4w.elf.dir/mpu6050/inv_mpu.c.obj
                0x08005af8                mpu_dmp_get_data
 .text.decode_gesture
                0x08005cc0       0x3c CMakeFiles/4w.elf.dir/mpu6050/inv_mpu_dmp_motion_driver.c.obj
 .text.dmp_load_motion_driver_firmware
                0x08005cfc       0x18 CMakeFiles/4w.elf.dir/mpu6050/inv_mpu_dmp_motion_driver.c.obj
                0x08005cfc                dmp_load_motion_driver_firmware
 .text.dmp_set_orientation
                0x08005d14      0x14c CMakeFiles/4w.elf.dir/mpu6050/inv_mpu_dmp_motion_driver.c.obj
                0x08005d14                dmp_set_orientation
 .text.dmp_set_gyro_bias
                0x08005e60      0x110 CMakeFiles/4w.elf.dir/mpu6050/inv_mpu_dmp_motion_driver.c.obj
                0x08005e60                dmp_set_gyro_bias
 .text.dmp_set_accel_bias
                0x08005f70       0xf4 CMakeFiles/4w.elf.dir/mpu6050/inv_mpu_dmp_motion_driver.c.obj
                0x08005f70                dmp_set_accel_bias
 .text.dmp_set_fifo_rate
                0x08006064       0x68 CMakeFiles/4w.elf.dir/mpu6050/inv_mpu_dmp_motion_driver.c.obj
                0x08006064                dmp_set_fifo_rate
 .text.dmp_set_tap_thresh
                0x080060cc      0x1a0 CMakeFiles/4w.elf.dir/mpu6050/inv_mpu_dmp_motion_driver.c.obj
                0x080060cc                dmp_set_tap_thresh
 .text.dmp_set_tap_axes
                0x0800626c       0x4e CMakeFiles/4w.elf.dir/mpu6050/inv_mpu_dmp_motion_driver.c.obj
                0x0800626c                dmp_set_tap_axes
 .text.dmp_set_tap_count
                0x080062ba       0x2c CMakeFiles/4w.elf.dir/mpu6050/inv_mpu_dmp_motion_driver.c.obj
                0x080062ba                dmp_set_tap_count
 *fill*         0x080062e6        0x2 
 .text.dmp_set_tap_time
                0x080062e8       0x30 CMakeFiles/4w.elf.dir/mpu6050/inv_mpu_dmp_motion_driver.c.obj
                0x080062e8                dmp_set_tap_time
 .text.dmp_set_tap_time_multi
                0x08006318       0x30 CMakeFiles/4w.elf.dir/mpu6050/inv_mpu_dmp_motion_driver.c.obj
                0x08006318                dmp_set_tap_time_multi
 .text.dmp_set_shake_reject_thresh
                0x08006348       0x44 CMakeFiles/4w.elf.dir/mpu6050/inv_mpu_dmp_motion_driver.c.obj
                0x08006348                dmp_set_shake_reject_thresh
 .text.dmp_set_shake_reject_time
                0x0800638c       0x2c CMakeFiles/4w.elf.dir/mpu6050/inv_mpu_dmp_motion_driver.c.obj
                0x0800638c                dmp_set_shake_reject_time
 .text.dmp_set_shake_reject_timeout
                0x080063b8       0x2c CMakeFiles/4w.elf.dir/mpu6050/inv_mpu_dmp_motion_driver.c.obj
                0x080063b8                dmp_set_shake_reject_timeout
 .text.dmp_enable_gyro_cal
                0x080063e4       0x44 CMakeFiles/4w.elf.dir/mpu6050/inv_mpu_dmp_motion_driver.c.obj
                0x080063e4                dmp_enable_gyro_cal
 .text.dmp_enable_lp_quat
                0x08006428       0x3c CMakeFiles/4w.elf.dir/mpu6050/inv_mpu_dmp_motion_driver.c.obj
                0x08006428                dmp_enable_lp_quat
 .text.dmp_enable_6x_lp_quat
                0x08006464       0x3c CMakeFiles/4w.elf.dir/mpu6050/inv_mpu_dmp_motion_driver.c.obj
                0x08006464                dmp_enable_6x_lp_quat
 .text.dmp_enable_feature
                0x080064a0      0x218 CMakeFiles/4w.elf.dir/mpu6050/inv_mpu_dmp_motion_driver.c.obj
                0x080064a0                dmp_enable_feature
 .text.dmp_read_fifo
                0x080066b8      0x1f4 CMakeFiles/4w.elf.dir/mpu6050/inv_mpu_dmp_motion_driver.c.obj
                0x080066b8                dmp_read_fifo
 .text.MPU_Write_Len
                0x080068ac       0x62 CMakeFiles/4w.elf.dir/mpu6050/mpu6050.c.obj
                0x080068ac                MPU_Write_Len
 .text.MPU_Read_Len
                0x0800690e       0x6c CMakeFiles/4w.elf.dir/mpu6050/mpu6050.c.obj
                0x0800690e                MPU_Read_Len
 .text.MPU_Write_Byte
                0x0800697a       0x46 CMakeFiles/4w.elf.dir/mpu6050/mpu6050.c.obj
                0x0800697a                MPU_Write_Byte
 .text.MPU_Set_Gyro_Fsr
                0x080069c0       0x10 CMakeFiles/4w.elf.dir/mpu6050/mpu6050.c.obj
                0x080069c0                MPU_Set_Gyro_Fsr
 .text.MPU_Set_Accel_Fsr
                0x080069d0       0x10 CMakeFiles/4w.elf.dir/mpu6050/mpu6050.c.obj
                0x080069d0                MPU_Set_Accel_Fsr
 .text.MPU_Set_LPF
                0x080069e0       0x34 CMakeFiles/4w.elf.dir/mpu6050/mpu6050.c.obj
                0x080069e0                MPU_Set_LPF
 .text.MPU_Set_Rate
                0x08006a14       0x32 CMakeFiles/4w.elf.dir/mpu6050/mpu6050.c.obj
                0x08006a14                MPU_Set_Rate
 .text.MPU_Read_Byte
                0x08006a46       0x3a CMakeFiles/4w.elf.dir/mpu6050/mpu6050.c.obj
                0x08006a46                MPU_Read_Byte
 .text.MPU_Init
                0x08006a80       0x76 CMakeFiles/4w.elf.dir/mpu6050/mpu6050.c.obj
                0x08006a80                MPU_Init
 *fill*         0x08006af6        0x2 
 .text.IICStart
                0x08006af8       0x3c CMakeFiles/4w.elf.dir/oled_sim/oled.c.obj
                0x08006af8                IICStart
 .text.IICStop  0x08006b34       0x30 CMakeFiles/4w.elf.dir/oled_sim/oled.c.obj
                0x08006b34                IICStop
 .text.IIC_WaitAck
                0x08006b64       0x24 CMakeFiles/4w.elf.dir/oled_sim/oled.c.obj
                0x08006b64                IIC_WaitAck
 .text.Write_IIC_Byte
                0x08006b88       0x60 CMakeFiles/4w.elf.dir/oled_sim/oled.c.obj
                0x08006b88                Write_IIC_Byte
 .text.Write_IIC_Command
                0x08006be8       0x2c CMakeFiles/4w.elf.dir/oled_sim/oled.c.obj
                0x08006be8                Write_IIC_Command
 .text.Write_IIC_Data
                0x08006c14       0x2c CMakeFiles/4w.elf.dir/oled_sim/oled.c.obj
                0x08006c14                Write_IIC_Data
 .text.OLED_WR_Byte
                0x08006c40       0x14 CMakeFiles/4w.elf.dir/oled_sim/oled.c.obj
                0x08006c40                OLED_WR_Byte
 .text.OLED_DisplayTurn
                0x08006c54       0x30 CMakeFiles/4w.elf.dir/oled_sim/oled.c.obj
                0x08006c54                OLED_DisplayTurn
 .text.OLED_Set_Pos
                0x08006c84       0x26 CMakeFiles/4w.elf.dir/oled_sim/oled.c.obj
                0x08006c84                OLED_Set_Pos
 .text.OLED_Clear
                0x08006caa       0x40 CMakeFiles/4w.elf.dir/oled_sim/oled.c.obj
                0x08006caa                OLED_Clear
 *fill*         0x08006cea        0x2 
 .text.OLED_ShowChar
                0x08006cec       0x98 CMakeFiles/4w.elf.dir/oled_sim/oled.c.obj
                0x08006cec                OLED_ShowChar
 .text.OLED_ShowString
                0x08006d84       0x36 CMakeFiles/4w.elf.dir/oled_sim/oled.c.obj
                0x08006d84                OLED_ShowString
 .text.OLED_Init
                0x08006dba       0xe2 CMakeFiles/4w.elf.dir/oled_sim/oled.c.obj
                0x08006dba                OLED_Init
 .text.__errno  0x08006e9c        0xc d:/clion/tools/gcc-arm-none-eabi-10.3-2021.10-win32/gcc-arm-none-eabi-10.3-2021.10/bin/../lib/gcc/arm-none-eabi/10.3.1/../../../../arm-none-eabi/lib/thumb/v7-m/nofp\libg.a(lib_a-errno.o)
                0x08006e9c                __errno
 .text.__libc_init_array
                0x08006ea8       0x48 d:/clion/tools/gcc-arm-none-eabi-10.3-2021.10-win32/gcc-arm-none-eabi-10.3-2021.10/bin/../lib/gcc/arm-none-eabi/10.3.1/../../../../arm-none-eabi/lib/thumb/v7-m/nofp\libg.a(lib_a-init.o)
                0x08006ea8                __libc_init_array
 .text.memcmp   0x08006ef0       0x68 d:/clion/tools/gcc-arm-none-eabi-10.3-2021.10-win32/gcc-arm-none-eabi-10.3-2021.10/bin/../lib/gcc/arm-none-eabi/10.3.1/../../../../arm-none-eabi/lib/thumb/v7-m/nofp\libg.a(lib_a-memcmp.o)
                0x08006ef0                memcmp
 .text.memset   0x08006f58       0xa4 d:/clion/tools/gcc-arm-none-eabi-10.3-2021.10-win32/gcc-arm-none-eabi-10.3-2021.10/bin/../lib/gcc/arm-none-eabi/10.3.1/../../../../arm-none-eabi/lib/thumb/v7-m/nofp\libg.a(lib_a-memset.o)
                0x08006f58                memset
 .text.printf   0x08006ffc       0x28 d:/clion/tools/gcc-arm-none-eabi-10.3-2021.10-win32/gcc-arm-none-eabi-10.3-2021.10/bin/../lib/gcc/arm-none-eabi/10.3.1/../../../../arm-none-eabi/lib/thumb/v7-m/nofp\libg.a(lib_a-printf.o)
                0x08006ffc                printf
 .text._puts_r  0x08007024       0x9c d:/clion/tools/gcc-arm-none-eabi-10.3-2021.10-win32/gcc-arm-none-eabi-10.3-2021.10/bin/../lib/gcc/arm-none-eabi/10.3.1/../../../../arm-none-eabi/lib/thumb/v7-m/nofp\libg.a(lib_a-puts.o)
                0x08007024                _puts_r
 .text.puts     0x080070c0       0x10 d:/clion/tools/gcc-arm-none-eabi-10.3-2021.10-win32/gcc-arm-none-eabi-10.3-2021.10/bin/../lib/gcc/arm-none-eabi/10.3.1/../../../../arm-none-eabi/lib/thumb/v7-m/nofp\libg.a(lib_a-puts.o)
                0x080070c0                puts
 .text.sprintf  0x080070d0       0x44 d:/clion/tools/gcc-arm-none-eabi-10.3-2021.10-win32/gcc-arm-none-eabi-10.3-2021.10/bin/../lib/gcc/arm-none-eabi/10.3.1/../../../../arm-none-eabi/lib/thumb/v7-m/nofp\libg.a(lib_a-sprintf.o)
                0x080070d0                sprintf
 .text.strlen   0x08007114       0x5c d:/clion/tools/gcc-arm-none-eabi-10.3-2021.10-win32/gcc-arm-none-eabi-10.3-2021.10/bin/../lib/gcc/arm-none-eabi/10.3.1/../../../../arm-none-eabi/lib/thumb/v7-m/nofp\libg.a(lib_a-strlen-stub.o)
                0x08007114                strlen
 .text._svfprintf_r
                0x08007170     0x1aa4 d:/clion/tools/gcc-arm-none-eabi-10.3-2021.10-win32/gcc-arm-none-eabi-10.3-2021.10/bin/../lib/gcc/arm-none-eabi/10.3.1/../../../../arm-none-eabi/lib/thumb/v7-m/nofp\libg.a(lib_a-svfprintf.o)
                0x08007170                _svfprintf_r
 .text._vfprintf_r
                0x08008c14     0x1b58 d:/clion/tools/gcc-arm-none-eabi-10.3-2021.10-win32/gcc-arm-none-eabi-10.3-2021.10/bin/../lib/gcc/arm-none-eabi/10.3.1/../../../../arm-none-eabi/lib/thumb/v7-m/nofp\libg.a(lib_a-vfprintf.o)
                0x08008c14                _vfprintf_r
 .text.__sbprintf
                0x0800a76c       0x84 d:/clion/tools/gcc-arm-none-eabi-10.3-2021.10-win32/gcc-arm-none-eabi-10.3-2021.10/bin/../lib/gcc/arm-none-eabi/10.3.1/../../../../arm-none-eabi/lib/thumb/v7-m/nofp\libg.a(lib_a-vfprintf.o)
 .text.__swsetup_r
                0x0800a7f0       0xd4 d:/clion/tools/gcc-arm-none-eabi-10.3-2021.10-win32/gcc-arm-none-eabi-10.3-2021.10/bin/../lib/gcc/arm-none-eabi/10.3.1/../../../../arm-none-eabi/lib/thumb/v7-m/nofp\libg.a(lib_a-wsetup.o)
                0x0800a7f0                __swsetup_r
 .text.startup.register_fini
                0x0800a8c4       0x14 d:/clion/tools/gcc-arm-none-eabi-10.3-2021.10-win32/gcc-arm-none-eabi-10.3-2021.10/bin/../lib/gcc/arm-none-eabi/10.3.1/../../../../arm-none-eabi/lib/thumb/v7-m/nofp\libg.a(lib_a-__call_atexit.o)
 .text.atexit   0x0800a8d8        0xc d:/clion/tools/gcc-arm-none-eabi-10.3-2021.10-win32/gcc-arm-none-eabi-10.3-2021.10/bin/../lib/gcc/arm-none-eabi/10.3.1/../../../../arm-none-eabi/lib/thumb/v7-m/nofp\libg.a(lib_a-atexit.o)
                0x0800a8d8                atexit
 .text.quorem   0x0800a8e4      0x12c d:/clion/tools/gcc-arm-none-eabi-10.3-2021.10-win32/gcc-arm-none-eabi-10.3-2021.10/bin/../lib/gcc/arm-none-eabi/10.3.1/../../../../arm-none-eabi/lib/thumb/v7-m/nofp\libg.a(lib_a-dtoa.o)
 .text._dtoa_r  0x0800aa10      0xecc d:/clion/tools/gcc-arm-none-eabi-10.3-2021.10-win32/gcc-arm-none-eabi-10.3-2021.10/bin/../lib/gcc/arm-none-eabi/10.3.1/../../../../arm-none-eabi/lib/thumb/v7-m/nofp\libg.a(lib_a-dtoa.o)
                0x0800aa10                _dtoa_r
 .text.__sflush_r
                0x0800b8dc      0x124 d:/clion/tools/gcc-arm-none-eabi-10.3-2021.10-win32/gcc-arm-none-eabi-10.3-2021.10/bin/../lib/gcc/arm-none-eabi/10.3.1/../../../../arm-none-eabi/lib/thumb/v7-m/nofp\libg.a(lib_a-fflush.o)
                0x0800b8dc                __sflush_r
 .text._fflush_r
                0x0800ba00       0x5c d:/clion/tools/gcc-arm-none-eabi-10.3-2021.10-win32/gcc-arm-none-eabi-10.3-2021.10/bin/../lib/gcc/arm-none-eabi/10.3.1/../../../../arm-none-eabi/lib/thumb/v7-m/nofp\libg.a(lib_a-fflush.o)
                0x0800ba00                _fflush_r
 .text._cleanup_r
                0x0800ba5c        0xc d:/clion/tools/gcc-arm-none-eabi-10.3-2021.10-win32/gcc-arm-none-eabi-10.3-2021.10/bin/../lib/gcc/arm-none-eabi/10.3.1/../../../../arm-none-eabi/lib/thumb/v7-m/nofp\libg.a(lib_a-findfp.o)
                0x0800ba5c                _cleanup_r
 .text.__sinit  0x0800ba68      0x10c d:/clion/tools/gcc-arm-none-eabi-10.3-2021.10-win32/gcc-arm-none-eabi-10.3-2021.10/bin/../lib/gcc/arm-none-eabi/10.3.1/../../../../arm-none-eabi/lib/thumb/v7-m/nofp\libg.a(lib_a-findfp.o)
                0x0800ba68                __sinit
 .text.__sfp_lock_acquire
                0x0800bb74        0xc d:/clion/tools/gcc-arm-none-eabi-10.3-2021.10-win32/gcc-arm-none-eabi-10.3-2021.10/bin/../lib/gcc/arm-none-eabi/10.3.1/../../../../arm-none-eabi/lib/thumb/v7-m/nofp\libg.a(lib_a-findfp.o)
                0x0800bb74                __sfp_lock_acquire
 .text.__sfp_lock_release
                0x0800bb80        0xc d:/clion/tools/gcc-arm-none-eabi-10.3-2021.10-win32/gcc-arm-none-eabi-10.3-2021.10/bin/../lib/gcc/arm-none-eabi/10.3.1/../../../../arm-none-eabi/lib/thumb/v7-m/nofp\libg.a(lib_a-findfp.o)
                0x0800bb80                __sfp_lock_release
 .text.__libc_fini_array
                0x0800bb8c       0x2c d:/clion/tools/gcc-arm-none-eabi-10.3-2021.10-win32/gcc-arm-none-eabi-10.3-2021.10/bin/../lib/gcc/arm-none-eabi/10.3.1/../../../../arm-none-eabi/lib/thumb/v7-m/nofp\libg.a(lib_a-fini.o)
                0x0800bb8c                __libc_fini_array
 .text._malloc_trim_r
                0x0800bbb8       0xa0 d:/clion/tools/gcc-arm-none-eabi-10.3-2021.10-win32/gcc-arm-none-eabi-10.3-2021.10/bin/../lib/gcc/arm-none-eabi/10.3.1/../../../../arm-none-eabi/lib/thumb/v7-m/nofp\libg.a(lib_a-freer.o)
                0x0800bbb8                _malloc_trim_r
 .text._free_r  0x0800bc58      0x200 d:/clion/tools/gcc-arm-none-eabi-10.3-2021.10-win32/gcc-arm-none-eabi-10.3-2021.10/bin/../lib/gcc/arm-none-eabi/10.3.1/../../../../arm-none-eabi/lib/thumb/v7-m/nofp\libg.a(lib_a-freer.o)
                0x0800bc58                _free_r
 .text.__sfvwrite_r
                0x0800be58      0x2f0 d:/clion/tools/gcc-arm-none-eabi-10.3-2021.10-win32/gcc-arm-none-eabi-10.3-2021.10/bin/../lib/gcc/arm-none-eabi/10.3.1/../../../../arm-none-eabi/lib/thumb/v7-m/nofp\libg.a(lib_a-fvwrite.o)
                0x0800be58                __sfvwrite_r
 .text._fwalk_reent
                0x0800c148       0x48 d:/clion/tools/gcc-arm-none-eabi-10.3-2021.10-win32/gcc-arm-none-eabi-10.3-2021.10/bin/../lib/gcc/arm-none-eabi/10.3.1/../../../../arm-none-eabi/lib/thumb/v7-m/nofp\libg.a(lib_a-fwalk.o)
                0x0800c148                _fwalk_reent
 .text._localeconv_r
                0x0800c190        0x8 d:/clion/tools/gcc-arm-none-eabi-10.3-2021.10-win32/gcc-arm-none-eabi-10.3-2021.10/bin/../lib/gcc/arm-none-eabi/10.3.1/../../../../arm-none-eabi/lib/thumb/v7-m/nofp\libg.a(lib_a-localeconv.o)
                0x0800c190                _localeconv_r
 .text.__retarget_lock_init_recursive
                0x0800c198        0x4 d:/clion/tools/gcc-arm-none-eabi-10.3-2021.10-win32/gcc-arm-none-eabi-10.3-2021.10/bin/../lib/gcc/arm-none-eabi/10.3.1/../../../../arm-none-eabi/lib/thumb/v7-m/nofp\libg.a(lib_a-lock.o)
                0x0800c198                __retarget_lock_init_recursive
 .text.__retarget_lock_close_recursive
                0x0800c19c        0x4 d:/clion/tools/gcc-arm-none-eabi-10.3-2021.10-win32/gcc-arm-none-eabi-10.3-2021.10/bin/../lib/gcc/arm-none-eabi/10.3.1/../../../../arm-none-eabi/lib/thumb/v7-m/nofp\libg.a(lib_a-lock.o)
                0x0800c19c                __retarget_lock_close_recursive
 .text.__retarget_lock_acquire_recursive
                0x0800c1a0        0x4 d:/clion/tools/gcc-arm-none-eabi-10.3-2021.10-win32/gcc-arm-none-eabi-10.3-2021.10/bin/../lib/gcc/arm-none-eabi/10.3.1/../../../../arm-none-eabi/lib/thumb/v7-m/nofp\libg.a(lib_a-lock.o)
                0x0800c1a0                __retarget_lock_acquire_recursive
 .text.__retarget_lock_release_recursive
                0x0800c1a4        0x4 d:/clion/tools/gcc-arm-none-eabi-10.3-2021.10-win32/gcc-arm-none-eabi-10.3-2021.10/bin/../lib/gcc/arm-none-eabi/10.3.1/../../../../arm-none-eabi/lib/thumb/v7-m/nofp\libg.a(lib_a-lock.o)
                0x0800c1a4                __retarget_lock_release_recursive
 .text.__smakebuf_r
                0x0800c1a8       0xe0 d:/clion/tools/gcc-arm-none-eabi-10.3-2021.10-win32/gcc-arm-none-eabi-10.3-2021.10/bin/../lib/gcc/arm-none-eabi/10.3.1/../../../../arm-none-eabi/lib/thumb/v7-m/nofp\libg.a(lib_a-makebuf.o)
                0x0800c1a8                __smakebuf_r
 .text._malloc_r
                0x0800c288      0x558 d:/clion/tools/gcc-arm-none-eabi-10.3-2021.10-win32/gcc-arm-none-eabi-10.3-2021.10/bin/../lib/gcc/arm-none-eabi/10.3.1/../../../../arm-none-eabi/lib/thumb/v7-m/nofp\libg.a(lib_a-mallocr.o)
                0x0800c288                _malloc_r
 .text.memchr   0x0800c7e0       0x90 d:/clion/tools/gcc-arm-none-eabi-10.3-2021.10-win32/gcc-arm-none-eabi-10.3-2021.10/bin/../lib/gcc/arm-none-eabi/10.3.1/../../../../arm-none-eabi/lib/thumb/v7-m/nofp\libg.a(lib_a-memchr-stub.o)
                0x0800c7e0                memchr
 .text.memmove  0x0800c870       0xf8 d:/clion/tools/gcc-arm-none-eabi-10.3-2021.10-win32/gcc-arm-none-eabi-10.3-2021.10/bin/../lib/gcc/arm-none-eabi/10.3.1/../../../../arm-none-eabi/lib/thumb/v7-m/nofp\libg.a(lib_a-memmove.o)
                0x0800c870                memmove
 .text.__malloc_lock
                0x0800c968        0xc d:/clion/tools/gcc-arm-none-eabi-10.3-2021.10-win32/gcc-arm-none-eabi-10.3-2021.10/bin/../lib/gcc/arm-none-eabi/10.3.1/../../../../arm-none-eabi/lib/thumb/v7-m/nofp\libg.a(lib_a-mlock.o)
                0x0800c968                __malloc_lock
 .text.__malloc_unlock
                0x0800c974        0xc d:/clion/tools/gcc-arm-none-eabi-10.3-2021.10-win32/gcc-arm-none-eabi-10.3-2021.10/bin/../lib/gcc/arm-none-eabi/10.3.1/../../../../arm-none-eabi/lib/thumb/v7-m/nofp\libg.a(lib_a-mlock.o)
                0x0800c974                __malloc_unlock
 .text._Balloc  0x0800c980       0x4c d:/clion/tools/gcc-arm-none-eabi-10.3-2021.10-win32/gcc-arm-none-eabi-10.3-2021.10/bin/../lib/gcc/arm-none-eabi/10.3.1/../../../../arm-none-eabi/lib/thumb/v7-m/nofp\libg.a(lib_a-mprec.o)
                0x0800c980                _Balloc
 .text._Bfree   0x0800c9cc       0x14 d:/clion/tools/gcc-arm-none-eabi-10.3-2021.10-win32/gcc-arm-none-eabi-10.3-2021.10/bin/../lib/gcc/arm-none-eabi/10.3.1/../../../../arm-none-eabi/lib/thumb/v7-m/nofp\libg.a(lib_a-mprec.o)
                0x0800c9cc                _Bfree
 .text.__multadd
                0x0800c9e0       0xa4 d:/clion/tools/gcc-arm-none-eabi-10.3-2021.10-win32/gcc-arm-none-eabi-10.3-2021.10/bin/../lib/gcc/arm-none-eabi/10.3.1/../../../../arm-none-eabi/lib/thumb/v7-m/nofp\libg.a(lib_a-mprec.o)
                0x0800c9e0                __multadd
 .text.__hi0bits
                0x0800ca84       0x40 d:/clion/tools/gcc-arm-none-eabi-10.3-2021.10-win32/gcc-arm-none-eabi-10.3-2021.10/bin/../lib/gcc/arm-none-eabi/10.3.1/../../../../arm-none-eabi/lib/thumb/v7-m/nofp\libg.a(lib_a-mprec.o)
                0x0800ca84                __hi0bits
 .text.__lo0bits
                0x0800cac4       0x58 d:/clion/tools/gcc-arm-none-eabi-10.3-2021.10-win32/gcc-arm-none-eabi-10.3-2021.10/bin/../lib/gcc/arm-none-eabi/10.3.1/../../../../arm-none-eabi/lib/thumb/v7-m/nofp\libg.a(lib_a-mprec.o)
                0x0800cac4                __lo0bits
 .text.__i2b    0x0800cb1c       0x5c d:/clion/tools/gcc-arm-none-eabi-10.3-2021.10-win32/gcc-arm-none-eabi-10.3-2021.10/bin/../lib/gcc/arm-none-eabi/10.3.1/../../../../arm-none-eabi/lib/thumb/v7-m/nofp\libg.a(lib_a-mprec.o)
                0x0800cb1c                __i2b
 .text.__multiply
                0x0800cb78      0x15c d:/clion/tools/gcc-arm-none-eabi-10.3-2021.10-win32/gcc-arm-none-eabi-10.3-2021.10/bin/../lib/gcc/arm-none-eabi/10.3.1/../../../../arm-none-eabi/lib/thumb/v7-m/nofp\libg.a(lib_a-mprec.o)
                0x0800cb78                __multiply
 .text.__pow5mult
                0x0800ccd4       0xb8 d:/clion/tools/gcc-arm-none-eabi-10.3-2021.10-win32/gcc-arm-none-eabi-10.3-2021.10/bin/../lib/gcc/arm-none-eabi/10.3.1/../../../../arm-none-eabi/lib/thumb/v7-m/nofp\libg.a(lib_a-mprec.o)
                0x0800ccd4                __pow5mult
 .text.__lshift
                0x0800cd8c       0xec d:/clion/tools/gcc-arm-none-eabi-10.3-2021.10-win32/gcc-arm-none-eabi-10.3-2021.10/bin/../lib/gcc/arm-none-eabi/10.3.1/../../../../arm-none-eabi/lib/thumb/v7-m/nofp\libg.a(lib_a-mprec.o)
                0x0800cd8c                __lshift
 .text.__mcmp   0x0800ce78       0x40 d:/clion/tools/gcc-arm-none-eabi-10.3-2021.10-win32/gcc-arm-none-eabi-10.3-2021.10/bin/../lib/gcc/arm-none-eabi/10.3.1/../../../../arm-none-eabi/lib/thumb/v7-m/nofp\libg.a(lib_a-mprec.o)
                0x0800ce78                __mcmp
 .text.__mdiff  0x0800ceb8      0x14c d:/clion/tools/gcc-arm-none-eabi-10.3-2021.10-win32/gcc-arm-none-eabi-10.3-2021.10/bin/../lib/gcc/arm-none-eabi/10.3.1/../../../../arm-none-eabi/lib/thumb/v7-m/nofp\libg.a(lib_a-mprec.o)
                0x0800ceb8                __mdiff
 .text.__d2b    0x0800d004       0xc4 d:/clion/tools/gcc-arm-none-eabi-10.3-2021.10-win32/gcc-arm-none-eabi-10.3-2021.10/bin/../lib/gcc/arm-none-eabi/10.3.1/../../../../arm-none-eabi/lib/thumb/v7-m/nofp\libg.a(lib_a-mprec.o)
                0x0800d004                __d2b
 .text._realloc_r
                0x0800d0c8      0x3dc d:/clion/tools/gcc-arm-none-eabi-10.3-2021.10-win32/gcc-arm-none-eabi-10.3-2021.10/bin/../lib/gcc/arm-none-eabi/10.3.1/../../../../arm-none-eabi/lib/thumb/v7-m/nofp\libg.a(lib_a-reallocr.o)
                0x0800d0c8                _realloc_r
 .text.frexp    0x0800d4a4       0x70 d:/clion/tools/gcc-arm-none-eabi-10.3-2021.10-win32/gcc-arm-none-eabi-10.3-2021.10/bin/../lib/gcc/arm-none-eabi/10.3.1/../../../../arm-none-eabi/lib/thumb/v7-m/nofp\libg.a(lib_a-s_frexp.o)
                0x0800d4a4                frexp
 .text._sbrk_r  0x0800d514       0x24 d:/clion/tools/gcc-arm-none-eabi-10.3-2021.10-win32/gcc-arm-none-eabi-10.3-2021.10/bin/../lib/gcc/arm-none-eabi/10.3.1/../../../../arm-none-eabi/lib/thumb/v7-m/nofp\libg.a(lib_a-sbrkr.o)
                0x0800d514                _sbrk_r
 .text.__sread  0x0800d538       0x24 d:/clion/tools/gcc-arm-none-eabi-10.3-2021.10-win32/gcc-arm-none-eabi-10.3-2021.10/bin/../lib/gcc/arm-none-eabi/10.3.1/../../../../arm-none-eabi/lib/thumb/v7-m/nofp\libg.a(lib_a-stdio.o)
                0x0800d538                __sread
 .text.__swrite
                0x0800d55c       0x40 d:/clion/tools/gcc-arm-none-eabi-10.3-2021.10-win32/gcc-arm-none-eabi-10.3-2021.10/bin/../lib/gcc/arm-none-eabi/10.3.1/../../../../arm-none-eabi/lib/thumb/v7-m/nofp\libg.a(lib_a-stdio.o)
                0x0800d55c                __swrite
 .text.__sseek  0x0800d59c       0x20 d:/clion/tools/gcc-arm-none-eabi-10.3-2021.10-win32/gcc-arm-none-eabi-10.3-2021.10/bin/../lib/gcc/arm-none-eabi/10.3.1/../../../../arm-none-eabi/lib/thumb/v7-m/nofp\libg.a(lib_a-stdio.o)
                0x0800d59c                __sseek
 .text.__sclose
                0x0800d5bc        0x8 d:/clion/tools/gcc-arm-none-eabi-10.3-2021.10-win32/gcc-arm-none-eabi-10.3-2021.10/bin/../lib/gcc/arm-none-eabi/10.3.1/../../../../arm-none-eabi/lib/thumb/v7-m/nofp\libg.a(lib_a-stdio.o)
                0x0800d5bc                __sclose
 .text.strncpy  0x0800d5c4       0x68 d:/clion/tools/gcc-arm-none-eabi-10.3-2021.10-win32/gcc-arm-none-eabi-10.3-2021.10/bin/../lib/gcc/arm-none-eabi/10.3.1/../../../../arm-none-eabi/lib/thumb/v7-m/nofp\libg.a(lib_a-strncpy.o)
                0x0800d5c4                strncpy
 .text.__ssprint_r
                0x0800d62c       0xfc d:/clion/tools/gcc-arm-none-eabi-10.3-2021.10-win32/gcc-arm-none-eabi-10.3-2021.10/bin/../lib/gcc/arm-none-eabi/10.3.1/../../../../arm-none-eabi/lib/thumb/v7-m/nofp\libg.a(lib_a-svfiprintf.o)
                0x0800d62c                __ssprint_r
 .text.__sprint_r.part.0
                0x0800d728       0x78 d:/clion/tools/gcc-arm-none-eabi-10.3-2021.10-win32/gcc-arm-none-eabi-10.3-2021.10/bin/../lib/gcc/arm-none-eabi/10.3.1/../../../../arm-none-eabi/lib/thumb/v7-m/nofp\libg.a(lib_a-vfiprintf.o)
 .text.__sprint_r
                0x0800d7a0       0x14 d:/clion/tools/gcc-arm-none-eabi-10.3-2021.10-win32/gcc-arm-none-eabi-10.3-2021.10/bin/../lib/gcc/arm-none-eabi/10.3.1/../../../../arm-none-eabi/lib/thumb/v7-m/nofp\libg.a(lib_a-vfiprintf.o)
                0x0800d7a0                __sprint_r
 .text._vfiprintf_r
                0x0800d7b4      0xd98 d:/clion/tools/gcc-arm-none-eabi-10.3-2021.10-win32/gcc-arm-none-eabi-10.3-2021.10/bin/../lib/gcc/arm-none-eabi/10.3.1/../../../../arm-none-eabi/lib/thumb/v7-m/nofp\libg.a(lib_a-vfiprintf.o)
                0x0800d7b4                _vfiprintf_r
 .text.__sbprintf
                0x0800e54c       0x84 d:/clion/tools/gcc-arm-none-eabi-10.3-2021.10-win32/gcc-arm-none-eabi-10.3-2021.10/bin/../lib/gcc/arm-none-eabi/10.3.1/../../../../arm-none-eabi/lib/thumb/v7-m/nofp\libg.a(lib_a-vfiprintf.o)
 .text._write_r
                0x0800e5d0       0x2c d:/clion/tools/gcc-arm-none-eabi-10.3-2021.10-win32/gcc-arm-none-eabi-10.3-2021.10/bin/../lib/gcc/arm-none-eabi/10.3.1/../../../../arm-none-eabi/lib/thumb/v7-m/nofp\libg.a(lib_a-writer.o)
                0x0800e5d0                _write_r
 .text.__register_exitproc
                0x0800e5fc       0x8c d:/clion/tools/gcc-arm-none-eabi-10.3-2021.10-win32/gcc-arm-none-eabi-10.3-2021.10/bin/../lib/gcc/arm-none-eabi/10.3.1/../../../../arm-none-eabi/lib/thumb/v7-m/nofp\libg.a(lib_a-__atexit.o)
                0x0800e5fc                __register_exitproc
 .text.__assert_func
                0x0800e688       0x40 d:/clion/tools/gcc-arm-none-eabi-10.3-2021.10-win32/gcc-arm-none-eabi-10.3-2021.10/bin/../lib/gcc/arm-none-eabi/10.3.1/../../../../arm-none-eabi/lib/thumb/v7-m/nofp\libg.a(lib_a-assert.o)
                0x0800e688                __assert_func
 .text._calloc_r
                0x0800e6c8       0x78 d:/clion/tools/gcc-arm-none-eabi-10.3-2021.10-win32/gcc-arm-none-eabi-10.3-2021.10/bin/../lib/gcc/arm-none-eabi/10.3.1/../../../../arm-none-eabi/lib/thumb/v7-m/nofp\libg.a(lib_a-callocr.o)
                0x0800e6c8                _calloc_r
 .text._close_r
                0x0800e740       0x24 d:/clion/tools/gcc-arm-none-eabi-10.3-2021.10-win32/gcc-arm-none-eabi-10.3-2021.10/bin/../lib/gcc/arm-none-eabi/10.3.1/../../../../arm-none-eabi/lib/thumb/v7-m/nofp\libg.a(lib_a-closer.o)
                0x0800e740                _close_r
 .text._fclose_r
                0x0800e764       0xcc d:/clion/tools/gcc-arm-none-eabi-10.3-2021.10-win32/gcc-arm-none-eabi-10.3-2021.10/bin/../lib/gcc/arm-none-eabi/10.3.1/../../../../arm-none-eabi/lib/thumb/v7-m/nofp\libg.a(lib_a-fclose.o)
                0x0800e764                _fclose_r
 .text.fiprintf
                0x0800e830       0x28 d:/clion/tools/gcc-arm-none-eabi-10.3-2021.10-win32/gcc-arm-none-eabi-10.3-2021.10/bin/../lib/gcc/arm-none-eabi/10.3.1/../../../../arm-none-eabi/lib/thumb/v7-m/nofp\libg.a(lib_a-fiprintf.o)
                0x0800e830                fiprintf
 .text.__fputwc
                0x0800e858       0xa0 d:/clion/tools/gcc-arm-none-eabi-10.3-2021.10-win32/gcc-arm-none-eabi-10.3-2021.10/bin/../lib/gcc/arm-none-eabi/10.3.1/../../../../arm-none-eabi/lib/thumb/v7-m/nofp\libg.a(lib_a-fputwc.o)
                0x0800e858                __fputwc
 .text._fputwc_r
                0x0800e8f8       0x68 d:/clion/tools/gcc-arm-none-eabi-10.3-2021.10-win32/gcc-arm-none-eabi-10.3-2021.10/bin/../lib/gcc/arm-none-eabi/10.3.1/../../../../arm-none-eabi/lib/thumb/v7-m/nofp\libg.a(lib_a-fputwc.o)
                0x0800e8f8                _fputwc_r
 .text._fstat_r
                0x0800e960       0x28 d:/clion/tools/gcc-arm-none-eabi-10.3-2021.10-win32/gcc-arm-none-eabi-10.3-2021.10/bin/../lib/gcc/arm-none-eabi/10.3.1/../../../../arm-none-eabi/lib/thumb/v7-m/nofp\libg.a(lib_a-fstatr.o)
                0x0800e960                _fstat_r
 .text._isatty_r
                0x0800e988       0x24 d:/clion/tools/gcc-arm-none-eabi-10.3-2021.10-win32/gcc-arm-none-eabi-10.3-2021.10/bin/../lib/gcc/arm-none-eabi/10.3.1/../../../../arm-none-eabi/lib/thumb/v7-m/nofp\libg.a(lib_a-isattyr.o)
                0x0800e988                _isatty_r
 .text.__locale_mb_cur_max
                0x0800e9ac        0xc d:/clion/tools/gcc-arm-none-eabi-10.3-2021.10-win32/gcc-arm-none-eabi-10.3-2021.10/bin/../lib/gcc/arm-none-eabi/10.3.1/../../../../arm-none-eabi/lib/thumb/v7-m/nofp\libg.a(lib_a-locale.o)
                0x0800e9ac                __locale_mb_cur_max
 .text._lseek_r
                0x0800e9b8       0x2c d:/clion/tools/gcc-arm-none-eabi-10.3-2021.10-win32/gcc-arm-none-eabi-10.3-2021.10/bin/../lib/gcc/arm-none-eabi/10.3.1/../../../../arm-none-eabi/lib/thumb/v7-m/nofp\libg.a(lib_a-lseekr.o)
                0x0800e9b8                _lseek_r
 .text.__ascii_mbtowc
                0x0800e9e4       0x2c d:/clion/tools/gcc-arm-none-eabi-10.3-2021.10-win32/gcc-arm-none-eabi-10.3-2021.10/bin/../lib/gcc/arm-none-eabi/10.3.1/../../../../arm-none-eabi/lib/thumb/v7-m/nofp\libg.a(lib_a-mbtowc_r.o)
                0x0800e9e4                __ascii_mbtowc
 .text._read_r  0x0800ea10       0x2c d:/clion/tools/gcc-arm-none-eabi-10.3-2021.10-win32/gcc-arm-none-eabi-10.3-2021.10/bin/../lib/gcc/arm-none-eabi/10.3.1/../../../../arm-none-eabi/lib/thumb/v7-m/nofp\libg.a(lib_a-readr.o)
                0x0800ea10                _read_r
 .text.__swbuf_r
                0x0800ea3c       0xb0 d:/clion/tools/gcc-arm-none-eabi-10.3-2021.10-win32/gcc-arm-none-eabi-10.3-2021.10/bin/../lib/gcc/arm-none-eabi/10.3.1/../../../../arm-none-eabi/lib/thumb/v7-m/nofp\libg.a(lib_a-wbuf.o)
                0x0800ea3c                __swbuf_r
 .text._wcrtomb_r
                0x0800eaec       0x3c d:/clion/tools/gcc-arm-none-eabi-10.3-2021.10-win32/gcc-arm-none-eabi-10.3-2021.10/bin/../lib/gcc/arm-none-eabi/10.3.1/../../../../arm-none-eabi/lib/thumb/v7-m/nofp\libg.a(lib_a-wcrtomb.o)
                0x0800eaec                _wcrtomb_r
 .text.__ascii_wctomb
                0x0800eb28       0x1c d:/clion/tools/gcc-arm-none-eabi-10.3-2021.10-win32/gcc-arm-none-eabi-10.3-2021.10/bin/../lib/gcc/arm-none-eabi/10.3.1/../../../../arm-none-eabi/lib/thumb/v7-m/nofp\libg.a(lib_a-wctomb_r.o)
                0x0800eb28                __ascii_wctomb
 .text.abort    0x0800eb44       0x10 d:/clion/tools/gcc-arm-none-eabi-10.3-2021.10-win32/gcc-arm-none-eabi-10.3-2021.10/bin/../lib/gcc/arm-none-eabi/10.3.1/../../../../arm-none-eabi/lib/thumb/v7-m/nofp\libg.a(lib_a-abort.o)
                0x0800eb44                abort
 .text.raise    0x0800eb54       0x5c d:/clion/tools/gcc-arm-none-eabi-10.3-2021.10-win32/gcc-arm-none-eabi-10.3-2021.10/bin/../lib/gcc/arm-none-eabi/10.3.1/../../../../arm-none-eabi/lib/thumb/v7-m/nofp\libg.a(lib_a-signal.o)
                0x0800eb54                raise
 .text._kill_r  0x0800ebb0       0x28 d:/clion/tools/gcc-arm-none-eabi-10.3-2021.10-win32/gcc-arm-none-eabi-10.3-2021.10/bin/../lib/gcc/arm-none-eabi/10.3.1/../../../../arm-none-eabi/lib/thumb/v7-m/nofp\libg.a(lib_a-signalr.o)
                0x0800ebb0                _kill_r
 .text._getpid_r
                0x0800ebd8        0x4 d:/clion/tools/gcc-arm-none-eabi-10.3-2021.10-win32/gcc-arm-none-eabi-10.3-2021.10/bin/../lib/gcc/arm-none-eabi/10.3.1/../../../../arm-none-eabi/lib/thumb/v7-m/nofp\libg.a(lib_a-signalr.o)
                0x0800ebd8                _getpid_r
 .text.asin     0x0800ebdc       0x50 d:/clion/tools/gcc-arm-none-eabi-10.3-2021.10-win32/gcc-arm-none-eabi-10.3-2021.10/bin/../lib/gcc/arm-none-eabi/10.3.1/../../../../arm-none-eabi/lib/thumb/v7-m/nofp\libm.a(lib_a-w_asin.o)
                0x0800ebdc                asin
 .text.atan2    0x0800ec2c        0x4 d:/clion/tools/gcc-arm-none-eabi-10.3-2021.10-win32/gcc-arm-none-eabi-10.3-2021.10/bin/../lib/gcc/arm-none-eabi/10.3.1/../../../../arm-none-eabi/lib/thumb/v7-m/nofp\libm.a(lib_a-w_atan2.o)
                0x0800ec2c                atan2
 .text.__ieee754_asin
                0x0800ec30      0x474 d:/clion/tools/gcc-arm-none-eabi-10.3-2021.10-win32/gcc-arm-none-eabi-10.3-2021.10/bin/../lib/gcc/arm-none-eabi/10.3.1/../../../../arm-none-eabi/lib/thumb/v7-m/nofp\libm.a(lib_a-e_asin.o)
                0x0800ec30                __ieee754_asin
 *fill*         0x0800f0a4        0x4 
 .text.__ieee754_atan2
                0x0800f0a8      0x194 d:/clion/tools/gcc-arm-none-eabi-10.3-2021.10-win32/gcc-arm-none-eabi-10.3-2021.10/bin/../lib/gcc/arm-none-eabi/10.3.1/../../../../arm-none-eabi/lib/thumb/v7-m/nofp\libm.a(lib_a-e_atan2.o)
                0x0800f0a8                __ieee754_atan2
 .text.__ieee754_sqrt
                0x0800f23c      0x18c d:/clion/tools/gcc-arm-none-eabi-10.3-2021.10-win32/gcc-arm-none-eabi-10.3-2021.10/bin/../lib/gcc/arm-none-eabi/10.3.1/../../../../arm-none-eabi/lib/thumb/v7-m/nofp\libm.a(lib_a-e_sqrt.o)
                0x0800f23c                __ieee754_sqrt
 .text.atan     0x0800f3c8      0x31c d:/clion/tools/gcc-arm-none-eabi-10.3-2021.10-win32/gcc-arm-none-eabi-10.3-2021.10/bin/../lib/gcc/arm-none-eabi/10.3.1/../../../../arm-none-eabi/lib/thumb/v7-m/nofp\libm.a(lib_a-s_atan.o)
                0x0800f3c8                atan
 .text.fabs     0x0800f6e4        0x8 d:/clion/tools/gcc-arm-none-eabi-10.3-2021.10-win32/gcc-arm-none-eabi-10.3-2021.10/bin/../lib/gcc/arm-none-eabi/10.3.1/../../../../arm-none-eabi/lib/thumb/v7-m/nofp\libm.a(lib_a-s_fabs.o)
                0x0800f6e4                fabs
 .text.nan      0x0800f6ec        0xc d:/clion/tools/gcc-arm-none-eabi-10.3-2021.10-win32/gcc-arm-none-eabi-10.3-2021.10/bin/../lib/gcc/arm-none-eabi/10.3.1/../../../../arm-none-eabi/lib/thumb/v7-m/nofp\libm.a(lib_a-s_nan.o)
                0x0800f6ec                nan
 *(.glue_7)
 .glue_7        0x0800f6f8        0x0 linker stubs
 *(.glue_7t)
 .glue_7t       0x0800f6f8        0x0 linker stubs
 *(.eh_frame)
 .eh_frame      0x0800f6f8        0x0 d:/clion/tools/gcc-arm-none-eabi-10.3-2021.10-win32/gcc-arm-none-eabi-10.3-2021.10/bin/../lib/gcc/arm-none-eabi/10.3.1/thumb/v7-m/nofp/crtbegin.o
 *(.init)
 .init          0x0800f6f8        0x4 d:/clion/tools/gcc-arm-none-eabi-10.3-2021.10-win32/gcc-arm-none-eabi-10.3-2021.10/bin/../lib/gcc/arm-none-eabi/10.3.1/thumb/v7-m/nofp/crti.o
                0x0800f6f8                _init
 .init          0x0800f6fc        0x8 d:/clion/tools/gcc-arm-none-eabi-10.3-2021.10-win32/gcc-arm-none-eabi-10.3-2021.10/bin/../lib/gcc/arm-none-eabi/10.3.1/thumb/v7-m/nofp/crtn.o
 *(.fini)
 .fini          0x0800f704        0x4 d:/clion/tools/gcc-arm-none-eabi-10.3-2021.10-win32/gcc-arm-none-eabi-10.3-2021.10/bin/../lib/gcc/arm-none-eabi/10.3.1/thumb/v7-m/nofp/crti.o
                0x0800f704                _fini
 .fini          0x0800f708        0x8 d:/clion/tools/gcc-arm-none-eabi-10.3-2021.10-win32/gcc-arm-none-eabi-10.3-2021.10/bin/../lib/gcc/arm-none-eabi/10.3.1/thumb/v7-m/nofp/crtn.o
                0x0800f710                . = ALIGN (0x4)
                0x0800f710                _etext = .

.vfp11_veneer   0x0800f710        0x0
 .vfp11_veneer  0x0800f710        0x0 linker stubs

.v4_bx          0x0800f710        0x0
 .v4_bx         0x0800f710        0x0 linker stubs

.iplt           0x0800f710        0x0
 .iplt          0x0800f710        0x0 d:/clion/tools/gcc-arm-none-eabi-10.3-2021.10-win32/gcc-arm-none-eabi-10.3-2021.10/bin/../lib/gcc/arm-none-eabi/10.3.1/thumb/v7-m/nofp/crtbegin.o

.rodata         0x0800f710     0x1a60
                0x0800f710                . = ALIGN (0x4)
 *(.rodata)
 *(.rodata*)
 .rodata.aPLLMULFactorTable.1
                0x0800f710       0x10 CMakeFiles/4w.elf.dir/Drivers/STM32F1xx_HAL_Driver/Src/stm32f1xx_hal_rcc.c.obj
 .rodata.aPredivFactorTable.0
                0x0800f720        0x2 CMakeFiles/4w.elf.dir/Drivers/STM32F1xx_HAL_Driver/Src/stm32f1xx_hal_rcc.c.obj
 *fill*         0x0800f722        0x2 
 .rodata.aPLLMULFactorTable.1
                0x0800f724       0x10 CMakeFiles/4w.elf.dir/Drivers/STM32F1xx_HAL_Driver/Src/stm32f1xx_hal_rcc_ex.c.obj
 .rodata.aPredivFactorTable.0
                0x0800f734        0x2 CMakeFiles/4w.elf.dir/Drivers/STM32F1xx_HAL_Driver/Src/stm32f1xx_hal_rcc_ex.c.obj
 *fill*         0x0800f736        0x2 
 .rodata.main.str1.4
                0x0800f738       0x68 CMakeFiles/4w.elf.dir/Src/main.c.obj
 .rodata.AHBPrescTable
                0x0800f7a0       0x10 CMakeFiles/4w.elf.dir/Src/system_stm32f1xx.c.obj
                0x0800f7a0                AHBPrescTable
 .rodata.APBPrescTable
                0x0800f7b0        0x8 CMakeFiles/4w.elf.dir/Src/system_stm32f1xx.c.obj
                0x0800f7b0                APBPrescTable
 .rodata.mpu_init.str1.4
                0x0800f7b8       0x91 CMakeFiles/4w.elf.dir/mpu6050/inv_mpu.c.obj
 *fill*         0x0800f849        0x3 
 .rodata.hw     0x0800f84c        0xc CMakeFiles/4w.elf.dir/mpu6050/inv_mpu.c.obj
                0x0800f84c                hw
 .rodata.reg    0x0800f858       0x1b CMakeFiles/4w.elf.dir/mpu6050/inv_mpu.c.obj
                0x0800f858                reg
 *fill*         0x0800f873        0x1 
 .rodata.test   0x0800f874       0x28 CMakeFiles/4w.elf.dir/mpu6050/inv_mpu.c.obj
                0x0800f874                test
 .rodata.dmp_set_orientation.str1.4
                0x0800f89c       0x10 CMakeFiles/4w.elf.dir/mpu6050/inv_mpu_dmp_motion_driver.c.obj
 .rodata.dmp_set_fifo_rate.str1.4
                0x0800f8ac        0xd CMakeFiles/4w.elf.dir/mpu6050/inv_mpu_dmp_motion_driver.c.obj
 *fill*         0x0800f8b9        0x3 
 .rodata.dmp_enable_gyro_cal.str1.4
                0x0800f8bc       0x16 CMakeFiles/4w.elf.dir/mpu6050/inv_mpu_dmp_motion_driver.c.obj
 *fill*         0x0800f8d2        0x2 
 .rodata.dmp_memory
                0x0800f8d4      0xbf6 CMakeFiles/4w.elf.dir/mpu6050/inv_mpu_dmp_motion_driver.c.obj
 *fill*         0x080104ca        0x2 
 .rodata.F6x8   0x080104cc      0x228 CMakeFiles/4w.elf.dir/oled_sim/oled.c.obj
                0x080104cc                F6x8
 .rodata.F8X16  0x080106f4      0x5f0 CMakeFiles/4w.elf.dir/oled_sim/oled.c.obj
                0x080106f4                F8X16
 .rodata._global_impure_ptr
                0x08010ce4        0x4 d:/clion/tools/gcc-arm-none-eabi-10.3-2021.10-win32/gcc-arm-none-eabi-10.3-2021.10/bin/../lib/gcc/arm-none-eabi/10.3.1/../../../../arm-none-eabi/lib/thumb/v7-m/nofp\libg.a(lib_a-impure.o)
                0x08010ce4                _global_impure_ptr
 .rodata._puts_r.str1.4
                0x08010ce8       0x16 d:/clion/tools/gcc-arm-none-eabi-10.3-2021.10-win32/gcc-arm-none-eabi-10.3-2021.10/bin/../lib/gcc/arm-none-eabi/10.3.1/../../../../arm-none-eabi/lib/thumb/v7-m/nofp\libg.a(lib_a-puts.o)
                                  0x2 (size before relaxing)
 .rodata._svfprintf_r.str1.4
                0x08010ce8       0x42 d:/clion/tools/gcc-arm-none-eabi-10.3-2021.10-win32/gcc-arm-none-eabi-10.3-2021.10/bin/../lib/gcc/arm-none-eabi/10.3.1/../../../../arm-none-eabi/lib/thumb/v7-m/nofp\libg.a(lib_a-svfprintf.o)
 *fill*         0x08010d2a        0x2 
 .rodata.blanks.1
                0x08010d2c       0x10 d:/clion/tools/gcc-arm-none-eabi-10.3-2021.10-win32/gcc-arm-none-eabi-10.3-2021.10/bin/../lib/gcc/arm-none-eabi/10.3.1/../../../../arm-none-eabi/lib/thumb/v7-m/nofp\libg.a(lib_a-svfprintf.o)
 .rodata.zeroes.0
                0x08010d3c       0x10 d:/clion/tools/gcc-arm-none-eabi-10.3-2021.10-win32/gcc-arm-none-eabi-10.3-2021.10/bin/../lib/gcc/arm-none-eabi/10.3.1/../../../../arm-none-eabi/lib/thumb/v7-m/nofp\libg.a(lib_a-svfprintf.o)
 .rodata._vfprintf_r.str1.4
                0x08010d4c       0x42 d:/clion/tools/gcc-arm-none-eabi-10.3-2021.10-win32/gcc-arm-none-eabi-10.3-2021.10/bin/../lib/gcc/arm-none-eabi/10.3.1/../../../../arm-none-eabi/lib/thumb/v7-m/nofp\libg.a(lib_a-vfprintf.o)
 .rodata.blanks.1
                0x08010d4c       0x10 d:/clion/tools/gcc-arm-none-eabi-10.3-2021.10-win32/gcc-arm-none-eabi-10.3-2021.10/bin/../lib/gcc/arm-none-eabi/10.3.1/../../../../arm-none-eabi/lib/thumb/v7-m/nofp\libg.a(lib_a-vfprintf.o)
 .rodata.zeroes.0
                0x08010d5c       0x10 d:/clion/tools/gcc-arm-none-eabi-10.3-2021.10-win32/gcc-arm-none-eabi-10.3-2021.10/bin/../lib/gcc/arm-none-eabi/10.3.1/../../../../arm-none-eabi/lib/thumb/v7-m/nofp\libg.a(lib_a-vfprintf.o)
 .rodata._dtoa_r.str1.4
                0x08010d6c       0xa2 d:/clion/tools/gcc-arm-none-eabi-10.3-2021.10-win32/gcc-arm-none-eabi-10.3-2021.10/bin/../lib/gcc/arm-none-eabi/10.3.1/../../../../arm-none-eabi/lib/thumb/v7-m/nofp\libg.a(lib_a-dtoa.o)
                                 0xa6 (size before relaxing)
 *fill*         0x08010e0e        0x2 
 .rodata.__multadd.str1.4
                0x08010e10       0x7f d:/clion/tools/gcc-arm-none-eabi-10.3-2021.10-win32/gcc-arm-none-eabi-10.3-2021.10/bin/../lib/gcc/arm-none-eabi/10.3.1/../../../../arm-none-eabi/lib/thumb/v7-m/nofp\libg.a(lib_a-mprec.o)
                                 0x93 (size before relaxing)
 *fill*         0x08010e8f        0x1 
 .rodata.__mprec_bigtens
                0x08010e90       0x28 d:/clion/tools/gcc-arm-none-eabi-10.3-2021.10-win32/gcc-arm-none-eabi-10.3-2021.10/bin/../lib/gcc/arm-none-eabi/10.3.1/../../../../arm-none-eabi/lib/thumb/v7-m/nofp\libg.a(lib_a-mprec.o)
                0x08010e90                __mprec_bigtens
 .rodata.__mprec_tens
                0x08010eb8       0xc8 d:/clion/tools/gcc-arm-none-eabi-10.3-2021.10-win32/gcc-arm-none-eabi-10.3-2021.10/bin/../lib/gcc/arm-none-eabi/10.3.1/../../../../arm-none-eabi/lib/thumb/v7-m/nofp\libg.a(lib_a-mprec.o)
                0x08010eb8                __mprec_tens
 .rodata.p05.0  0x08010f80        0xc d:/clion/tools/gcc-arm-none-eabi-10.3-2021.10-win32/gcc-arm-none-eabi-10.3-2021.10/bin/../lib/gcc/arm-none-eabi/10.3.1/../../../../arm-none-eabi/lib/thumb/v7-m/nofp\libg.a(lib_a-mprec.o)
 .rodata._vfiprintf_r.str1.4
                0x08010f8c       0x2f d:/clion/tools/gcc-arm-none-eabi-10.3-2021.10-win32/gcc-arm-none-eabi-10.3-2021.10/bin/../lib/gcc/arm-none-eabi/10.3.1/../../../../arm-none-eabi/lib/thumb/v7-m/nofp\libg.a(lib_a-vfiprintf.o)
 .rodata.blanks.1
                0x08010f8c       0x10 d:/clion/tools/gcc-arm-none-eabi-10.3-2021.10-win32/gcc-arm-none-eabi-10.3-2021.10/bin/../lib/gcc/arm-none-eabi/10.3.1/../../../../arm-none-eabi/lib/thumb/v7-m/nofp\libg.a(lib_a-vfiprintf.o)
 .rodata.zeroes.0
                0x08010f9c       0x10 d:/clion/tools/gcc-arm-none-eabi-10.3-2021.10-win32/gcc-arm-none-eabi-10.3-2021.10/bin/../lib/gcc/arm-none-eabi/10.3.1/../../../../arm-none-eabi/lib/thumb/v7-m/nofp\libg.a(lib_a-vfiprintf.o)
 .rodata.__assert_func.str1.4
                0x08010fac       0x3f d:/clion/tools/gcc-arm-none-eabi-10.3-2021.10-win32/gcc-arm-none-eabi-10.3-2021.10/bin/../lib/gcc/arm-none-eabi/10.3.1/../../../../arm-none-eabi/lib/thumb/v7-m/nofp\libg.a(lib_a-assert.o)
                                 0x43 (size before relaxing)
 *fill*         0x08010feb        0x1 
 .rodata._setlocale_r.str1.4
                0x08010fec        0xa d:/clion/tools/gcc-arm-none-eabi-10.3-2021.10-win32/gcc-arm-none-eabi-10.3-2021.10/bin/../lib/gcc/arm-none-eabi/10.3.1/../../../../arm-none-eabi/lib/thumb/v7-m/nofp\libg.a(lib_a-locale.o)
                                  0xd (size before relaxing)
 *fill*         0x08010ff6        0x2 
 .rodata.str1.4
                0x08010ff8        0x2 d:/clion/tools/gcc-arm-none-eabi-10.3-2021.10-win32/gcc-arm-none-eabi-10.3-2021.10/bin/../lib/gcc/arm-none-eabi/10.3.1/../../../../arm-none-eabi/lib/thumb/v7-m/nofp\libg.a(lib_a-locale.o)
 *fill*         0x08010ffa        0x2 
 .rodata._ctype_
                0x08010ffc      0x101 d:/clion/tools/gcc-arm-none-eabi-10.3-2021.10-win32/gcc-arm-none-eabi-10.3-2021.10/bin/../lib/gcc/arm-none-eabi/10.3.1/../../../../arm-none-eabi/lib/thumb/v7-m/nofp\libg.a(lib_a-ctype_.o)
                0x08010ffc                _ctype_
 .rodata.asin.str1.4
                0x080110fd        0x1 d:/clion/tools/gcc-arm-none-eabi-10.3-2021.10-win32/gcc-arm-none-eabi-10.3-2021.10/bin/../lib/gcc/arm-none-eabi/10.3.1/../../../../arm-none-eabi/lib/thumb/v7-m/nofp\libm.a(lib_a-w_asin.o)
 *fill*         0x080110fd        0x3 
 .rodata.CSWTCH.8
                0x08011100       0x18 d:/clion/tools/gcc-arm-none-eabi-10.3-2021.10-win32/gcc-arm-none-eabi-10.3-2021.10/bin/../lib/gcc/arm-none-eabi/10.3.1/../../../../arm-none-eabi/lib/thumb/v7-m/nofp\libm.a(lib_a-e_atan2.o)
 .rodata.CSWTCH.9
                0x08011118       0x18 d:/clion/tools/gcc-arm-none-eabi-10.3-2021.10-win32/gcc-arm-none-eabi-10.3-2021.10/bin/../lib/gcc/arm-none-eabi/10.3.1/../../../../arm-none-eabi/lib/thumb/v7-m/nofp\libm.a(lib_a-e_atan2.o)
 .rodata.atanhi
                0x08011130       0x20 d:/clion/tools/gcc-arm-none-eabi-10.3-2021.10-win32/gcc-arm-none-eabi-10.3-2021.10/bin/../lib/gcc/arm-none-eabi/10.3.1/../../../../arm-none-eabi/lib/thumb/v7-m/nofp\libm.a(lib_a-s_atan.o)
 .rodata.atanlo
                0x08011150       0x20 d:/clion/tools/gcc-arm-none-eabi-10.3-2021.10-win32/gcc-arm-none-eabi-10.3-2021.10/bin/../lib/gcc/arm-none-eabi/10.3.1/../../../../arm-none-eabi/lib/thumb/v7-m/nofp\libm.a(lib_a-s_atan.o)
                0x08011170                . = ALIGN (0x4)

.ARM.extab      0x08011170        0x0
                0x08011170                . = ALIGN (0x4)
 *(.ARM.extab* .gnu.linkonce.armextab.*)
                0x08011170                . = ALIGN (0x4)

.ARM            0x08011170        0x8
                0x08011170                . = ALIGN (0x4)
                0x08011170                __exidx_start = .
 *(.ARM.exidx*)
 .ARM.exidx     0x08011170        0x8 d:/clion/tools/gcc-arm-none-eabi-10.3-2021.10-win32/gcc-arm-none-eabi-10.3-2021.10/bin/../lib/gcc/arm-none-eabi/10.3.1/thumb/v7-m/nofp\libgcc.a(_udivmoddi4.o)
                0x08011178                __exidx_end = .
                0x08011178                . = ALIGN (0x4)

.rel.dyn        0x08011178        0x0
 .rel.iplt      0x08011178        0x0 d:/clion/tools/gcc-arm-none-eabi-10.3-2021.10-win32/gcc-arm-none-eabi-10.3-2021.10/bin/../lib/gcc/arm-none-eabi/10.3.1/thumb/v7-m/nofp/crtbegin.o

.preinit_array  0x08011178        0x0
                0x08011178                . = ALIGN (0x4)
                0x08011178                PROVIDE (__preinit_array_start = .)
 *(.preinit_array*)
                0x08011178                PROVIDE (__preinit_array_end = .)
                0x08011178                . = ALIGN (0x4)

.init_array     0x08011178        0x8
                0x08011178                . = ALIGN (0x4)
                0x08011178                PROVIDE (__init_array_start = .)
 *(SORT_BY_NAME(.init_array.*))
 .init_array.00000
                0x08011178        0x4 d:/clion/tools/gcc-arm-none-eabi-10.3-2021.10-win32/gcc-arm-none-eabi-10.3-2021.10/bin/../lib/gcc/arm-none-eabi/10.3.1/../../../../arm-none-eabi/lib/thumb/v7-m/nofp\libg.a(lib_a-__call_atexit.o)
 *(.init_array*)
 .init_array    0x0801117c        0x4 d:/clion/tools/gcc-arm-none-eabi-10.3-2021.10-win32/gcc-arm-none-eabi-10.3-2021.10/bin/../lib/gcc/arm-none-eabi/10.3.1/thumb/v7-m/nofp/crtbegin.o
                0x08011180                PROVIDE (__init_array_end = .)
                0x08011180                . = ALIGN (0x4)

.fini_array     0x08011180        0x4
                0x08011180                . = ALIGN (0x4)
                0x08011180                PROVIDE (__fini_array_start = .)
 *(SORT_BY_NAME(.fini_array.*))
 *(.fini_array*)
 .fini_array    0x08011180        0x4 d:/clion/tools/gcc-arm-none-eabi-10.3-2021.10-win32/gcc-arm-none-eabi-10.3-2021.10/bin/../lib/gcc/arm-none-eabi/10.3.1/thumb/v7-m/nofp/crtbegin.o
                0x08011184                PROVIDE (__fini_array_end = .)
                0x08011184                . = ALIGN (0x4)
                0x08011184                _sidata = LOADADDR (.data)

.data           0x20000000      0xa58 load address 0x08011184
                0x20000000                . = ALIGN (0x4)
                0x20000000                _sdata = .
 *(.data)
 *(.data*)
 .data.chanel   0x20000000       0x14 CMakeFiles/4w.elf.dir/ADC/myadc.c.obj
                0x20000000                chanel
 .data.uwTickFreq
                0x20000014        0x1 CMakeFiles/4w.elf.dir/Drivers/STM32F1xx_HAL_Driver/Src/stm32f1xx_hal.c.obj
                0x20000014                uwTickFreq
 *fill*         0x20000015        0x3 
 .data.uwTickPrio
                0x20000018        0x4 CMakeFiles/4w.elf.dir/Drivers/STM32F1xx_HAL_Driver/Src/stm32f1xx_hal.c.obj
                0x20000018                uwTickPrio
 .data.Direction
                0x2000001c       0x50 CMakeFiles/4w.elf.dir/Src/motor.c.obj
                0x2000001c                Direction
 .data.SystemCoreClock
                0x2000006c        0x4 CMakeFiles/4w.elf.dir/Src/system_stm32f1xx.c.obj
                0x2000006c                SystemCoreClock
 .data.gyro_orientation
                0x20000070        0x9 CMakeFiles/4w.elf.dir/mpu6050/inv_mpu.c.obj
 *fill*         0x20000079        0x3 
 .data.st       0x2000007c       0x2c CMakeFiles/4w.elf.dir/mpu6050/inv_mpu.c.obj
 .data._impure_ptr
                0x200000a8        0x4 d:/clion/tools/gcc-arm-none-eabi-10.3-2021.10-win32/gcc-arm-none-eabi-10.3-2021.10/bin/../lib/gcc/arm-none-eabi/10.3.1/../../../../arm-none-eabi/lib/thumb/v7-m/nofp\libg.a(lib_a-impure.o)
                0x200000a8                _impure_ptr
 *fill*         0x200000ac        0x4 
 .data.impure_data
                0x200000b0      0x428 d:/clion/tools/gcc-arm-none-eabi-10.3-2021.10-win32/gcc-arm-none-eabi-10.3-2021.10/bin/../lib/gcc/arm-none-eabi/10.3.1/../../../../arm-none-eabi/lib/thumb/v7-m/nofp\libg.a(lib_a-impure.o)
 .data.__atexit_recursive_mutex
                0x200004d8        0x4 d:/clion/tools/gcc-arm-none-eabi-10.3-2021.10-win32/gcc-arm-none-eabi-10.3-2021.10/bin/../lib/gcc/arm-none-eabi/10.3.1/../../../../arm-none-eabi/lib/thumb/v7-m/nofp\libg.a(lib_a-__call_atexit.o)
                0x200004d8                __atexit_recursive_mutex
 .data.__malloc_av_
                0x200004dc      0x408 d:/clion/tools/gcc-arm-none-eabi-10.3-2021.10-win32/gcc-arm-none-eabi-10.3-2021.10/bin/../lib/gcc/arm-none-eabi/10.3.1/../../../../arm-none-eabi/lib/thumb/v7-m/nofp\libg.a(lib_a-mallocr.o)
                0x200004dc                __malloc_av_
 .data.__malloc_sbrk_base
                0x200008e4        0x4 d:/clion/tools/gcc-arm-none-eabi-10.3-2021.10-win32/gcc-arm-none-eabi-10.3-2021.10/bin/../lib/gcc/arm-none-eabi/10.3.1/../../../../arm-none-eabi/lib/thumb/v7-m/nofp\libg.a(lib_a-mallocr.o)
                0x200008e4                __malloc_sbrk_base
 .data.__malloc_trim_threshold
                0x200008e8        0x4 d:/clion/tools/gcc-arm-none-eabi-10.3-2021.10-win32/gcc-arm-none-eabi-10.3-2021.10/bin/../lib/gcc/arm-none-eabi/10.3.1/../../../../arm-none-eabi/lib/thumb/v7-m/nofp\libg.a(lib_a-mallocr.o)
                0x200008e8                __malloc_trim_threshold
 .data.__global_locale
                0x200008ec      0x16c d:/clion/tools/gcc-arm-none-eabi-10.3-2021.10-win32/gcc-arm-none-eabi-10.3-2021.10/bin/../lib/gcc/arm-none-eabi/10.3.1/../../../../arm-none-eabi/lib/thumb/v7-m/nofp\libg.a(lib_a-locale.o)
                0x200008ec                __global_locale
 *(.RamFunc)
 *(.RamFunc*)
                0x20000a58                . = ALIGN (0x4)
                0x20000a58                _edata = .

.igot.plt       0x20000a58        0x0 load address 0x08011bdc
 .igot.plt      0x20000a58        0x0 d:/clion/tools/gcc-arm-none-eabi-10.3-2021.10-win32/gcc-arm-none-eabi-10.3-2021.10/bin/../lib/gcc/arm-none-eabi/10.3.1/thumb/v7-m/nofp/crtbegin.o
                0x20000a58                . = ALIGN (0x4)

.bss            0x20000a58      0x268 load address 0x08011bdc
                0x20000a58                _sbss = .
                0x20000a58                __bss_start__ = _sbss
 *(.bss)
 .bss           0x20000a58       0x1c d:/clion/tools/gcc-arm-none-eabi-10.3-2021.10-win32/gcc-arm-none-eabi-10.3-2021.10/bin/../lib/gcc/arm-none-eabi/10.3.1/thumb/v7-m/nofp/crtbegin.o
 *(.bss*)
 .bss.ADC_Value
                0x20000a74       0x14 CMakeFiles/4w.elf.dir/ADC_XJ/ADC_XJ.c.obj
                0x20000a74                ADC_Value
 .bss.uwTick    0x20000a88        0x4 CMakeFiles/4w.elf.dir/Drivers/STM32F1xx_HAL_Driver/Src/stm32f1xx_hal.c.obj
                0x20000a88                uwTick
 .bss.pid_motor_L
                0x20000a8c       0x24 CMakeFiles/4w.elf.dir/PID/PID.c.obj
                0x20000a8c                pid_motor_L
 .bss.pid_motor_R
                0x20000ab0       0x24 CMakeFiles/4w.elf.dir/PID/PID.c.obj
                0x20000ab0                pid_motor_R
 .bss.hadc1     0x20000ad4       0x30 CMakeFiles/4w.elf.dir/Src/adc.c.obj
                0x20000ad4                hadc1
 .bss.sbuf      0x20000b04       0x14 CMakeFiles/4w.elf.dir/Src/main.c.obj
                0x20000b04                sbuf
 .bss.MOVE      0x20000b18        0x4 CMakeFiles/4w.elf.dir/Src/motor.c.obj
                0x20000b18                MOVE
 .bss.target_angle
                0x20000b1c        0x4 CMakeFiles/4w.elf.dir/Src/motor.c.obj
                0x20000b1c                target_angle
 .bss.__sbrk_heap_end
                0x20000b20        0x4 CMakeFiles/4w.elf.dir/Src/sysmem.c.obj
 .bss.Motor_speed_L
                0x20000b24        0x4 CMakeFiles/4w.elf.dir/Src/tim.c.obj
                0x20000b24                Motor_speed_L
 .bss.Motor_speed_R
                0x20000b28        0x4 CMakeFiles/4w.elf.dir/Src/tim.c.obj
                0x20000b28                Motor_speed_R
 .bss._10ms_flag
                0x20000b2c        0x1 CMakeFiles/4w.elf.dir/Src/tim.c.obj
                0x20000b2c                _10ms_flag
 .bss._50ms_flag