Archive member included to satisfy reference by file (symbol)

d:/clion/tools/gcc-arm-none-eabi-10.3-2021.10-win32/gcc-arm-none-eabi-10.3-2021.10/bin/../lib/gcc/arm-none-eabi/10.3.1/thumb/v7-m/nofp\libgcc.a(_arm_muldf3.o)
                              CMakeFiles/4w.elf.dir/ADC/myadc.c.obj (__aeabi_dmul)
d:/clion/tools/gcc-arm-none-eabi-10.3-2021.10-win32/gcc-arm-none-eabi-10.3-2021.10/bin/../lib/gcc/arm-none-eabi/10.3.1/thumb/v7-m/nofp\libgcc.a(_arm_mulsf3.o)
                              CMakeFiles/4w.elf.dir/PID/PID.c.obj (__aeabi_fmul)
d:/clion/tools/gcc-arm-none-eabi-10.3-2021.10-win32/gcc-arm-none-eabi-10.3-2021.10/bin/../lib/gcc/arm-none-eabi/10.3.1/thumb/v7-m/nofp\libgcc.a(_arm_addsubdf3.o)
                              CMakeFiles/4w.elf.dir/Src/main.c.obj (__aeabi_dsub)
d:/clion/tools/gcc-arm-none-eabi-10.3-2021.10-win32/gcc-arm-none-eabi-10.3-2021.10/bin/../lib/gcc/arm-none-eabi/10.3.1/thumb/v7-m/nofp\libgcc.a(_arm_muldivdf3.o)
                              CMakeFiles/4w.elf.dir/mpu6050/mpu6050.c.obj (__aeabi_ddiv)
d:/clion/tools/gcc-arm-none-eabi-10.3-2021.10-win32/gcc-arm-none-eabi-10.3-2021.10/bin/../lib/gcc/arm-none-eabi/10.3.1/thumb/v7-m/nofp\libgcc.a(_arm_cmpdf2.o)
                              CMakeFiles/4w.elf.dir/Src/main.c.obj (__aeabi_dcmplt)
d:/clion/tools/gcc-arm-none-eabi-10.3-2021.10-win32/gcc-arm-none-eabi-10.3-2021.10/bin/../lib/gcc/arm-none-eabi/10.3.1/thumb/v7-m/nofp\libgcc.a(_arm_fixunsdfsi.o)
                              CMakeFiles/4w.elf.dir/ADC/myadc.c.obj (__aeabi_d2uiz)
d:/clion/tools/gcc-arm-none-eabi-10.3-2021.10-win32/gcc-arm-none-eabi-10.3-2021.10/bin/../lib/gcc/arm-none-eabi/10.3.1/thumb/v7-m/nofp\libgcc.a(_arm_truncdfsf2.o)
                              CMakeFiles/4w.elf.dir/ADC/myadc.c.obj (__aeabi_d2f)
d:/clion/tools/gcc-arm-none-eabi-10.3-2021.10-win32/gcc-arm-none-eabi-10.3-2021.10/bin/../lib/gcc/arm-none-eabi/10.3.1/thumb/v7-m/nofp\libgcc.a(_arm_addsubsf3.o)
                              CMakeFiles/4w.elf.dir/PID/PID.c.obj (__aeabi_fsub)
d:/clion/tools/gcc-arm-none-eabi-10.3-2021.10-win32/gcc-arm-none-eabi-10.3-2021.10/bin/../lib/gcc/arm-none-eabi/10.3.1/thumb/v7-m/nofp\libgcc.a(_arm_muldivsf3.o)
                              CMakeFiles/4w.elf.dir/mpu6050/inv_mpu.c.obj (__aeabi_fdiv)
d:/clion/tools/gcc-arm-none-eabi-10.3-2021.10-win32/gcc-arm-none-eabi-10.3-2021.10/bin/../lib/gcc/arm-none-eabi/10.3.1/thumb/v7-m/nofp\libgcc.a(_arm_cmpsf2.o)
                              CMakeFiles/4w.elf.dir/mpu6050/inv_mpu.c.obj (__aeabi_fcmpeq)
d:/clion/tools/gcc-arm-none-eabi-10.3-2021.10-win32/gcc-arm-none-eabi-10.3-2021.10/bin/../lib/gcc/arm-none-eabi/10.3.1/thumb/v7-m/nofp\libgcc.a(_arm_fixsfsi.o)
                              CMakeFiles/4w.elf.dir/Src/main.c.obj (__aeabi_f2iz)
d:/clion/tools/gcc-arm-none-eabi-10.3-2021.10-win32/gcc-arm-none-eabi-10.3-2021.10/bin/../lib/gcc/arm-none-eabi/10.3.1/thumb/v7-m/nofp\libgcc.a(_arm_fixunssfsi.o)
                              CMakeFiles/4w.elf.dir/mpu6050/inv_mpu_dmp_motion_driver.c.obj (__aeabi_f2uiz)
d:/clion/tools/gcc-arm-none-eabi-10.3-2021.10-win32/gcc-arm-none-eabi-10.3-2021.10/bin/../lib/gcc/arm-none-eabi/10.3.1/thumb/v7-m/nofp\libgcc.a(_aeabi_ldivmod.o)
                              CMakeFiles/4w.elf.dir/mpu6050/inv_mpu.c.obj (__aeabi_ldivmod)
d:/clion/tools/gcc-arm-none-eabi-10.3-2021.10-win32/gcc-arm-none-eabi-10.3-2021.10/bin/../lib/gcc/arm-none-eabi/10.3.1/thumb/v7-m/nofp\libgcc.a(_udivmoddi4.o)
                              d:/clion/tools/gcc-arm-none-eabi-10.3-2021.10-win32/gcc-arm-none-eabi-10.3-2021.10/bin/../lib/gcc/arm-none-eabi/10.3.1/thumb/v7-m/nofp\libgcc.a(_aeabi_ldivmod.o) (__udivmoddi4)
d:/clion/tools/gcc-arm-none-eabi-10.3-2021.10-win32/gcc-arm-none-eabi-10.3-2021.10/bin/../lib/gcc/arm-none-eabi/10.3.1/thumb/v7-m/nofp\libgcc.a(_dvmd_tls.o)
                              d:/clion/tools/gcc-arm-none-eabi-10.3-2021.10-win32/gcc-arm-none-eabi-10.3-2021.10/bin/../lib/gcc/arm-none-eabi/10.3.1/thumb/v7-m/nofp\libgcc.a(_aeabi_ldivmod.o) (__aeabi_ldiv0)
d:/clion/tools/gcc-arm-none-eabi-10.3-2021.10-win32/gcc-arm-none-eabi-10.3-2021.10/bin/../lib/gcc/arm-none-eabi/10.3.1/../../../../arm-none-eabi/lib/thumb/v7-m/nofp\libg.a(lib_a-errno.o)
                              CMakeFiles/4w.elf.dir/Src/syscalls.c.obj (__errno)
d:/clion/tools/gcc-arm-none-eabi-10.3-2021.10-win32/gcc-arm-none-eabi-10.3-2021.10/bin/../lib/gcc/arm-none-eabi/10.3.1/../../../../arm-none-eabi/lib/thumb/v7-m/nofp\libg.a(lib_a-exit.o)
                              d:/clion/tools/gcc-arm-none-eabi-10.3-2021.10-win32/gcc-arm-none-eabi-10.3-2021.10/bin/../lib/gcc/arm-none-eabi/10.3.1/../../../../arm-none-eabi/lib/thumb/v7-m/nofp/crt0.o (exit)
d:/clion/tools/gcc-arm-none-eabi-10.3-2021.10-win32/gcc-arm-none-eabi-10.3-2021.10/bin/../lib/gcc/arm-none-eabi/10.3.1/../../../../arm-none-eabi/lib/thumb/v7-m/nofp\libg.a(lib_a-impure.o)
[...]
Memory Configuration

Name             Origin             Length             Attributes
RAM              0x20000000         0x00005000         xrw
FLASH            0x08000000         0x00020000         xr
*default*        0x00000000         0xffffffff

Linker script and memory map

LOAD d:/clion/tools/gcc-arm-none-eabi-10.3-2021.10-win32/gcc-arm-none-eabi-10.3-2021.10/bin/../lib/gcc/arm-none-eabi/10.3.1/thumb/v7-m/nofp/crti.o
LOAD d:/clion/tools/gcc-arm-none-eabi-10.3-2021.10-win32/gcc-arm-none-eabi-10.3-2021.10/bin/../lib/gcc/arm-none-eabi/10.3.1/thumb/v7-m/nofp/crtbegin.o
LOAD d:/clion/tools/gcc-arm-none-eabi-10.3-2021.10-win32/gcc-arm-none-eabi-10.3-2021.10/bin/../lib/gcc/arm-none-eabi/10.3.1/../../../../arm-none-eabi/lib/thumb/v7-m/nofp/crt0.o
LOAD CMakeFiles/4w.elf.dir/ADC/myadc.c.obj
LOAD CMakeFiles/4w.elf.dir/ADC_XJ/ADC_XJ.c.obj
LOAD CMakeFiles/4w.elf.dir/Drivers/STM32F1xx_HAL_Driver/Src/stm32f1xx_hal.c.obj
LOAD CMakeFiles/4w.elf.dir/Drivers/STM32F1xx_HAL_Driver/Src/stm32f1xx_hal_adc.c.obj
LOAD CMakeFiles/4w.elf.dir/Drivers/STM32F1xx_HAL_Driver/Src/stm32f1xx_hal_adc_ex.c.obj
LOAD CMakeFiles/4w.elf.dir/Drivers/STM32F1xx_HAL_Driver/Src/stm32f1xx_hal_cortex.c.obj
LOAD CMakeFiles/4w.elf.dir/Drivers/STM32F1xx_HAL_Driver/Src/stm32f1xx_hal_dma.c.obj
LOAD CMakeFiles/4w.elf.dir/Drivers/STM32F1xx_HAL_Driver/Src/stm32f1xx_hal_exti.c.obj
LOAD CMakeFiles/4w.elf.dir/Drivers/STM32F1xx_HAL_Driver/Src/stm32f1xx_hal_flash.c.obj
LOAD CMakeFiles/4w.elf.dir/Drivers/STM32F1xx_HAL_Driver/Src/stm32f1xx_hal_flash_ex.c.obj
LOAD CMakeFiles/4w.elf.dir/Drivers/STM32F1xx_HAL_Driver/Src/stm32f1xx_hal_gpio.c.obj
LOAD CMakeFiles/4w.elf.dir/Drivers/STM32F1xx_HAL_Driver/Src/stm32f1xx_hal_gpio_ex.c.obj
LOAD CMakeFiles/4w.elf.dir/Drivers/STM32F1xx_HAL_Driver/Src/stm32f1xx_hal_pwr.c.obj
LOAD CMakeFiles/4w.elf.dir/Drivers/STM32F1xx_HAL_Driver/Src/stm32f1xx_hal_rcc.c.obj
LOAD CMakeFiles/4w.elf.dir/Drivers/STM32F1xx_HAL_Driver/Src/stm32f1xx_hal_rcc_ex.c.obj
LOAD CMakeFiles/4w.elf.dir/Drivers/STM32F1xx_HAL_Driver/Src/stm32f1xx_hal_tim.c.obj
LOAD CMakeFiles/4w.elf.dir/Drivers/STM32F1xx_HAL_Driver/Src/stm32f1xx_hal_tim_ex.c.obj
LOAD CMakeFiles/4w.elf.dir/Drivers/STM32F1xx_HAL_Driver/Src/stm32f1xx_hal_uart.c.obj
LOAD CMakeFiles/4w.elf.dir/PID/PID.c.obj
LOAD CMakeFiles/4w.elf.dir/Src/adc.c.obj
LOAD CMakeFiles/4w.elf.dir/Src/gpio.c.obj
LOAD CMakeFiles/4w.elf.dir/Src/main.c.obj
LOAD CMakeFiles/4w.elf.dir/Src/motor.c.obj
LOAD CMakeFiles/4w.elf.dir/Src/stm32f1xx_hal_msp.c.obj
LOAD CMakeFiles/4w.elf.dir/Src/stm32f1xx_it.c.obj
LOAD CMakeFiles/4w.elf.dir/Src/syscalls.c.obj
LOAD CMakeFiles/4w.elf.dir/Src/sysmem.c.obj
LOAD CMakeFiles/4w.elf.dir/Src/system_stm32f1xx.c.obj
LOAD CMakeFiles/4w.elf.dir/Src/tim.c.obj
LOAD CMakeFiles/4w.elf.dir/Src/usart.c.obj
LOAD CMakeFiles/4w.elf.dir/Startup/startup_stm32f103c8tx.s.obj
LOAD CMakeFiles/4w.elf.dir/mpu6050/bsp_iic.c.obj
LOAD CMakeFiles/4w.elf.dir/mpu6050/inv_mpu.c.obj
LOAD CMakeFiles/4w.elf.dir/mpu6050/inv_mpu_dmp_motion_driver.c.obj
LOAD CMakeFiles/4w.elf.dir/mpu6050/mpu6050.c.obj
LOAD CMakeFiles/4w.elf.dir/oled_sim/oled.c.obj
START GROUP
LOAD d:/clion/tools/gcc-arm-none-eabi-10.3-2021.10-win32/gcc-arm-none-eabi-10.3-2021.10/bin/../lib/gcc/arm-none-eabi/10.3.1/thumb/v7-m/nofp\libgcc.a
LOAD d:/clion/tools/gcc-arm-none-eabi-10.3-2021.10-win32/gcc-arm-none-eabi-10.3-2021.10/bin/../lib/gcc/arm-none-eabi/10.3.1/../../../../arm-none-eabi/lib/thumb/v7-m/nofp\libg.a
LOAD d:/clion/tools/gcc-arm-none-eabi-10.3-2021.10-win32/gcc-arm-none-eabi-10.3-2021.10/bin/../lib/gcc/arm-none-eabi/10.3.1/../../../../arm-none-eabi/lib/thumb/v7-m/nofp\libc.a
END GROUP
LOAD d:/clion/tools/gcc-arm-none-eabi-10.3-2021.10-win32/gcc-arm-none-eabi-10.3-2021.10/bin/../lib/gcc/arm-none-eabi/10.3.1/thumb/v7-m/nofp/crtend.o
LOAD d:/clion/tools/gcc-arm-none-eabi-10.3-2021.10-win32/gcc-arm-none-eabi-10.3-2021.10/bin/../lib/gcc/arm-none-eabi/10.3.1/thumb/v7-m/nofp/crtn.o
                0x20005000                _estack = (ORIGIN (RAM) + LENGTH (RAM))
                0x00000200                _Min_Heap_Size = 0x200
                0x00000400                _Min_Stack_Size = 0x400

.isr_vector     0x08000000      0x10c
                0x08000000                . = ALIGN (0x4)
 *(.isr_vector)
 .isr_vector    0x08000000      0x10c CMakeFiles/4w.elf.dir/Startup/startup_stm32f103c8tx.s.obj
                0x08000000                g_pfnVectors
                0x0800010c                . = ALIGN (0x4)

.text           0x08000110     0xf5d0
                0x08000110                . = ALIGN (0x4)
 *(.text)
 .text          0x08000110       0x40 d:/clion/tools/gcc-arm-none-eabi-10.3-2021.10-win32/gcc-arm-none-eabi-10.3-2021.10/bin/../lib/gcc/arm-none-eabi/10.3.1/thumb/v7-m/nofp/crtbegin.o
 .text          0x08000150      0x378 d:/clion/tools/gcc-arm-none-eabi-10.3-2021.10-win32/gcc-arm-none-eabi-10.3-2021.10/bin/../lib/gcc/arm-none-eabi/10.3.1/thumb/v7-m/nofp\libgcc.a(_arm_addsubdf3.o)
                0x08000150                __aeabi_drsub
                0x08000158                __aeabi_dsub
                0x08000158                __subdf3
                0x0800015c                __aeabi_dadd
                0x0800015c                __adddf3
                0x080003d4                __floatunsidf
                0x080003d4                __aeabi_ui2d
                0x080003f4                __floatsidf
                0x080003f4                __aeabi_i2d
                0x08000418                __aeabi_f2d
                0x08000418                __extendsfdf2
                0x0800045c                __floatundidf
                0x0800045c                __aeabi_ul2d
                0x0800046c                __floatdidf
                0x0800046c                __aeabi_l2d
 .text          0x080004c8      0x424 d:/clion/tools/gcc-arm-none-eabi-10.3-2021.10-win32/gcc-arm-none-eabi-10.3-2021.10/bin/../lib/gcc/arm-none-eabi/10.3.1/thumb/v7-m/nofp\libgcc.a(_arm_muldivdf3.o)
                0x080004c8                __aeabi_dmul
                0x080004c8                __muldf3
                0x0800071c                __divdf3
                0x0800071c                __aeabi_ddiv
 .text          0x080008ec      0x110 d:/clion/tools/gcc-arm-none-eabi-10.3-2021.10-win32/gcc-arm-none-eabi-10.3-2021.10/bin/../lib/gcc/arm-none-eabi/10.3.1/thumb/v7-m/nofp\libgcc.a(_arm_cmpdf2.o)
                0x080008ec                __gtdf2
                0x080008ec                __gedf2
                0x080008f4                __ltdf2
                0x080008f4                __ledf2
                0x080008fc                __nedf2
                0x080008fc                __eqdf2
                0x080008fc                __cmpdf2
                0x08000978                __aeabi_cdrcmple
                0x08000988                __aeabi_cdcmpeq
                0x08000988                __aeabi_cdcmple
                0x08000998                __aeabi_dcmpeq
                0x080009ac                __aeabi_dcmplt
                0x080009c0                __aeabi_dcmple
                0x080009d4                __aeabi_dcmpge
                0x080009e8                __aeabi_dcmpgt
 .text          0x080009fc       0xa0 d:/clion/tools/gcc-arm-none-eabi-10.3-2021.10-win32/gcc-arm-none-eabi-10.3-2021.10/bin/../lib/gcc/arm-none-eabi/10.3.1/thumb/v7-m/nofp\libgcc.a(_arm_truncdfsf2.o)
                0x080009fc                __truncdfsf2
                0x080009fc                __aeabi_d2f
 .text          0x08000a9c      0x21c d:/clion/tools/gcc-arm-none-eabi-10.3-2021.10-win32/gcc-arm-none-eabi-10.3-2021.10/bin/../lib/gcc/arm-none-eabi/10.3.1/thumb/v7-m/nofp\libgcc.a(_arm_addsubsf3.o)
                0x08000a9c                __aeabi_frsub
                0x08000aa4                __subsf3
                0x08000aa4                __aeabi_fsub
                0x08000aa8                __aeabi_fadd
                0x08000aa8                __addsf3
                0x08000c08                __aeabi_ui2f
                0x08000c08                __floatunsisf
                0x08000c10                __aeabi_i2f
                0x08000c10                __floatsisf
                0x08000c2c                __aeabi_ul2f
                0x08000c2c                __floatundisf
                0x08000c3c                __aeabi_l2f
                0x08000c3c                __floatdisf
 .text          0x08000cb8      0x2a0 d:/clion/tools/gcc-arm-none-eabi-10.3-2021.10-win32/gcc-arm-none-eabi-10.3-2021.10/bin/../lib/gcc/arm-none-eabi/10.3.1/thumb/v7-m/nofp\libgcc.a(_arm_muldivsf3.o)
                0x08000cb8                __mulsf3
                0x08000cb8                __aeabi_fmul
                0x08000e20                __aeabi_fdiv
                0x08000e20                __divsf3
 .text          0x08000f58       0xec d:/clion/tools/gcc-arm-none-eabi-10.3-2021.10-win32/gcc-arm-none-eabi-10.3-2021.10/bin/../lib/gcc/arm-none-eabi/10.3.1/thumb/v7-m/nofp\libgcc.a(_arm_cmpsf2.o)
                0x08000f58                __gesf2
                0x08000f58                __gtsf2
                0x08000f60                __lesf2
                0x08000f60                __ltsf2
                0x08000f68                __nesf2
                0x08000f68                __eqsf2
                0x08000f68                __cmpsf2
                0x08000fc8                __aeabi_cfrcmple
                0x08000fd0                __aeabi_cfcmpeq
                0x08000fd0                __aeabi_cfcmple
                0x08000fe0                __aeabi_fcmpeq
                0x08000ff4                __aeabi_fcmplt
                0x08001008                __aeabi_fcmple
                0x0800101c                __aeabi_fcmpge
                0x08001030                __aeabi_fcmpgt
 .text          0x08001044       0x4c d:/clion/tools/gcc-arm-none-eabi-10.3-2021.10-win32/gcc-arm-none-eabi-10.3-2021.10/bin/../lib/gcc/arm-none-eabi/10.3.1/thumb/v7-m/nofp\libgcc.a(_arm_fixsfsi.o)
                0x08001044                __aeabi_f2iz
                0x08001044                __fixsfsi
 .text          0x08001090       0x40 d:/clion/tools/gcc-arm-none-eabi-10.3-2021.10-win32/gcc-arm-none-eabi-10.3-2021.10/bin/../lib/gcc/arm-none-eabi/10.3.1/thumb/v7-m/nofp\libgcc.a(_arm_fixunssfsi.o)
                0x08001090                __fixunssfsi
                0x08001090                __aeabi_f2uiz
 .text          0x080010d0       0xa0 d:/clion/tools/gcc-arm-none-eabi-10.3-2021.10-win32/gcc-arm-none-eabi-10.3-2021.10/bin/../lib/gcc/arm-none-eabi/10.3.1/thumb/v7-m/nofp\libgcc.a(_aeabi_ldivmod.o)
                0x080010d0                __aeabi_ldivmod
 .text          0x08001170      0x2d4 d:/clion/tools/gcc-arm-none-eabi-10.3-2021.10-win32/gcc-arm-none-eabi-10.3-2021.10/bin/../lib/gcc/arm-none-eabi/10.3.1/thumb/v7-m/nofp\libgcc.a(_udivmoddi4.o)
                0x08001170                __udivmoddi4
 .text          0x08001444        0x4 d:/clion/tools/gcc-arm-none-eabi-10.3-2021.10-win32/gcc-arm-none-eabi-10.3-2021.10/bin/../lib/gcc/arm-none-eabi/10.3.1/thumb/v7-m/nofp\libgcc.a(_dvmd_tls.o)
                0x08001444                __aeabi_idiv0
                0x08001444                __aeabi_ldiv0
 .text          0x08001448       0xec d:/clion/tools/gcc-arm-none-eabi-10.3-2021.10-win32/gcc-arm-none-eabi-10.3-2021.10/bin/../lib/gcc/arm-none-eabi/10.3.1/../../../../arm-none-eabi/lib/thumb/v7-m/nofp\libg.a(lib_a-memcpy.o)
                0x08001448                memcpy
 .text          0x08001534       0x2c d:/clion/tools/gcc-arm-none-eabi-10.3-2021.10-win32/gcc-arm-none-eabi-10.3-2021.10/bin/../lib/gcc/arm-none-eabi/10.3.1/thumb/v7-m/nofp\libgcc.a(_arm_unorddf2.o)
                0x08001534                __unorddf2
                0x08001534                __aeabi_dcmpun
 .text          0x08001560       0x50 d:/clion/tools/gcc-arm-none-eabi-10.3-2021.10-win32/gcc-arm-none-eabi-10.3-2021.10/bin/../lib/gcc/arm-none-eabi/10.3.1/thumb/v7-m/nofp\libgcc.a(_arm_fixdfsi.o)
                0x08001560                __aeabi_d2iz
                0x08001560                __fixdfsi
 .text          0x080015b0       0x30 d:/clion/tools/gcc-arm-none-eabi-10.3-2021.10-win32/gcc-arm-none-eabi-10.3-2021.10/bin/../lib/gcc/arm-none-eabi/10.3.1/thumb/v7-m/nofp\libgcc.a(_aeabi_uldivmod.o)
                0x080015b0                __aeabi_uldivmod
 *(.text*)
 .text.Get_Adc  0x080015e0       0x70 CMakeFiles/4w.elf.dir/ADC/myadc.c.obj
                0x080015e0                Get_Adc
 .text.ADC_Value_t
                0x08001650       0x68 CMakeFiles/4w.elf.dir/ADC/myadc.c.obj
                0x08001650                ADC_Value_t
 .text.HAL_InitTick
                0x080016b8       0x4c CMakeFiles/4w.elf.dir/Drivers/STM32F1xx_HAL_Driver/Src/stm32f1xx_hal.c.obj
                0x080016b8                HAL_InitTick
 .text.HAL_Init
                0x08001704       0x24 CMakeFiles/4w.elf.dir/Drivers/STM32F1xx_HAL_Driver/Src/stm32f1xx_hal.c.obj
                0x08001704                HAL_Init
 .text.HAL_IncTick
                0x08001728       0x18 CMakeFiles/4w.elf.dir/Drivers/STM32F1xx_HAL_Driver/Src/stm32f1xx_hal.c.obj
                0x08001728                HAL_IncTick
 .text.HAL_GetTick
                0x08001740        0xc CMakeFiles/4w.elf.dir/Drivers/STM32F1xx_HAL_Driver/Src/stm32f1xx_hal.c.obj
                0x08001740                HAL_GetTick
 .text.HAL_Delay
                0x0800174c       0x28 CMakeFiles/4w.elf.dir/Drivers/STM32F1xx_HAL_Driver/Src/stm32f1xx_hal.c.obj
                0x0800174c                HAL_Delay
 .text.HAL_ADC_PollForConversion
                0x08001774      0x184 CMakeFiles/4w.elf.dir/Drivers/STM32F1xx_HAL_Driver/Src/stm32f1xx_hal_adc.c.obj
                0x08001774                HAL_ADC_PollForConversion
 .text.HAL_ADC_GetValue
                0x080018f8        0x6 CMakeFiles/4w.elf.dir/Drivers/STM32F1xx_HAL_Driver/Src/stm32f1xx_hal_adc.c.obj
                0x080018f8                HAL_ADC_GetValue
 *fill*         0x080018fe        0x2 
 .text.HAL_ADC_ConfigChannel
                0x08001900      0x144 CMakeFiles/4w.elf.dir/Drivers/STM32F1xx_HAL_Driver/Src/stm32f1xx_hal_adc.c.obj
                0x08001900                HAL_ADC_ConfigChannel
 .text.ADC_Enable
                0x08001a44       0x88 CMakeFiles/4w.elf.dir/Drivers/STM32F1xx_HAL_Driver/Src/stm32f1xx_hal_adc.c.obj
                0x08001a44                ADC_Enable
 .text.HAL_ADC_Start
                0x08001acc       0xe8 CMakeFiles/4w.elf.dir/Drivers/STM32F1xx_HAL_Driver/Src/stm32f1xx_hal_adc.c.obj
                0x08001acc                HAL_ADC_Start
 .text.ADC_ConversionStop_Disable
                0x08001bb4       0x56 CMakeFiles/4w.elf.dir/Drivers/STM32F1xx_HAL_Driver/Src/stm32f1xx_hal_adc.c.obj
                0x08001bb4                ADC_ConversionStop_Disable
 *fill*         0x08001c0a        0x2 
 .text.HAL_ADC_Init
                0x08001c0c      0x108 CMakeFiles/4w.elf.dir/Drivers/STM32F1xx_HAL_Driver/Src/stm32f1xx_hal_adc.c.obj
                0x08001c0c                HAL_ADC_Init
 .text.HAL_NVIC_SetPriorityGrouping
                0x08001d14       0x24 CMakeFiles/4w.elf.dir/Drivers/STM32F1xx_HAL_Driver/Src/stm32f1xx_hal_cortex.c.obj
                0x08001d14                HAL_NVIC_SetPriorityGrouping
 .text.HAL_NVIC_SetPriority
                0x08001d38       0x70 CMakeFiles/4w.elf.dir/Drivers/STM32F1xx_HAL_Driver/Src/stm32f1xx_hal_cortex.c.obj
                0x08001d38                HAL_NVIC_SetPriority
 .text.HAL_NVIC_EnableIRQ
                0x08001da8       0x1c CMakeFiles/4w.elf.dir/Drivers/STM32F1xx_HAL_Driver/Src/stm32f1xx_hal_cortex.c.obj
                0x08001da8                HAL_NVIC_EnableIRQ
 .text.HAL_SYSTICK_Config
                0x08001dc4       0x28 CMakeFiles/4w.elf.dir/Drivers/STM32F1xx_HAL_Driver/Src/stm32f1xx_hal_cortex.c.obj
                0x08001dc4                HAL_SYSTICK_Config
 .text.HAL_GPIO_Init
                0x08001dec      0x224 CMakeFiles/4w.elf.dir/Drivers/STM32F1xx_HAL_Driver/Src/stm32f1xx_hal_gpio.c.obj
                0x08001dec                HAL_GPIO_Init
 .text.HAL_GPIO_ReadPin
                0x08002010        0xe CMakeFiles/4w.elf.dir/Drivers/STM32F1xx_HAL_Driver/Src/stm32f1xx_hal_gpio.c.obj
                0x08002010                HAL_GPIO_ReadPin
 .text.HAL_GPIO_WritePin
                0x0800201e        0xc CMakeFiles/4w.elf.dir/Drivers/STM32F1xx_HAL_Driver/Src/stm32f1xx_hal_gpio.c.obj
                0x0800201e                HAL_GPIO_WritePin
 .text.HAL_GPIO_TogglePin
                0x0800202a       0x12 CMakeFiles/4w.elf.dir/Drivers/STM32F1xx_HAL_Driver/Src/stm32f1xx_hal_gpio.c.obj
                0x0800202a                HAL_GPIO_TogglePin
 .text.RCC_Delay
                0x0800203c       0x2c CMakeFiles/4w.elf.dir/Drivers/STM32F1xx_HAL_Driver/Src/stm32f1xx_hal_rcc.c.obj
 .text.HAL_RCC_OscConfig
                0x08002068      0x410 CMakeFiles/4w.elf.dir/Drivers/STM32F1xx_HAL_Driver/Src/stm32f1xx_hal_rcc.c.obj
                0x08002068                HAL_RCC_OscConfig
 .text.HAL_RCC_GetSysClockFreq
                0x08002478       0x54 CMakeFiles/4w.elf.dir/Drivers/STM32F1xx_HAL_Driver/Src/stm32f1xx_hal_rcc.c.obj
                0x08002478                HAL_RCC_GetSysClockFreq
 .text.HAL_RCC_ClockConfig
                0x080024cc      0x16c CMakeFiles/4w.elf.dir/Drivers/STM32F1xx_HAL_Driver/Src/stm32f1xx_hal_rcc.c.obj
                0x080024cc                HAL_RCC_ClockConfig
 .text.HAL_RCC_GetHCLKFreq
                0x08002638        0xc CMakeFiles/4w.elf.dir/Drivers/STM32F1xx_HAL_Driver/Src/stm32f1xx_hal_rcc.c.obj
                0x08002638                HAL_RCC_GetHCLKFreq
 .text.HAL_RCC_GetPCLK1Freq
                0x08002644       0x20 CMakeFiles/4w.elf.dir/Drivers/STM32F1xx_HAL_Driver/Src/stm32f1xx_hal_rcc.c.obj
                0x08002644                HAL_RCC_GetPCLK1Freq
 .text.HAL_RCC_GetPCLK2Freq
                0x08002664       0x20 CMakeFiles/4w.elf.dir/Drivers/STM32F1xx_HAL_Driver/Src/stm32f1xx_hal_rcc.c.obj
                0x08002664                HAL_RCC_GetPCLK2Freq
 .text.HAL_RCCEx_PeriphCLKConfig
                0x08002684      0x118 CMakeFiles/4w.elf.dir/Drivers/STM32F1xx_HAL_Driver/Src/stm32f1xx_hal_rcc_ex.c.obj
                0x08002684                HAL_RCCEx_PeriphCLKConfig
 .text.HAL_RCCEx_GetPeriphCLKFreq
                0x0800279c       0xd8 CMakeFiles/4w.elf.dir/Drivers/STM32F1xx_HAL_Driver/Src/stm32f1xx_hal_rcc_ex.c.obj
                0x0800279c                HAL_RCCEx_GetPeriphCLKFreq
 .text.TIM_OC1_SetConfig
                0x08002874       0x5c CMakeFiles/4w.elf.dir/Drivers/STM32F1xx_HAL_Driver/Src/stm32f1xx_hal_tim.c.obj
 .text.TIM_OC3_SetConfig
                0x080028d0       0x64 CMakeFiles/4w.elf.dir/Drivers/STM32F1xx_HAL_Driver/Src/stm32f1xx_hal_tim.c.obj
 .text.TIM_OC4_SetConfig
                0x08002934       0x48 CMakeFiles/4w.elf.dir/Drivers/STM32F1xx_HAL_Driver/Src/stm32f1xx_hal_tim.c.obj
 .text.TIM_TI1_ConfigInputStage
                0x0800297c       0x24 CMakeFiles/4w.elf.dir/Drivers/STM32F1xx_HAL_Driver/Src/stm32f1xx_hal_tim.c.obj
 .text.TIM_TI2_ConfigInputStage
                0x080029a0       0x26 CMakeFiles/4w.elf.dir/Drivers/STM32F1xx_HAL_Driver/Src/stm32f1xx_hal_tim.c.obj
 .text.TIM_ITRx_SetConfig
                0x080029c6       0x10 CMakeFiles/4w.elf.dir/Drivers/STM32F1xx_HAL_Driver/Src/stm32f1xx_hal_tim.c.obj
 *fill*         0x080029d6        0x2 
 .text.HAL_TIM_Base_Start_IT
                0x080029d8       0x68 CMakeFiles/4w.elf.dir/Drivers/STM32F1xx_HAL_Driver/Src/stm32f1xx_hal_tim.c.obj
                0x080029d8                HAL_TIM_Base_Start_IT
 .text.HAL_TIM_PWM_MspInit
                0x08002a40        0x2 CMakeFiles/4w.elf.dir/Drivers/STM32F1xx_HAL_Driver/Src/stm32f1xx_hal_tim.c.obj
                0x08002a40                HAL_TIM_PWM_MspInit
 .text.HAL_TIM_OC_DelayElapsedCallback
                0x08002a42        0x2 CMakeFiles/4w.elf.dir/Drivers/STM32F1xx_HAL_Driver/Src/stm32f1xx_hal_tim.c.obj
                0x08002a42                HAL_TIM_OC_DelayElapsedCallback
 .text.HAL_TIM_IC_CaptureCallback
                0x08002a44        0x2 CMakeFiles/4w.elf.dir/Drivers/STM32F1xx_HAL_Driver/Src/stm32f1xx_hal_tim.c.obj
                0x08002a44                HAL_TIM_IC_CaptureCallback
 .text.HAL_TIM_PWM_PulseFinishedCallback
                0x08002a46        0x2 CMakeFiles/4w.elf.dir/Drivers/STM32F1xx_HAL_Driver/Src/stm32f1xx_hal_tim.c.obj
                0x08002a46                HAL_TIM_PWM_PulseFinishedCallback
 .text.HAL_TIM_TriggerCallback
                0x08002a48        0x2 CMakeFiles/4w.elf.dir/Drivers/STM32F1xx_HAL_Driver/Src/stm32f1xx_hal_tim.c.obj
                0x08002a48                HAL_TIM_TriggerCallback
 .text.HAL_TIM_IRQHandler
                0x08002a4a      0x17a CMakeFiles/4w.elf.dir/Drivers/STM32F1xx_HAL_Driver/Src/stm32f1xx_hal_tim.c.obj
                0x08002a4a                HAL_TIM_IRQHandler
 .text.TIM_Base_SetConfig
                0x08002bc4       0x74 CMakeFiles/4w.elf.dir/Drivers/STM32F1xx_HAL_Driver/Src/stm32f1xx_hal_tim.c.obj
                0x08002bc4                TIM_Base_SetConfig
 .text.HAL_TIM_Base_Init
                0x08002c38       0x58 CMakeFiles/4w.elf.dir/Drivers/STM32F1xx_HAL_Driver/Src/stm32f1xx_hal_tim.c.obj
                0x08002c38                HAL_TIM_Base_Init
 .text.HAL_TIM_PWM_Init
                0x08002c90       0x58 CMakeFiles/4w.elf.dir/Drivers/STM32F1xx_HAL_Driver/Src/stm32f1xx_hal_tim.c.obj
                0x08002c90                HAL_TIM_PWM_Init
 .text.TIM_OC2_SetConfig
                0x08002ce8       0x64 CMakeFiles/4w.elf.dir/Drivers/STM32F1xx_HAL_Driver/Src/stm32f1xx_hal_tim.c.obj
                0x08002ce8                TIM_OC2_SetConfig
 .text.HAL_TIM_PWM_ConfigChannel
                0x08002d4c       0xdc CMakeFiles/4w.elf.dir/Drivers/STM32F1xx_HAL_Driver/Src/stm32f1xx_hal_tim.c.obj
                0x08002d4c                HAL_TIM_PWM_ConfigChannel
 .text.TIM_ETR_SetConfig
                0x08002e28       0x18 CMakeFiles/4w.elf.dir/Drivers/STM32F1xx_HAL_Driver/Src/stm32f1xx_hal_tim.c.obj
                0x08002e28                TIM_ETR_SetConfig
 .text.HAL_TIM_ConfigClockSource
                0x08002e40       0xfe CMakeFiles/4w.elf.dir/Drivers/STM32F1xx_HAL_Driver/Src/stm32f1xx_hal_tim.c.obj
                0x08002e40                HAL_TIM_ConfigClockSource
 .text.TIM_CCxChannelCmd
                0x08002f3e       0x1e CMakeFiles/4w.elf.dir/Drivers/STM32F1xx_HAL_Driver/Src/stm32f1xx_hal_tim.c.obj
                0x08002f3e                TIM_CCxChannelCmd
 .text.HAL_TIM_PWM_Start
                0x08002f5c       0xdc CMakeFiles/4w.elf.dir/Drivers/STM32F1xx_HAL_Driver/Src/stm32f1xx_hal_tim.c.obj
                0x08002f5c                HAL_TIM_PWM_Start
 .text.HAL_TIMEx_MasterConfigSynchronization
                0x08003038       0x6c CMakeFiles/4w.elf.dir/Drivers/STM32F1xx_HAL_Driver/Src/stm32f1xx_hal_tim_ex.c.obj
                0x08003038                HAL_TIMEx_MasterConfigSynchronization
 .text.HAL_TIMEx_CommutCallback
                0x080030a4        0x2 CMakeFiles/4w.elf.dir/Drivers/STM32F1xx_HAL_Driver/Src/stm32f1xx_hal_tim_ex.c.obj
                0x080030a4                HAL_TIMEx_CommutCallback
 .text.HAL_TIMEx_BreakCallback
                0x080030a6        0x2 CMakeFiles/4w.elf.dir/Drivers/STM32F1xx_HAL_Driver/Src/stm32f1xx_hal_tim_ex.c.obj
                0x080030a6                HAL_TIMEx_BreakCallback
 .text.UART_SetConfig
                0x080030a8       0x94 CMakeFiles/4w.elf.dir/Drivers/STM32F1xx_HAL_Driver/Src/stm32f1xx_hal_uart.c.obj
 .text.UART_WaitOnFlagUntilTimeout
                0x0800313c       0x88 CMakeFiles/4w.elf.dir/Drivers/STM32F1xx_HAL_Driver/Src/stm32f1xx_hal_uart.c.obj
 .text.HAL_UART_Init
                0x080031c4       0x60 CMakeFiles/4w.elf.dir/Drivers/STM32F1xx_HAL_Driver/Src/stm32f1xx_hal_uart.c.obj
                0x080031c4                HAL_UART_Init
 .text.HAL_UART_Transmit
                0x08003224       0xbe CMakeFiles/4w.elf.dir/Drivers/STM32F1xx_HAL_Driver/Src/stm32f1xx_hal_uart.c.obj
                0x08003224                HAL_UART_Transmit
 .text.PID_Init
                0x080032e2       0x14 CMakeFiles/4w.elf.dir/PID/PID.c.obj
                0x080032e2                PID_Init
 .text.PID_Set  0x080032f6        0xc CMakeFiles/4w.elf.dir/PID/PID.c.obj
                0x080032f6                PID_Set
 *fill*         0x08003302        0x2 
 .text.PID_Proc
                0x08003304       0x78 CMakeFiles/4w.elf.dir/PID/PID.c.obj
                0x08003304                PID_Proc
 .text.MX_ADC1_Init
                0x0800337c       0x5c CMakeFiles/4w.elf.dir/Src/adc.c.obj
                0x0800337c                MX_ADC1_Init
 .text.HAL_ADC_MspInit
                0x080033d8       0x80 CMakeFiles/4w.elf.dir/Src/adc.c.obj
                0x080033d8                HAL_ADC_MspInit
 .text.MX_GPIO_Init
                0x08003458       0xe4 CMakeFiles/4w.elf.dir/Src/gpio.c.obj
                0x08003458                MX_GPIO_Init
 .text.__io_putchar
                0x0800353c       0x20 CMakeFiles/4w.elf.dir/Src/main.c.obj
                0x0800353c                __io_putchar
 .text.Error_Handler
                0x0800355c        0x4 CMakeFiles/4w.elf.dir/Src/main.c.obj
                0x0800355c                Error_Handler
 .text.SystemClock_Config
                0x08003560       0x84 CMakeFiles/4w.elf.dir/Src/main.c.obj
                0x08003560                SystemClock_Config
 .text.main     0x080035e4      0x3dc CMakeFiles/4w.elf.dir/Src/main.c.obj
                0x080035e4                main
 .text.MOTOR_L_F
                0x080039c0       0x30 CMakeFiles/4w.elf.dir/Src/motor.c.obj
                0x080039c0                MOTOR_L_F
 .text.MOTOR_L_B
                0x080039f0       0x30 CMakeFiles/4w.elf.dir/Src/motor.c.obj
                0x080039f0                MOTOR_L_B
 .text.MOTOR_R_F
                0x08003a20       0x30 CMakeFiles/4w.elf.dir/Src/motor.c.obj
                0x08003a20                MOTOR_R_F
 .text.MOTOR_R_B
                0x08003a50       0x30 CMakeFiles/4w.elf.dir/Src/motor.c.obj
                0x08003a50                MOTOR_R_B
 .text.Motor    0x08003a80       0x80 CMakeFiles/4w.elf.dir/Src/motor.c.obj
                0x08003a80                Motor
 .text.HAL_MspInit
                0x08003b00       0x44 CMakeFiles/4w.elf.dir/Src/stm32f1xx_hal_msp.c.obj
                0x08003b00                HAL_MspInit
 .text.NMI_Handler
                0x08003b44        0x2 CMakeFiles/4w.elf.dir/Src/stm32f1xx_it.c.obj
                0x08003b44                NMI_Handler
 .text.HardFault_Handler
                0x08003b46        0x2 CMakeFiles/4w.elf.dir/Src/stm32f1xx_it.c.obj
                0x08003b46                HardFault_Handler
 .text.MemManage_Handler
                0x08003b48        0x2 CMakeFiles/4w.elf.dir/Src/stm32f1xx_it.c.obj
                0x08003b48                MemManage_Handler
 .text.BusFault_Handler
                0x08003b4a        0x2 CMakeFiles/4w.elf.dir/Src/stm32f1xx_it.c.obj
                0x08003b4a                BusFault_Handler
 .text.UsageFault_Handler
                0x08003b4c        0x2 CMakeFiles/4w.elf.dir/Src/stm32f1xx_it.c.obj
                0x08003b4c                UsageFault_Handler
 .text.SVC_Handler
                0x08003b4e        0x2 CMakeFiles/4w.elf.dir/Src/stm32f1xx_it.c.obj
                0x08003b4e                SVC_Handler
 .text.DebugMon_Handler
                0x08003b50        0x2 CMakeFiles/4w.elf.dir/Src/stm32f1xx_it.c.obj
                0x08003b50                DebugMon_Handler
 .text.PendSV_Handler
                0x08003b52        0x2 CMakeFiles/4w.elf.dir/Src/stm32f1xx_it.c.obj
                0x08003b52                PendSV_Handler
 .text.SysTick_Handler
                0x08003b54        0x8 CMakeFiles/4w.elf.dir/Src/stm32f1xx_it.c.obj
                0x08003b54                SysTick_Handler
 .text.TIM4_IRQHandler
                0x08003b5c       0x10 CMakeFiles/4w.elf.dir/Src/stm32f1xx_it.c.obj
                0x08003b5c                TIM4_IRQHandler
 .text._getpid  0x08003b6c        0x4 CMakeFiles/4w.elf.dir/Src/syscalls.c.obj
                0x08003b6c                _getpid
 .text._kill    0x08003b70       0x10 CMakeFiles/4w.elf.dir/Src/syscalls.c.obj
                0x08003b70                _kill
 .text._exit    0x08003b80        0xc CMakeFiles/4w.elf.dir/Src/syscalls.c.obj
                0x08003b80                _exit
 .text._read    0x08003b8c       0x20 CMakeFiles/4w.elf.dir/Src/syscalls.c.obj
                0x08003b8c                _read
 .text._write   0x08003bac       0x1c CMakeFiles/4w.elf.dir/Src/syscalls.c.obj
                0x08003bac                _write
 .text._close   0x08003bc8        0x6 CMakeFiles/4w.elf.dir/Src/syscalls.c.obj
                0x08003bc8                _close
 .text._fstat   0x08003bce        0xa CMakeFiles/4w.elf.dir/Src/syscalls.c.obj
                0x08003bce                _fstat
 .text._isatty  0x08003bd8        0x4 CMakeFiles/4w.elf.dir/Src/syscalls.c.obj
                0x08003bd8                _isatty
 .text._lseek   0x08003bdc        0x4 CMakeFiles/4w.elf.dir/Src/syscalls.c.obj
                0x08003bdc                _lseek
 .text._sbrk    0x08003be0       0x48 CMakeFiles/4w.elf.dir/Src/sysmem.c.obj
                0x08003be0                _sbrk
 .text.SystemInit
                0x08003c28        0x2 CMakeFiles/4w.elf.dir/Src/system_stm32f1xx.c.obj
                0x08003c28                SystemInit
 *fill*         0x08003c2a        0x2 
 .text.HAL_TIM_PeriodElapsedCallback
                0x08003c2c       0xf4 CMakeFiles/4w.elf.dir/Src/tim.c.obj
                0x08003c2c                HAL_TIM_PeriodElapsedCallback
 .text.MX_TIM4_Init
                0x08003d20       0x70 CMakeFiles/4w.elf.dir/Src/tim.c.obj
                0x08003d20                MX_TIM4_Init
 .text.HAL_TIM_Base_MspInit
                0x08003d90       0x60 CMakeFiles/4w.elf.dir/Src/tim.c.obj
                0x08003d90                HAL_TIM_Base_MspInit
 .text.HAL_TIM_MspPostInit
                0x08003df0       0x64 CMakeFiles/4w.elf.dir/Src/tim.c.obj
                0x08003df0                HAL_TIM_MspPostInit
 .text.MX_TIM2_Init
                0x08003e54       0xc0 CMakeFiles/4w.elf.dir/Src/tim.c.obj
                0x08003e54                MX_TIM2_Init
 .text.MX_USART1_UART_Init
                0x08003f14       0x34 CMakeFiles/4w.elf.dir/Src/usart.c.obj
                0x08003f14                MX_USART1_UART_Init
 .text.MX_USART2_UART_Init
                0x08003f48       0x34 CMakeFiles/4w.elf.dir/Src/usart.c.obj
                0x08003f48                MX_USART2_UART_Init
 .text.HAL_UART_MspInit
                0x08003f7c       0xe8 CMakeFiles/4w.elf.dir/Src/usart.c.obj
                0x08003f7c                HAL_UART_MspInit
 .text.Reset_Handler
                0x08004064       0x48 CMakeFiles/4w.elf.dir/Startup/startup_stm32f103c8tx.s.obj
                0x08004064                Reset_Handler
 .text.Default_Handler
                0x080040ac        0x2 CMakeFiles/4w.elf.dir/Startup/startup_stm32f103c8tx.s.obj
                0x080040ac                RTC_Alarm_IRQHandler
                0x080040ac                EXTI2_IRQHandler
                0x080040ac                TIM1_CC_IRQHandler
                0x080040ac                PVD_IRQHandler
                0x080040ac                EXTI3_IRQHandler
                0x080040ac                EXTI0_IRQHandler
                0x080040ac                I2C2_EV_IRQHandler
                0x080040ac                ADC1_2_IRQHandler
                0x080040ac                SPI1_IRQHandler
                0x080040ac                TAMPER_IRQHandler
                0x080040ac                DMA1_Channel4_IRQHandler
                0x080040ac                USART3_IRQHandler
                0x080040ac                RTC_IRQHandler
                0x080040ac                DMA1_Channel7_IRQHandler
                0x080040ac                CAN1_RX1_IRQHandler
                0x080040ac                I2C1_EV_IRQHandler
                0x080040ac                DMA1_Channel6_IRQHandler
                0x080040ac                TIM3_IRQHandler
                0x080040ac                RCC_IRQHandler
                0x080040ac                TIM1_TRG_COM_IRQHandler
                0x080040ac                DMA1_Channel1_IRQHandler
                0x080040ac                Default_Handler
                0x080040ac                EXTI15_10_IRQHandler
                0x080040ac                EXTI9_5_IRQHandler
                0x080040ac                SPI2_IRQHandler
                0x080040ac                DMA1_Channel5_IRQHandler
                0x080040ac                EXTI4_IRQHandler
                0x080040ac                USB_LP_CAN1_RX0_IRQHandler
                0x080040ac                USB_HP_CAN1_TX_IRQHandler
                0x080040ac                DMA1_Channel3_IRQHandler
                0x080040ac                TIM1_UP_IRQHandler
                0x080040ac                WWDG_IRQHandler
                0x080040ac                TIM2_IRQHandler
                0x080040ac                TIM1_BRK_IRQHandler
                0x080040ac                EXTI1_IRQHandler
                0x080040ac                USART2_IRQHandler
                0x080040ac                I2C2_ER_IRQHandler
                0x080040ac                DMA1_Channel2_IRQHandler
                0x080040ac                CAN1_SCE_IRQHandler
                0x080040ac                FLASH_IRQHandler
                0x080040ac                USART1_IRQHandler
                0x080040ac                I2C1_ER_IRQHandler
                0x080040ac                USBWakeUp_IRQHandler
 *fill*         0x080040ae        0x2 
 .text.IIC_Start
                0x080040b0       0x34 CMakeFiles/4w.elf.dir/mpu6050/bsp_iic.c.obj
                0x080040b0                IIC_Start
 .text.IIC_Stop
                0x080040e4       0x28 CMakeFiles/4w.elf.dir/mpu6050/bsp_iic.c.obj
                0x080040e4                IIC_Stop
 .text.IIC_Send_Byte
                0x0800410c       0x5c CMakeFiles/4w.elf.dir/mpu6050/bsp_iic.c.obj
                0x0800410c                IIC_Send_Byte
 .text.IIC_Wait_Ack
                0x08004168       0x38 CMakeFiles/4w.elf.dir/mpu6050/bsp_iic.c.obj
                0x08004168                IIC_Wait_Ack
 .text.IIC_Ack  0x080041a0       0x34 CMakeFiles/4w.elf.dir/mpu6050/bsp_iic.c.obj
                0x080041a0                IIC_Ack
 .text.IIC_NAck
                0x080041d4       0x28 CMakeFiles/4w.elf.dir/mpu6050/bsp_iic.c.obj
                0x080041d4                IIC_NAck
 .text.IIC_Read_Byte
                0x080041fc       0x54 CMakeFiles/4w.elf.dir/mpu6050/bsp_iic.c.obj
                0x080041fc                IIC_Read_Byte
 .text.IIC_GPIO_Init
                0x08004250       0x50 CMakeFiles/4w.elf.dir/mpu6050/bsp_iic.c.obj
                0x08004250                IIC_GPIO_Init
 .text.get_accel_prod_shift
                0x080042a0       0xc4 CMakeFiles/4w.elf.dir/mpu6050/inv_mpu.c.obj
 .text.accel_self_test
                0x08004364       0xa8 CMakeFiles/4w.elf.dir/mpu6050/inv_mpu.c.obj
 .text.gyro_self_test
                0x0800440c      0x100 CMakeFiles/4w.elf.dir/mpu6050/inv_mpu.c.obj
 .text.set_int_enable
                0x0800450c       0x98 CMakeFiles/4w.elf.dir/mpu6050/inv_mpu.c.obj
 .text.get_st_biases
                0x080045a4      0x428 CMakeFiles/4w.elf.dir/mpu6050/inv_mpu.c.obj
 .text.mpu_reset_fifo
                0x080049cc      0x1f8 CMakeFiles/4w.elf.dir/mpu6050/inv_mpu.c.obj
                0x080049cc                mpu_reset_fifo
 .text.mpu_get_gyro_fsr
                0x08004bc4       0x3c CMakeFiles/4w.elf.dir/mpu6050/inv_mpu.c.obj
                0x08004bc4                mpu_get_gyro_fsr
 .text.mpu_set_gyro_fsr
                0x08004c00       0x98 CMakeFiles/4w.elf.dir/mpu6050/inv_mpu.c.obj
                0x08004c00                mpu_set_gyro_fsr
 .text.mpu_get_accel_fsr
                0x08004c98       0x44 CMakeFiles/4w.elf.dir/mpu6050/inv_mpu.c.obj
                0x08004c98                mpu_get_accel_fsr
 .text.mpu_set_accel_fsr
                0x08004cdc       0x94 CMakeFiles/4w.elf.dir/mpu6050/inv_mpu.c.obj
                0x08004cdc                mpu_set_accel_fsr
 .text.mpu_get_lpf
                0x08004d70       0x44 CMakeFiles/4w.elf.dir/mpu6050/inv_mpu.c.obj
                0x08004d70                mpu_get_lpf
 .text.mpu_set_lpf
                0x08004db4       0x94 CMakeFiles/4w.elf.dir/mpu6050/inv_mpu.c.obj
                0x08004db4                mpu_set_lpf
 .text.mpu_get_sample_rate
                0x08004e48       0x1c CMakeFiles/4w.elf.dir/mpu6050/inv_mpu.c.obj
                0x08004e48                mpu_get_sample_rate
 .text.mpu_get_gyro_sens
                0x08004e64       0x4c CMakeFiles/4w.elf.dir/mpu6050/inv_mpu.c.obj
                0x08004e64                mpu_get_gyro_sens
 .text.mpu_get_accel_sens
                0x08004eb0       0x4c CMakeFiles/4w.elf.dir/mpu6050/inv_mpu.c.obj
                0x08004eb0                mpu_get_accel_sens
 .text.mpu_get_fifo_config
                0x08004efc       0x10 CMakeFiles/4w.elf.dir/mpu6050/inv_mpu.c.obj
                0x08004efc                mpu_get_fifo_config
 .text.mpu_configure_fifo
                0x08004f0c       0x64 CMakeFiles/4w.elf.dir/mpu6050/inv_mpu.c.obj
                0x08004f0c                mpu_configure_fifo
 .text.mpu_read_fifo_stream
                0x08004f70       0xc0 CMakeFiles/4w.elf.dir/mpu6050/inv_mpu.c.obj
                0x08004f70                mpu_read_fifo_stream
 .text.mpu_set_bypass
                0x08005030      0x168 CMakeFiles/4w.elf.dir/mpu6050/inv_mpu.c.obj
                0x08005030                mpu_set_bypass
 .text.mpu_set_int_latched
                0x08005198       0x74 CMakeFiles/4w.elf.dir/mpu6050/inv_mpu.c.obj
                0x08005198                mpu_set_int_latched
 .text.mpu_lp_accel_mode
                0x0800520c       0xdc CMakeFiles/4w.elf.dir/mpu6050/inv_mpu.c.obj
                0x0800520c                mpu_lp_accel_mode
 .text.mpu_set_sample_rate
                0x080052e8       0xa0 CMakeFiles/4w.elf.dir/mpu6050/inv_mpu.c.obj
                0x080052e8                mpu_set_sample_rate
 .text.mpu_set_sensors
                0x08005388       0xe4 CMakeFiles/4w.elf.dir/mpu6050/inv_mpu.c.obj
                0x08005388                mpu_set_sensors
 .text.mpu_init
                0x0800546c      0x1b8 CMakeFiles/4w.elf.dir/mpu6050/inv_mpu.c.obj
                0x0800546c                mpu_init
 .text.mpu_write_mem
                0x08005624       0x74 CMakeFiles/4w.elf.dir/mpu6050/inv_mpu.c.obj
                0x08005624                mpu_write_mem
 .text.mpu_read_mem
                0x08005698       0x74 CMakeFiles/4w.elf.dir/mpu6050/inv_mpu.c.obj
                0x08005698                mpu_read_mem
 .text.mpu_load_firmware
                0x0800570c       0xb4 CMakeFiles/4w.elf.dir/mpu6050/inv_mpu.c.obj
                0x0800570c                mpu_load_firmware
 .text.mpu_set_dmp_state
                0x080057c0       0x94 CMakeFiles/4w.elf.dir/mpu6050/inv_mpu.c.obj
                0x080057c0                mpu_set_dmp_state
 .text.mpu_run_self_test
                0x08005854      0x104 CMakeFiles/4w.elf.dir/mpu6050/inv_mpu.c.obj
                0x08005854                mpu_run_self_test
 .text.run_self_test
                0x08005958       0x78 CMakeFiles/4w.elf.dir/mpu6050/inv_mpu.c.obj
                0x08005958                run_self_test
 .text.inv_row_2_scale
                0x080059d0       0x3a CMakeFiles/4w.elf.dir/mpu6050/inv_mpu.c.obj
                0x080059d0                inv_row_2_scale
 .text.inv_orientation_matrix_to_scalar
                0x08005a0a       0x24 CMakeFiles/4w.elf.dir/mpu6050/inv_mpu.c.obj
                0x08005a0a                inv_orientation_matrix_to_scalar
 .text.mget_ms  0x08005a2e        0x2 CMakeFiles/4w.elf.dir/mpu6050/inv_mpu.c.obj
                0x08005a2e                mget_ms
 .text.mpu_dmp_init
                0x08005a30       0x98 CMakeFiles/4w.elf.dir/mpu6050/inv_mpu.c.obj
                0x08005a30                mpu_dmp_init
 .text.mpu_dmp_get_data
                0x08005ac8      0x1c8 CMakeFiles/4w.elf.dir/mpu6050/inv_mpu.c.obj
                0x08005ac8                mpu_dmp_get_data
 .text.decode_gesture
                0x08005c90       0x3c CMakeFiles/4w.elf.dir/mpu6050/inv_mpu_dmp_motion_driver.c.obj
 .text.dmp_load_motion_driver_firmware
                0x08005ccc       0x18 CMakeFiles/4w.elf.dir/mpu6050/inv_mpu_dmp_motion_driver.c.obj
                0x08005ccc                dmp_load_motion_driver_firmware
 .text.dmp_set_orientation
                0x08005ce4      0x14c CMakeFiles/4w.elf.dir/mpu6050/inv_mpu_dmp_motion_driver.c.obj
                0x08005ce4                dmp_set_orientation
 .text.dmp_set_gyro_bias
                0x08005e30      0x110 CMakeFiles/4w.elf.dir/mpu6050/inv_mpu_dmp_motion_driver.c.obj
                0x08005e30                dmp_set_gyro_bias
 .text.dmp_set_accel_bias
                0x08005f40       0xf4 CMakeFiles/4w.elf.dir/mpu6050/inv_mpu_dmp_motion_driver.c.obj
                0x08005f40                dmp_set_accel_bias
 .text.dmp_set_fifo_rate
                0x08006034       0x68 CMakeFiles/4w.elf.dir/mpu6050/inv_mpu_dmp_motion_driver.c.obj
                0x08006034                dmp_set_fifo_rate
 .text.dmp_set_tap_thresh
                0x0800609c      0x1a0 CMakeFiles/4w.elf.dir/mpu6050/inv_mpu_dmp_motion_driver.c.obj
                0x0800609c                dmp_set_tap_thresh
 .text.dmp_set_tap_axes
                0x0800623c       0x4e CMakeFiles/4w.elf.dir/mpu6050/inv_mpu_dmp_motion_driver.c.obj
                0x0800623c                dmp_set_tap_axes
 .text.dmp_set_tap_count
                0x0800628a       0x2c CMakeFiles/4w.elf.dir/mpu6050/inv_mpu_dmp_motion_driver.c.obj
                0x0800628a                dmp_set_tap_count
 *fill*         0x080062b6        0x2 
 .text.dmp_set_tap_time
                0x080062b8       0x30 CMakeFiles/4w.elf.dir/mpu6050/inv_mpu_dmp_motion_driver.c.obj
                0x080062b8                dmp_set_tap_time
 .text.dmp_set_tap_time_multi
                0x080062e8       0x30 CMakeFiles/4w.elf.dir/mpu6050/inv_mpu_dmp_motion_driver.c.obj
                0x080062e8                dmp_set_tap_time_multi
 .text.dmp_set_shake_reject_thresh
                0x08006318       0x44 CMakeFiles/4w.elf.dir/mpu6050/inv_mpu_dmp_motion_driver.c.obj
                0x08006318                dmp_set_shake_reject_thresh
 .text.dmp_set_shake_reject_time
                0x0800635c       0x2c CMakeFiles/4w.elf.dir/mpu6050/inv_mpu_dmp_motion_driver.c.obj
                0x0800635c                dmp_set_shake_reject_time
 .text.dmp_set_shake_reject_timeout
                0x08006388       0x2c CMakeFiles/4w.elf.dir/mpu6050/inv_mpu_dmp_motion_driver.c.obj
                0x08006388                dmp_set_shake_reject_timeout
 .text.dmp_enable_gyro_cal
                0x080063b4       0x44 CMakeFiles/4w.elf.dir/mpu6050/inv_mpu_dmp_motion_driver.c.obj
                0x080063b4                dmp_enable_gyro_cal
 .text.dmp_enable_lp_quat
                0x080063f8       0x3c CMakeFiles/4w.elf.dir/mpu6050/inv_mpu_dmp_motion_driver.c.obj
                0x080063f8                dmp_enable_lp_quat
 .text.dmp_enable_6x_lp_quat
                0x08006434       0x3c CMakeFiles/4w.elf.dir/mpu6050/inv_mpu_dmp_motion_driver.c.obj
                0x08006434                dmp_enable_6x_lp_quat
 .text.dmp_enable_feature
                0x08006470      0x218 CMakeFiles/4w.elf.dir/mpu6050/inv_mpu_dmp_motion_driver.c.obj
                0x08006470                dmp_enable_feature
 .text.dmp_read_fifo
                0x08006688      0x1f4 CMakeFiles/4w.elf.dir/mpu6050/inv_mpu_dmp_motion_driver.c.obj
                0x08006688                dmp_read_fifo
 .text.MPU_Write_Len
                0x0800687c       0x62 CMakeFiles/4w.elf.dir/mpu6050/mpu6050.c.obj
                0x0800687c                MPU_Write_Len
 .text.MPU_Read_Len
                0x080068de       0x6c CMakeFiles/4w.elf.dir/mpu6050/mpu6050.c.obj
                0x080068de                MPU_Read_Len
 .text.MPU_Write_Byte
                0x0800694a       0x46 CMakeFiles/4w.elf.dir/mpu6050/mpu6050.c.obj
                0x0800694a                MPU_Write_Byte
 .text.MPU_Set_Gyro_Fsr
                0x08006990       0x10 CMakeFiles/4w.elf.dir/mpu6050/mpu6050.c.obj
                0x08006990                MPU_Set_Gyro_Fsr
 .text.MPU_Set_Accel_Fsr
                0x080069a0       0x10 CMakeFiles/4w.elf.dir/mpu6050/mpu6050.c.obj
                0x080069a0                MPU_Set_Accel_Fsr
 .text.MPU_Set_LPF
                0x080069b0       0x34 CMakeFiles/4w.elf.dir/mpu6050/mpu6050.c.obj
                0x080069b0                MPU_Set_LPF
 .text.MPU_Set_Rate
                0x080069e4       0x32 CMakeFiles/4w.elf.dir/mpu6050/mpu6050.c.obj
                0x080069e4                MPU_Set_Rate
 .text.MPU_Read_Byte
                0x08006a16       0x3a CMakeFiles/4w.elf.dir/mpu6050/mpu6050.c.obj
                0x08006a16                MPU_Read_Byte
 .text.MPU_Init
                0x08006a50       0x76 CMakeFiles/4w.elf.dir/mpu6050/mpu6050.c.obj
                0x08006a50                MPU_Init
 *fill*         0x08006ac6        0x2 
 .text.IICStart
                0x08006ac8       0x3c CMakeFiles/4w.elf.dir/oled_sim/oled.c.obj
                0x08006ac8                IICStart
 .text.IICStop  0x08006b04       0x30 CMakeFiles/4w.elf.dir/oled_sim/oled.c.obj
                0x08006b04                IICStop
 .text.IIC_WaitAck
                0x08006b34       0x24 CMakeFiles/4w.elf.dir/oled_sim/oled.c.obj
                0x08006b34                IIC_WaitAck
 .text.Write_IIC_Byte
                0x08006b58       0x60 CMakeFiles/4w.elf.dir/oled_sim/oled.c.obj
                0x08006b58                Write_IIC_Byte
 .text.Write_IIC_Command
                0x08006bb8       0x2c CMakeFiles/4w.elf.dir/oled_sim/oled.c.obj
                0x08006bb8                Write_IIC_Command
 .text.Write_IIC_Data
                0x08006be4       0x2c CMakeFiles/4w.elf.dir/oled_sim/oled.c.obj
                0x08006be4                Write_IIC_Data
 .text.OLED_WR_Byte
                0x08006c10       0x14 CMakeFiles/4w.elf.dir/oled_sim/oled.c.obj
                0x08006c10                OLED_WR_Byte
 .text.OLED_DisplayTurn
                0x08006c24       0x30 CMakeFiles/4w.elf.dir/oled_sim/oled.c.obj
                0x08006c24                OLED_DisplayTurn
 .text.OLED_Set_Pos
                0x08006c54       0x26 CMakeFiles/4w.elf.dir/oled_sim/oled.c.obj
                0x08006c54                OLED_Set_Pos
 .text.OLED_Clear
                0x08006c7a       0x40 CMakeFiles/4w.elf.dir/oled_sim/oled.c.obj
                0x08006c7a                OLED_Clear
 *fill*         0x08006cba        0x2 
 .text.OLED_ShowChar
                0x08006cbc       0x98 CMakeFiles/4w.elf.dir/oled_sim/oled.c.obj
                0x08006cbc                OLED_ShowChar
 .text.OLED_ShowString
                0x08006d54       0x36 CMakeFiles/4w.elf.dir/oled_sim/oled.c.obj
                0x08006d54                OLED_ShowString
 .text.OLED_Init
                0x08006d8a       0xe2 CMakeFiles/4w.elf.dir/oled_sim/oled.c.obj
                0x08006d8a                OLED_Init
 .text.__errno  0x08006e6c        0xc d:/clion/tools/gcc-arm-none-eabi-10.3-2021.10-win32/gcc-arm-none-eabi-10.3-2021.10/bin/../lib/gcc/arm-none-eabi/10.3.1/../../../../arm-none-eabi/lib/thumb/v7-m/nofp\libg.a(lib_a-errno.o)
                0x08006e6c                __errno
 .text.__libc_init_array
                0x08006e78       0x48 d:/clion/tools/gcc-arm-none-eabi-10.3-2021.10-win32/gcc-arm-none-eabi-10.3-2021.10/bin/../lib/gcc/arm-none-eabi/10.3.1/../../../../arm-none-eabi/lib/thumb/v7-m/nofp\libg.a(lib_a-init.o)
                0x08006e78                __libc_init_array
 .text.memcmp   0x08006ec0       0x68 d:/clion/tools/gcc-arm-none-eabi-10.3-2021.10-win32/gcc-arm-none-eabi-10.3-2021.10/bin/../lib/gcc/arm-none-eabi/10.3.1/../../../../arm-none-eabi/lib/thumb/v7-m/nofp\libg.a(lib_a-memcmp.o)
                0x08006ec0                memcmp
 .text.memset   0x08006f28       0xa4 d:/clion/tools/gcc-arm-none-eabi-10.3-2021.10-win32/gcc-arm-none-eabi-10.3-2021.10/bin/../lib/gcc/arm-none-eabi/10.3.1/../../../../arm-none-eabi/lib/thumb/v7-m/nofp\libg.a(lib_a-memset.o)
                0x08006f28                memset
 .text.printf   0x08006fcc       0x28 d:/clion/tools/gcc-arm-none-eabi-10.3-2021.10-win32/gcc-arm-none-eabi-10.3-2021.10/bin/../lib/gcc/arm-none-eabi/10.3.1/../../../../arm-none-eabi/lib/thumb/v7-m/nofp\libg.a(lib_a-printf.o)
                0x08006fcc                printf
 .text._puts_r  0x08006ff4       0x9c d:/clion/tools/gcc-arm-none-eabi-10.3-2021.10-win32/gcc-arm-none-eabi-10.3-2021.10/bin/../lib/gcc/arm-none-eabi/10.3.1/../../../../arm-none-eabi/lib/thumb/v7-m/nofp\libg.a(lib_a-puts.o)
                0x08006ff4                _puts_r
 .text.puts     0x08007090       0x10 d:/clion/tools/gcc-arm-none-eabi-10.3-2021.10-win32/gcc-arm-none-eabi-10.3-2021.10/bin/../lib/gcc/arm-none-eabi/10.3.1/../../../../arm-none-eabi/lib/thumb/v7-m/nofp\libg.a(lib_a-puts.o)
                0x08007090                puts
 .text.sprintf  0x080070a0       0x44 d:/clion/tools/gcc-arm-none-eabi-10.3-2021.10-win32/gcc-arm-none-eabi-10.3-2021.10/bin/../lib/gcc/arm-none-eabi/10.3.1/../../../../arm-none-eabi/lib/thumb/v7-m/nofp\libg.a(lib_a-sprintf.o)
                0x080070a0                sprintf
 .text.strlen   0x080070e4       0x5c d:/clion/tools/gcc-arm-none-eabi-10.3-2021.10-win32/gcc-arm-none-eabi-10.3-2021.10/bin/../lib/gcc/arm-none-eabi/10.3.1/../../../../arm-none-eabi/lib/thumb/v7-m/nofp\libg.a(lib_a-strlen-stub.o)
                0x080070e4                strlen
 .text._svfprintf_r
                0x08007140     0x1aa4 d:/clion/tools/gcc-arm-none-eabi-10.3-2021.10-win32/gcc-arm-none-eabi-10.3-2021.10/bin/../lib/gcc/arm-none-eabi/10.3.1/../../../../arm-none-eabi/lib/thumb/v7-m/nofp\libg.a(lib_a-svfprintf.o)
                0x08007140                _svfprintf_r
 .text._vfprintf_r
                0x08008be4     0x1b58 d:/clion/tools/gcc-arm-none-eabi-10.3-2021.10-win32/gcc-arm-none-eabi-10.3-2021.10/bin/../lib/gcc/arm-none-eabi/10.3.1/../../../../arm-none-eabi/lib/thumb/v7-m/nofp\libg.a(lib_a-vfprintf.o)
                0x08008be4                _vfprintf_r
 .text.__sbprintf
                0x0800a73c       0x84 d:/clion/tools/gcc-arm-none-eabi-10.3-2021.10-win32/gcc-arm-none-eabi-10.3-2021.10/bin/../lib/gcc/arm-none-eabi/10.3.1/../../../../arm-none-eabi/lib/thumb/v7-m/nofp\libg.a(lib_a-vfprintf.o)
 .text.__swsetup_r
                0x0800a7c0       0xd4 d:/clion/tools/gcc-arm-none-eabi-10.3-2021.10-win32/gcc-arm-none-eabi-10.3-2021.10/bin/../lib/gcc/arm-none-eabi/10.3.1/../../../../arm-none-eabi/lib/thumb/v7-m/nofp\libg.a(lib_a-wsetup.o)
                0x0800a7c0                __swsetup_r
 .text.startup.register_fini
                0x0800a894       0x14 d:/clion/tools/gcc-arm-none-eabi-10.3-2021.10-win32/gcc-arm-none-eabi-10.3-2021.10/bin/../lib/gcc/arm-none-eabi/10.3.1/../../../../arm-none-eabi/lib/thumb/v7-m/nofp\libg.a(lib_a-__call_atexit.o)
 .text.atexit   0x0800a8a8        0xc d:/clion/tools/gcc-arm-none-eabi-10.3-2021.10-win32/gcc-arm-none-eabi-10.3-2021.10/bin/../lib/gcc/arm-none-eabi/10.3.1/../../../../arm-none-eabi/lib/thumb/v7-m/nofp\libg.a(lib_a-atexit.o)
                0x0800a8a8                atexit
 .text.quorem   0x0800a8b4      0x12c d:/clion/tools/gcc-arm-none-eabi-10.3-2021.10-win32/gcc-arm-none-eabi-10.3-2021.10/bin/../lib/gcc/arm-none-eabi/10.3.1/../../../../arm-none-eabi/lib/thumb/v7-m/nofp\libg.a(lib_a-dtoa.o)
 .text._dtoa_r  0x0800a9e0      0xecc d:/clion/tools/gcc-arm-none-eabi-10.3-2021.10-win32/gcc-arm-none-eabi-10.3-2021.10/bin/../lib/gcc/arm-none-eabi/10.3.1/../../../../arm-none-eabi/lib/thumb/v7-m/nofp\libg.a(lib_a-dtoa.o)
                0x0800a9e0                _dtoa_r
 .text.__sflush_r
                0x0800b8ac      0x124 d:/clion/tools/gcc-arm-none-eabi-10.3-2021.10-win32/gcc-arm-none-eabi-10.3-2021.10/bin/../lib/gcc/arm-none-eabi/10.3.1/../../../../arm-none-eabi/lib/thumb/v7-m/nofp\libg.a(lib_a-fflush.o)
                0x0800b8ac                __sflush_r
 .text._fflush_r
                0x0800b9d0       0x5c d:/clion/tools/gcc-arm-none-eabi-10.3-2021.10-win32/gcc-arm-none-eabi-10.3-2021.10/bin/../lib/gcc/arm-none-eabi/10.3.1/../../../../arm-none-eabi/lib/thumb/v7-m/nofp\libg.a(lib_a-fflush.o)
                0x0800b9d0                _fflush_r
 .text._cleanup_r
                0x0800ba2c        0xc d:/clion/tools/gcc-arm-none-eabi-10.3-2021.10-win32/gcc-arm-none-eabi-10.3-2021.10/bin/../lib/gcc/arm-none-eabi/10.3.1/../../../../arm-none-eabi/lib/thumb/v7-m/nofp\libg.a(lib_a-findfp.o)
                0x0800ba2c                _cleanup_r
 .text.__sinit  0x0800ba38      0x10c d:/clion/tools/gcc-arm-none-eabi-10.3-2021.10-win32/gcc-arm-none-eabi-10.3-2021.10/bin/../lib/gcc/arm-none-eabi/10.3.1/../../../../arm-none-eabi/lib/thumb/v7-m/nofp\libg.a(lib_a-findfp.o)
                0x0800ba38                __sinit
 .text.__sfp_lock_acquire
                0x0800bb44        0xc d:/clion/tools/gcc-arm-none-eabi-10.3-2021.10-win32/gcc-arm-none-eabi-10.3-2021.10/bin/../lib/gcc/arm-none-eabi/10.3.1/../../../../arm-none-eabi/lib/thumb/v7-m/nofp\libg.a(lib_a-findfp.o)
                0x0800bb44                __sfp_lock_acquire
 .text.__sfp_lock_release
                0x0800bb50        0xc d:/clion/tools/gcc-arm-none-eabi-10.3-2021.10-win32/gcc-arm-none-eabi-10.3-2021.10/bin/../lib/gcc/arm-none-eabi/10.3.1/../../../../arm-none-eabi/lib/thumb/v7-m/nofp\libg.a(lib_a-findfp.o)
                0x0800bb50                __sfp_lock_release
 .text.__libc_fini_array
                0x0800bb5c       0x2c d:/clion/tools/gcc-arm-none-eabi-10.3-2021.10-win32/gcc-arm-none-eabi-10.3-2021.10/bin/../lib/gcc/arm-none-eabi/10.3.1/../../../../arm-none-eabi/lib/thumb/v7-m/nofp\libg.a(lib_a-fini.o)
                0x0800bb5c                __libc_fini_array
 .text._malloc_trim_r
                0x0800bb88       0xa0 d:/clion/tools/gcc-arm-none-eabi-10.3-2021.10-win32/gcc-arm-none-eabi-10.3-2021.10/bin/../lib/gcc/arm-none-eabi/10.3.1/../../../../arm-none-eabi/lib/thumb/v7-m/nofp\libg.a(lib_a-freer.o)
                0x0800bb88                _malloc_trim_r
 .text._free_r  0x0800bc28      0x200 d:/clion/tools/gcc-arm-none-eabi-10.3-2021.10-win32/gcc-arm-none-eabi-10.3-2021.10/bin/../lib/gcc/arm-none-eabi/10.3.1/../../../../arm-none-eabi/lib/thumb/v7-m/nofp\libg.a(lib_a-freer.o)
                0x0800bc28                _free_r
 .text.__sfvwrite_r
                0x0800be28      0x2f0 d:/clion/tools/gcc-arm-none-eabi-10.3-2021.10-win32/gcc-arm-none-eabi-10.3-2021.10/bin/../lib/gcc/arm-none-eabi/10.3.1/../../../../arm-none-eabi/lib/thumb/v7-m/nofp\libg.a(lib_a-fvwrite.o)
                0x0800be28                __sfvwrite_r
 .text._fwalk_reent
                0x0800c118       0x48 d:/clion/tools/gcc-arm-none-eabi-10.3-2021.10-win32/gcc-arm-none-eabi-10.3-2021.10/bin/../lib/gcc/arm-none-eabi/10.3.1/../../../../arm-none-eabi/lib/thumb/v7-m/nofp\libg.a(lib_a-fwalk.o)
                0x0800c118                _fwalk_reent
 .text._localeconv_r
                0x0800c160        0x8 d:/clion/tools/gcc-arm-none-eabi-10.3-2021.10-win32/gcc-arm-none-eabi-10.3-2021.10/bin/../lib/gcc/arm-none-eabi/10.3.1/../../../../arm-none-eabi/lib/thumb/v7-m/nofp\libg.a(lib_a-localeconv.o)
                0x0800c160                _localeconv_r
 .text.__retarget_lock_init_recursive
                0x0800c168        0x4 d:/clion/tools/gcc-arm-none-eabi-10.3-2021.10-win32/gcc-arm-none-eabi-10.3-2021.10/bin/../lib/gcc/arm-none-eabi/10.3.1/../../../../arm-none-eabi/lib/thumb/v7-m/nofp\libg.a(lib_a-lock.o)
                0x0800c168                __retarget_lock_init_recursive
 .text.__retarget_lock_close_recursive
                0x0800c16c        0x4 d:/clion/tools/gcc-arm-none-eabi-10.3-2021.10-win32/gcc-arm-none-eabi-10.3-2021.10/bin/../lib/gcc/arm-none-eabi/10.3.1/../../../../arm-none-eabi/lib/thumb/v7-m/nofp\libg.a(lib_a-lock.o)
                0x0800c16c                __retarget_lock_close_recursive
 .text.__retarget_lock_acquire_recursive
                0x0800c170        0x4 d:/clion/tools/gcc-arm-none-eabi-10.3-2021.10-win32/gcc-arm-none-eabi-10.3-2021.10/bin/../lib/gcc/arm-none-eabi/10.3.1/../../../../arm-none-eabi/lib/thumb/v7-m/nofp\libg.a(lib_a-lock.o)
                0x0800c170                __retarget_lock_acquire_recursive
 .text.__retarget_lock_release_recursive
                0x0800c174        0x4 d:/clion/tools/gcc-arm-none-eabi-10.3-2021.10-win32/gcc-arm-none-eabi-10.3-2021.10/bin/../lib/gcc/arm-none-eabi/10.3.1/../../../../arm-none-eabi/lib/thumb/v7-m/nofp\libg.a(lib_a-lock.o)
                0x0800c174                __retarget_lock_release_recursive
 .text.__smakebuf_r
                0x0800c178       0xe0 d:/clion/tools/gcc-arm-none-eabi-10.3-2021.10-win32/gcc-arm-none-eabi-10.3-2021.10/bin/../lib/gcc/arm-none-eabi/10.3.1/../../../../arm-none-eabi/lib/thumb/v7-m/nofp\libg.a(lib_a-makebuf.o)
                0x0800c178                __smakebuf_r
 .text._malloc_r
                0x0800c258      0x558 d:/clion/tools/gcc-arm-none-eabi-10.3-2021.10-win32/gcc-arm-none-eabi-10.3-2021.10/bin/../lib/gcc/arm-none-eabi/10.3.1/../../../../arm-none-eabi/lib/thumb/v7-m/nofp\libg.a(lib_a-mallocr.o)
                0x0800c258                _malloc_r
 .text.memchr   0x0800c7b0       0x90 d:/clion/tools/gcc-arm-none-eabi-10.3-2021.10-win32/gcc-arm-none-eabi-10.3-2021.10/bin/../lib/gcc/arm-none-eabi/10.3.1/../../../../arm-none-eabi/lib/thumb/v7-m/nofp\libg.a(lib_a-memchr-stub.o)
                0x0800c7b0                memchr
 .text.memmove  0x0800c840       0xf8 d:/clion/tools/gcc-arm-none-eabi-10.3-2021.10-win32/gcc-arm-none-eabi-10.3-2021.10/bin/../lib/gcc/arm-none-eabi/10.3.1/../../../../arm-none-eabi/lib/thumb/v7-m/nofp\libg.a(lib_a-memmove.o)
                0x0800c840                memmove
 .text.__malloc_lock
                0x0800c938        0xc d:/clion/tools/gcc-arm-none-eabi-10.3-2021.10-win32/gcc-arm-none-eabi-10.3-2021.10/bin/../lib/gcc/arm-none-eabi/10.3.1/../../../../arm-none-eabi/lib/thumb/v7-m/nofp\libg.a(lib_a-mlock.o)
                0x0800c938                __malloc_lock
 .text.__malloc_unlock
                0x0800c944        0xc d:/clion/tools/gcc-arm-none-eabi-10.3-2021.10-win32/gcc-arm-none-eabi-10.3-2021.10/bin/../lib/gcc/arm-none-eabi/10.3.1/../../../../arm-none-eabi/lib/thumb/v7-m/nofp\libg.a(lib_a-mlock.o)
                0x0800c944                __malloc_unlock
 .text._Balloc  0x0800c950       0x4c d:/clion/tools/gcc-arm-none-eabi-10.3-2021.10-win32/gcc-arm-none-eabi-10.3-2021.10/bin/../lib/gcc/arm-none-eabi/10.3.1/../../../../arm-none-eabi/lib/thumb/v7-m/nofp\libg.a(lib_a-mprec.o)
                0x0800c950                _Balloc
 .text._Bfree   0x0800c99c       0x14 d:/clion/tools/gcc-arm-none-eabi-10.3-2021.10-win32/gcc-arm-none-eabi-10.3-2021.10/bin/../lib/gcc/arm-none-eabi/10.3.1/../../../../arm-none-eabi/lib/thumb/v7-m/nofp\libg.a(lib_a-mprec.o)
                0x0800c99c                _Bfree
 .text.__multadd
                0x0800c9b0       0xa4 d:/clion/tools/gcc-arm-none-eabi-10.3-2021.10-win32/gcc-arm-none-eabi-10.3-2021.10/bin/../lib/gcc/arm-none-eabi/10.3.1/../../../../arm-none-eabi/lib/thumb/v7-m/nofp\libg.a(lib_a-mprec.o)
                0x0800c9b0                __multadd
 .text.__hi0bits
                0x0800ca54       0x40 d:/clion/tools/gcc-arm-none-eabi-10.3-2021.10-win32/gcc-arm-none-eabi-10.3-2021.10/bin/../lib/gcc/arm-none-eabi/10.3.1/../../../../arm-none-eabi/lib/thumb/v7-m/nofp\libg.a(lib_a-mprec.o)
                0x0800ca54                __hi0bits
 .text.__lo0bits
                0x0800ca94       0x58 d:/clion/tools/gcc-arm-none-eabi-10.3-2021.10-win32/gcc-arm-none-eabi-10.3-2021.10/bin/../lib/gcc/arm-none-eabi/10.3.1/../../../../arm-none-eabi/lib/thumb/v7-m/nofp\libg.a(lib_a-mprec.o)
                0x0800ca94                __lo0bits
 .text.__i2b    0x0800caec       0x5c d:/clion/tools/gcc-arm-none-eabi-10.3-2021.10-win32/gcc-arm-none-eabi-10.3-2021.10/bin/../lib/gcc/arm-none-eabi/10.3.1/../../../../arm-none-eabi/lib/thumb/v7-m/nofp\libg.a(lib_a-mprec.o)
                0x0800caec                __i2b
 .text.__multiply
                0x0800cb48      0x15c d:/clion/tools/gcc-arm-none-eabi-10.3-2021.10-win32/gcc-arm-none-eabi-10.3-2021.10/bin/../lib/gcc/arm-none-eabi/10.3.1/../../../../arm-none-eabi/lib/thumb/v7-m/nofp\libg.a(lib_a-mprec.o)
                0x0800cb48                __multiply
 .text.__pow5mult
                0x0800cca4       0xb8 d:/clion/tools/gcc-arm-none-eabi-10.3-2021.10-win32/gcc-arm-none-eabi-10.3-2021.10/bin/../lib/gcc/arm-none-eabi/10.3.1/../../../../arm-none-eabi/lib/thumb/v7-m/nofp\libg.a(lib_a-mprec.o)
                0x0800cca4                __pow5mult
 .text.__lshift
                0x0800cd5c       0xec d:/clion/tools/gcc-arm-none-eabi-10.3-2021.10-win32/gcc-arm-none-eabi-10.3-2021.10/bin/../lib/gcc/arm-none-eabi/10.3.1/../../../../arm-none-eabi/lib/thumb/v7-m/nofp\libg.a(lib_a-mprec.o)
                0x0800cd5c                __lshift
 .text.__mcmp   0x0800ce48       0x40 d:/clion/tools/gcc-arm-none-eabi-10.3-2021.10-win32/gcc-arm-none-eabi-10.3-2021.10/bin/../lib/gcc/arm-none-eabi/10.3.1/../../../../arm-none-eabi/lib/thumb/v7-m/nofp\libg.a(lib_a-mprec.o)
                0x0800ce48                __mcmp
 .text.__mdiff  0x0800ce88      0x14c d:/clion/tools/gcc-arm-none-eabi-10.3-2021.10-win32/gcc-arm-none-eabi-10.3-2021.10/bin/../lib/gcc/arm-none-eabi/10.3.1/../../../../arm-none-eabi/lib/thumb/v7-m/nofp\libg.a(lib_a-mprec.o)
                0x0800ce88                __mdiff
 .text.__d2b    0x0800cfd4       0xc4 d:/clion/tools/gcc-arm-none-eabi-10.3-2021.10-win32/gcc-arm-none-eabi-10.3-2021.10/bin/../lib/gcc/arm-none-eabi/10.3.1/../../../../arm-none-eabi/lib/thumb/v7-m/nofp\libg.a(lib_a-mprec.o)
                0x0800cfd4                __d2b
 .text._realloc_r
                0x0800d098      0x3dc d:/clion/tools/gcc-arm-none-eabi-10.3-2021.10-win32/gcc-arm-none-eabi-10.3-2021.10/bin/../lib/gcc/arm-none-eabi/10.3.1/../../../../arm-none-eabi/lib/thumb/v7-m/nofp\libg.a(lib_a-reallocr.o)
                0x0800d098                _realloc_r
 .text.frexp    0x0800d474       0x70 d:/clion/tools/gcc-arm-none-eabi-10.3-2021.10-win32/gcc-arm-none-eabi-10.3-2021.10/bin/../lib/gcc/arm-none-eabi/10.3.1/../../../../arm-none-eabi/lib/thumb/v7-m/nofp\libg.a(lib_a-s_frexp.o)
                0x0800d474                frexp
 .text._sbrk_r  0x0800d4e4       0x24 d:/clion/tools/gcc-arm-none-eabi-10.3-2021.10-win32/gcc-arm-none-eabi-10.3-2021.10/bin/../lib/gcc/arm-none-eabi/10.3.1/../../../../arm-none-eabi/lib/thumb/v7-m/nofp\libg.a(lib_a-sbrkr.o)
                0x0800d4e4                _sbrk_r
 .text.__sread  0x0800d508       0x24 d:/clion/tools/gcc-arm-none-eabi-10.3-2021.10-win32/gcc-arm-none-eabi-10.3-2021.10/bin/../lib/gcc/arm-none-eabi/10.3.1/../../../../arm-none-eabi/lib/thumb/v7-m/nofp\libg.a(lib_a-stdio.o)
                0x0800d508                __sread
 .text.__swrite
                0x0800d52c       0x40 d:/clion/tools/gcc-arm-none-eabi-10.3-2021.10-win32/gcc-arm-none-eabi-10.3-2021.10/bin/../lib/gcc/arm-none-eabi/10.3.1/../../../../arm-none-eabi/lib/thumb/v7-m/nofp\libg.a(lib_a-stdio.o)
                0x0800d52c                __swrite
 .text.__sseek  0x0800d56c       0x20 d:/clion/tools/gcc-arm-none-eabi-10.3-2021.10-win32/gcc-arm-none-eabi-10.3-2021.10/bin/../lib/gcc/arm-none-eabi/10.3.1/../../../../arm-none-eabi/lib/thumb/v7-m/nofp\libg.a(lib_a-stdio.o)
                0x0800d56c                __sseek
 .text.__sclose
                0x0800d58c        0x8 d:/clion/tools/gcc-arm-none-eabi-10.3-2021.10-win32/gcc-arm-none-eabi-10.3-2021.10/bin/../lib/gcc/arm-none-eabi/10.3.1/../../../../arm-none-eabi/lib/thumb/v7-m/nofp\libg.a(lib_a-stdio.o)
                0x0800d58c                __sclose
 .text.strncpy  0x0800d594       0x68 d:/clion/tools/gcc-arm-none-eabi-10.3-2021.10-win32/gcc-arm-none-eabi-10.3-2021.10/bin/../lib/gcc/arm-none-eabi/10.3.1/../../../../arm-none-eabi/lib/thumb/v7-m/nofp\libg.a(lib_a-strncpy.o)
                0x0800d594                strncpy
 .text.__ssprint_r
                0x0800d5fc       0xfc d:/clion/tools/gcc-arm-none-eabi-10.3-2021.10-win32/gcc-arm-none-eabi-10.3-2021.10/bin/../lib/gcc/arm-none-eabi/10.3.1/../../../../arm-none-eabi/lib/thumb/v7-m/nofp\libg.a(lib_a-svfiprintf.o)
                0x0800d5fc                __ssprint_r
 .text.__sprint_r.part.0
                0x0800d6f8       0x78 d:/clion/tools/gcc-arm-none-eabi-10.3-2021.10-win32/gcc-arm-none-eabi-10.3-2021.10/bin/../lib/gcc/arm-none-eabi/10.3.1/../../../../arm-none-eabi/lib/thumb/v7-m/nofp\libg.a(lib_a-vfiprintf.o)
 .text.__sprint_r
                0x0800d770       0x14 d:/clion/tools/gcc-arm-none-eabi-10.3-2021.10-win32/gcc-arm-none-eabi-10.3-2021.10/bin/../lib/gcc/arm-none-eabi/10.3.1/../../../../arm-none-eabi/lib/thumb/v7-m/nofp\libg.a(lib_a-vfiprintf.o)
                0x0800d770                __sprint_r
 .text._vfiprintf_r
                0x0800d784      0xd98 d:/clion/tools/gcc-arm-none-eabi-10.3-2021.10-win32/gcc-arm-none-eabi-10.3-2021.10/bin/../lib/gcc/arm-none-eabi/10.3.1/../../../../arm-none-eabi/lib/thumb/v7-m/nofp\libg.a(lib_a-vfiprintf.o)
                0x0800d784                _vfiprintf_r
 .text.__sbprintf
                0x0800e51c       0x84 d:/clion/tools/gcc-arm-none-eabi-10.3-2021.10-win32/gcc-arm-none-eabi-10.3-2021.10/bin/../lib/gcc/arm-none-eabi/10.3.1/../../../../arm-none-eabi/lib/thumb/v7-m/nofp\libg.a(lib_a-vfiprintf.o)
 .text._write_r
                0x0800e5a0       0x2c d:/clion/tools/gcc-arm-none-eabi-10.3-2021.10-win32/gcc-arm-none-eabi-10.3-2021.10/bin/../lib/gcc/arm-none-eabi/10.3.1/../../../../arm-none-eabi/lib/thumb/v7-m/nofp\libg.a(lib_a-writer.o)
                0x0800e5a0                _write_r
 .text.__register_exitproc
                0x0800e5cc       0x8c d:/clion/tools/gcc-arm-none-eabi-10.3-2021.10-win32/gcc-arm-none-eabi-10.3-2021.10/bin/../lib/gcc/arm-none-eabi/10.3.1/../../../../arm-none-eabi/lib/thumb/v7-m/nofp\libg.a(lib_a-__atexit.o)
                0x0800e5cc                __register_exitproc
 .text.__assert_func
                0x0800e658       0x40 d:/clion/tools/gcc-arm-none-eabi-10.3-2021.10-win32/gcc-arm-none-eabi-10.3-2021.10/bin/../lib/gcc/arm-none-eabi/10.3.1/../../../../arm-none-eabi/lib/thumb/v7-m/nofp\libg.a(lib_a-assert.o)
                0x0800e658                __assert_func
 .text._calloc_r
                0x0800e698       0x78 d:/clion/tools/gcc-arm-none-eabi-10.3-2021.10-win32/gcc-arm-none-eabi-10.3-2021.10/bin/../lib/gcc/arm-none-eabi/10.3.1/../../../../arm-none-eabi/lib/thumb/v7-m/nofp\libg.a(lib_a-callocr.o)
                0x0800e698                _calloc_r
 .text._close_r
                0x0800e710       0x24 d:/clion/tools/gcc-arm-none-eabi-10.3-2021.10-win32/gcc-arm-none-eabi-10.3-2021.10/bin/../lib/gcc/arm-none-eabi/10.3.1/../../../../arm-none-eabi/lib/thumb/v7-m/nofp\libg.a(lib_a-closer.o)
                0x0800e710                _close_r
 .text._fclose_r
                0x0800e734       0xcc d:/clion/tools/gcc-arm-none-eabi-10.3-2021.10-win32/gcc-arm-none-eabi-10.3-2021.10/bin/../lib/gcc/arm-none-eabi/10.3.1/../../../../arm-none-eabi/lib/thumb/v7-m/nofp\libg.a(lib_a-fclose.o)
                0x0800e734                _fclose_r
 .text.fiprintf
                0x0800e800       0x28 d:/clion/tools/gcc-arm-none-eabi-10.3-2021.10-win32/gcc-arm-none-eabi-10.3-2021.10/bin/../lib/gcc/arm-none-eabi/10.3.1/../../../../arm-none-eabi/lib/thumb/v7-m/nofp\libg.a(lib_a-fiprintf.o)
                0x0800e800                fiprintf
 .text.__fputwc
                0x0800e828       0xa0 d:/clion/tools/gcc-arm-none-eabi-10.3-2021.10-win32/gcc-arm-none-eabi-10.3-2021.10/bin/../lib/gcc/arm-none-eabi/10.3.1/../../../../arm-none-eabi/lib/thumb/v7-m/nofp\libg.a(lib_a-fputwc.o)
                0x0800e828                __fputwc
 .text._fputwc_r
                0x0800e8c8       0x68 d:/clion/tools/gcc-arm-none-eabi-10.3-2021.10-win32/gcc-arm-none-eabi-10.3-2021.10/bin/../lib/gcc/arm-none-eabi/10.3.1/../../../../arm-none-eabi/lib/thumb/v7-m/nofp\libg.a(lib_a-fputwc.o)
                0x0800e8c8                _fputwc_r
 .text._fstat_r
                0x0800e930       0x28 d:/clion/tools/gcc-arm-none-eabi-10.3-2021.10-win32/gcc-arm-none-eabi-10.3-2021.10/bin/../lib/gcc/arm-none-eabi/10.3.1/../../../../arm-none-eabi/lib/thumb/v7-m/nofp\libg.a(lib_a-fstatr.o)
                0x0800e930                _fstat_r
 .text._isatty_r
                0x0800e958       0x24 d:/clion/tools/gcc-arm-none-eabi-10.3-2021.10-win32/gcc-arm-none-eabi-10.3-2021.10/bin/../lib/gcc/arm-none-eabi/10.3.1/../../../../arm-none-eabi/lib/thumb/v7-m/nofp\libg.a(lib_a-isattyr.o)
                0x0800e958                _isatty_r
 .text.__locale_mb_cur_max
                0x0800e97c        0xc d:/clion/tools/gcc-arm-none-eabi-10.3-2021.10-win32/gcc-arm-none-eabi-10.3-2021.10/bin/../lib/gcc/arm-none-eabi/10.3.1/../../../../arm-none-eabi/lib/thumb/v7-m/nofp\libg.a(lib_a-locale.o)
                0x0800e97c                __locale_mb_cur_max
 .text._lseek_r
                0x0800e988       0x2c d:/clion/tools/gcc-arm-none-eabi-10.3-2021.10-win32/gcc-arm-none-eabi-10.3-2021.10/bin/../lib/gcc/arm-none-eabi/10.3.1/../../../../arm-none-eabi/lib/thumb/v7-m/nofp\libg.a(lib_a-lseekr.o)
                0x0800e988                _lseek_r
 .text.__ascii_mbtowc
                0x0800e9b4       0x2c d:/clion/tools/gcc-arm-none-eabi-10.3-2021.10-win32/gcc-arm-none-eabi-10.3-2021.10/bin/../lib/gcc/arm-none-eabi/10.3.1/../../../../arm-none-eabi/lib/thumb/v7-m/nofp\libg.a(lib_a-mbtowc_r.o)
                0x0800e9b4                __ascii_mbtowc
 .text._read_r  0x0800e9e0       0x2c d:/clion/tools/gcc-arm-none-eabi-10.3-2021.10-win32/gcc-arm-none-eabi-10.3-2021.10/bin/../lib/gcc/arm-none-eabi/10.3.1/../../../../arm-none-eabi/lib/thumb/v7-m/nofp\libg.a(lib_a-readr.o)
                0x0800e9e0                _read_r
 .text.__swbuf_r
                0x0800ea0c       0xb0 d:/clion/tools/gcc-arm-none-eabi-10.3-2021.10-win32/gcc-arm-none-eabi-10.3-2021.10/bin/../lib/gcc/arm-none-eabi/10.3.1/../../../../arm-none-eabi/lib/thumb/v7-m/nofp\libg.a(lib_a-wbuf.o)
                0x0800ea0c                __swbuf_r
 .text._wcrtomb_r
                0x0800eabc       0x3c d:/clion/tools/gcc-arm-none-eabi-10.3-2021.10-win32/gcc-arm-none-eabi-10.3-2021.10/bin/../lib/gcc/arm-none-eabi/10.3.1/../../../../arm-none-eabi/lib/thumb/v7-m/nofp\libg.a(lib_a-wcrtomb.o)
                0x0800eabc                _wcrtomb_r
 .text.__ascii_wctomb
                0x0800eaf8       0x1c d:/clion/tools/gcc-arm-none-eabi-10.3-2021.10-win32/gcc-arm-none-eabi-10.3-2021.10/bin/../lib/gcc/arm-none-eabi/10.3.1/../../../../arm-none-eabi/lib/thumb/v7-m/nofp\libg.a(lib_a-wctomb_r.o)
                0x0800eaf8                __ascii_wctomb
 .text.abort    0x0800eb14       0x10 d:/clion/tools/gcc-arm-none-eabi-10.3-2021.10-win32/gcc-arm-none-eabi-10.3-2021.10/bin/../lib/gcc/arm-none-eabi/10.3.1/../../../../arm-none-eabi/lib/thumb/v7-m/nofp\libg.a(lib_a-abort.o)
                0x0800eb14                abort
 .text.raise    0x0800eb24       0x5c d:/clion/tools/gcc-arm-none-eabi-10.3-2021.10-win32/gcc-arm-none-eabi-10.3-2021.10/bin/../lib/gcc/arm-none-eabi/10.3.1/../../../../arm-none-eabi/lib/thumb/v7-m/nofp\libg.a(lib_a-signal.o)
                0x0800eb24                raise
 .text._kill_r  0x0800eb80       0x28 d:/clion/tools/gcc-arm-none-eabi-10.3-2021.10-win32/gcc-arm-none-eabi-10.3-2021.10/bin/../lib/gcc/arm-none-eabi/10.3.1/../../../../arm-none-eabi/lib/thumb/v7-m/nofp\libg.a(lib_a-signalr.o)
                0x0800eb80                _kill_r
 .text._getpid_r
                0x0800eba8        0x4 d:/clion/tools/gcc-arm-none-eabi-10.3-2021.10-win32/gcc-arm-none-eabi-10.3-2021.10/bin/../lib/gcc/arm-none-eabi/10.3.1/../../../../arm-none-eabi/lib/thumb/v7-m/nofp\libg.a(lib_a-signalr.o)
                0x0800eba8                _getpid_r
 .text.asin     0x0800ebac       0x50 d:/clion/tools/gcc-arm-none-eabi-10.3-2021.10-win32/gcc-arm-none-eabi-10.3-2021.10/bin/../lib/gcc/arm-none-eabi/10.3.1/../../../../arm-none-eabi/lib/thumb/v7-m/nofp\libm.a(lib_a-w_asin.o)
                0x0800ebac                asin
 .text.atan2    0x0800ebfc        0x4 d:/clion/tools/gcc-arm-none-eabi-10.3-2021.10-win32/gcc-arm-none-eabi-10.3-2021.10/bin/../lib/gcc/arm-none-eabi/10.3.1/../../../../arm-none-eabi/lib/thumb/v7-m/nofp\libm.a(lib_a-w_atan2.o)
                0x0800ebfc                atan2
 .text.__ieee754_asin
                0x0800ec00      0x474 d:/clion/tools/gcc-arm-none-eabi-10.3-2021.10-win32/gcc-arm-none-eabi-10.3-2021.10/bin/../lib/gcc/arm-none-eabi/10.3.1/../../../../arm-none-eabi/lib/thumb/v7-m/nofp\libm.a(lib_a-e_asin.o)
                0x0800ec00                __ieee754_asin
 *fill*         0x0800f074        0x4 
 .text.__ieee754_atan2
                0x0800f078      0x194 d:/clion/tools/gcc-arm-none-eabi-10.3-2021.10-win32/gcc-arm-none-eabi-10.3-2021.10/bin/../lib/gcc/arm-none-eabi/10.3.1/../../../../arm-none-eabi/lib/thumb/v7-m/nofp\libm.a(lib_a-e_atan2.o)
                0x0800f078                __ieee754_atan2
 .text.__ieee754_sqrt
                0x0800f20c      0x18c d:/clion/tools/gcc-arm-none-eabi-10.3-2021.10-win32/gcc-arm-none-eabi-10.3-2021.10/bin/../lib/gcc/arm-none-eabi/10.3.1/../../../../arm-none-eabi/lib/thumb/v7-m/nofp\libm.a(lib_a-e_sqrt.o)
                0x0800f20c                __ieee754_sqrt
 .text.atan     0x0800f398      0x31c d:/clion/tools/gcc-arm-none-eabi-10.3-2021.10-win32/gcc-arm-none-eabi-10.3-2021.10/bin/../lib/gcc/arm-none-eabi/10.3.1/../../../../arm-none-eabi/lib/thumb/v7-m/nofp\libm.a(lib_a-s_atan.o)
                0x0800f398                atan
 .text.fabs     0x0800f6b4        0x8 d:/clion/tools/gcc-arm-none-eabi-10.3-2021.10-win32/gcc-arm-none-eabi-10.3-2021.10/bin/../lib/gcc/arm-none-eabi/10.3.1/../../../../arm-none-eabi/lib/thumb/v7-m/nofp\libm.a(lib_a-s_fabs.o)
                0x0800f6b4                fabs
 .text.nan      0x0800f6bc        0xc d:/clion/tools/gcc-arm-none-eabi-10.3-2021.10-win32/gcc-arm-none-eabi-10.3-2021.10/bin/../lib/gcc/arm-none-eabi/10.3.1/../../../../arm-none-eabi/lib/thumb/v7-m/nofp\libm.a(lib_a-s_nan.o)
                0x0800f6bc                nan
 *(.glue_7)
 .glue_7        0x0800f6c8        0x0 linker stubs
 *(.glue_7t)
 .glue_7t       0x0800f6c8        0x0 linker stubs
 *(.eh_frame)
 .eh_frame      0x0800f6c8        0x0 d:/clion/tools/gcc-arm-none-eabi-10.3-2021.10-win32/gcc-arm-none-eabi-10.3-2021.10/bin/../lib/gcc/arm-none-eabi/10.3.1/thumb/v7-m/nofp/crtbegin.o
 *(.init)
 .init          0x0800f6c8        0x4 d:/clion/tools/gcc-arm-none-eabi-10.3-2021.10-win32/gcc-arm-none-eabi-10.3-2021.10/bin/../lib/gcc/arm-none-eabi/10.3.1/thumb/v7-m/nofp/crti.o
                0x0800f6c8                _init
 .init          0x0800f6cc        0x8 d:/clion/tools/gcc-arm-none-eabi-10.3-2021.10-win32/gcc-arm-none-eabi-10.3-2021.10/bin/../lib/gcc/arm-none-eabi/10.3.1/thumb/v7-m/nofp/crtn.o
 *(.fini)
 .fini          0x0800f6d4        0x4 d:/clion/tools/gcc-arm-none-eabi-10.3-2021.10-win32/gcc-arm-none-eabi-10.3-2021.10/bin/../lib/gcc/arm-none-eabi/10.3.1/thumb/v7-m/nofp/crti.o
                0x0800f6d4                _fini
 .fini          0x0800f6d8        0x8 d:/clion/tools/gcc-arm-none-eabi-10.3-2021.10-win32/gcc-arm-none-eabi-10.3-2021.10/bin/../lib/gcc/arm-none-eabi/10.3.1/thumb/v7-m/nofp/crtn.o
                0x0800f6e0                . = ALIGN (0x4)
                0x0800f6e0                _etext = .

.vfp11_veneer   0x0800f6e0        0x0
 .vfp11_veneer  0x0800f6e0        0x0 linker stubs

.v4_bx          0x0800f6e0        0x0
 .v4_bx         0x0800f6e0        0x0 linker stubs

.iplt           0x0800f6e0        0x0
 .iplt          0x0800f6e0        0x0 d:/clion/tools/gcc-arm-none-eabi-10.3-2021.10-win32/gcc-arm-none-eabi-10.3-2021.10/bin/../lib/gcc/arm-none-eabi/10.3.1/thumb/v7-m/nofp/crtbegin.o

.rodata         0x0800f6e0     0x1a58
                0x0800f6e0                . = ALIGN (0x4)
 *(.rodata)
 *(.rodata*)
 .rodata.aPLLMULFactorTable.1
                0x0800f6e0       0x10 CMakeFiles/4w.elf.dir/Drivers/STM32F1xx_HAL_Driver/Src/stm32f1xx_hal_rcc.c.obj
 .rodata.aPredivFactorTable.0
                0x0800f6f0        0x2 CMakeFiles/4w.elf.dir/Drivers/STM32F1xx_HAL_Driver/Src/stm32f1xx_hal_rcc.c.obj
 *fill*         0x0800f6f2        0x2 
 .rodata.aPLLMULFactorTable.1
                0x0800f6f4       0x10 CMakeFiles/4w.elf.dir/Drivers/STM32F1xx_HAL_Driver/Src/stm32f1xx_hal_rcc_ex.c.obj
 .rodata.aPredivFactorTable.0
                0x0800f704        0x2 CMakeFiles/4w.elf.dir/Drivers/STM32F1xx_HAL_Driver/Src/stm32f1xx_hal_rcc_ex.c.obj
 *fill*         0x0800f706        0x2 
 .rodata.main.str1.4
                0x0800f708       0x60 CMakeFiles/4w.elf.dir/Src/main.c.obj
 .rodata.AHBPrescTable
                0x0800f768       0x10 CMakeFiles/4w.elf.dir/Src/system_stm32f1xx.c.obj
                0x0800f768                AHBPrescTable
 .rodata.APBPrescTable
                0x0800f778        0x8 CMakeFiles/4w.elf.dir/Src/system_stm32f1xx.c.obj
                0x0800f778                APBPrescTable
 .rodata.mpu_init.str1.4
                0x0800f780       0x91 CMakeFiles/4w.elf.dir/mpu6050/inv_mpu.c.obj
 *fill*         0x0800f811        0x3 
 .rodata.hw     0x0800f814        0xc CMakeFiles/4w.elf.dir/mpu6050/inv_mpu.c.obj
                0x0800f814                hw
 .rodata.reg    0x0800f820       0x1b CMakeFiles/4w.elf.dir/mpu6050/inv_mpu.c.obj
                0x0800f820                reg
 *fill*         0x0800f83b        0x1 
 .rodata.test   0x0800f83c       0x28 CMakeFiles/4w.elf.dir/mpu6050/inv_mpu.c.obj
                0x0800f83c                test
 .rodata.dmp_set_orientation.str1.4
                0x0800f864       0x10 CMakeFiles/4w.elf.dir/mpu6050/inv_mpu_dmp_motion_driver.c.obj
 .rodata.dmp_set_fifo_rate.str1.4
                0x0800f874        0xd CMakeFiles/4w.elf.dir/mpu6050/inv_mpu_dmp_motion_driver.c.obj
 *fill*         0x0800f881        0x3 
 .rodata.dmp_enable_gyro_cal.str1.4
                0x0800f884       0x16 CMakeFiles/4w.elf.dir/mpu6050/inv_mpu_dmp_motion_driver.c.obj
 *fill*         0x0800f89a        0x2 
 .rodata.dmp_memory
                0x0800f89c      0xbf6 CMakeFiles/4w.elf.dir/mpu6050/inv_mpu_dmp_motion_driver.c.obj
 *fill*         0x08010492        0x2 
 .rodata.F6x8   0x08010494      0x228 CMakeFiles/4w.elf.dir/oled_sim/oled.c.obj
                0x08010494                F6x8
 .rodata.F8X16  0x080106bc      0x5f0 CMakeFiles/4w.elf.dir/oled_sim/oled.c.obj
                0x080106bc                F8X16
 .rodata._global_impure_ptr
                0x08010cac        0x4 d:/clion/tools/gcc-arm-none-eabi-10.3-2021.10-win32/gcc-arm-none-eabi-10.3-2021.10/bin/../lib/gcc/arm-none-eabi/10.3.1/../../../../arm-none-eabi/lib/thumb/v7-m/nofp\libg.a(lib_a-impure.o)
                0x08010cac                _global_impure_ptr
 .rodata._puts_r.str1.4
                0x08010cb0       0x16 d:/clion/tools/gcc-arm-none-eabi-10.3-2021.10-win32/gcc-arm-none-eabi-10.3-2021.10/bin/../lib/gcc/arm-none-eabi/10.3.1/../../../../arm-none-eabi/lib/thumb/v7-m/nofp\libg.a(lib_a-puts.o)
                                  0x2 (size before relaxing)
 .rodata._svfprintf_r.str1.4
                0x08010cb0       0x42 d:/clion/tools/gcc-arm-none-eabi-10.3-2021.10-win32/gcc-arm-none-eabi-10.3-2021.10/bin/../lib/gcc/arm-none-eabi/10.3.1/../../../../arm-none-eabi/lib/thumb/v7-m/nofp\libg.a(lib_a-svfprintf.o)
 *fill*         0x08010cf2        0x2 
 .rodata.blanks.1
                0x08010cf4       0x10 d:/clion/tools/gcc-arm-none-eabi-10.3-2021.10-win32/gcc-arm-none-eabi-10.3-2021.10/bin/../lib/gcc/arm-none-eabi/10.3.1/../../../../arm-none-eabi/lib/thumb/v7-m/nofp\libg.a(lib_a-svfprintf.o)
 .rodata.zeroes.0
                0x08010d04       0x10 d:/clion/tools/gcc-arm-none-eabi-10.3-2021.10-win32/gcc-arm-none-eabi-10.3-2021.10/bin/../lib/gcc/arm-none-eabi/10.3.1/../../../../arm-none-eabi/lib/thumb/v7-m/nofp\libg.a(lib_a-svfprintf.o)
 .rodata._vfprintf_r.str1.4
                0x08010d14       0x42 d:/clion/tools/gcc-arm-none-eabi-10.3-2021.10-win32/gcc-arm-none-eabi-10.3-2021.10/bin/../lib/gcc/arm-none-eabi/10.3.1/../../../../arm-none-eabi/lib/thumb/v7-m/nofp\libg.a(lib_a-vfprintf.o)
 .rodata.blanks.1
                0x08010d14       0x10 d:/clion/tools/gcc-arm-none-eabi-10.3-2021.10-win32/gcc-arm-none-eabi-10.3-2021.10/bin/../lib/gcc/arm-none-eabi/10.3.1/../../../../arm-none-eabi/lib/thumb/v7-m/nofp\libg.a(lib_a-vfprintf.o)
 .rodata.zeroes.0
                0x08010d24       0x10 d:/clion/tools/gcc-arm-none-eabi-10.3-2021.10-win32/gcc-arm-none-eabi-10.3-2021.10/bin/../lib/gcc/arm-none-eabi/10.3.1/../../../../arm-none-eabi/lib/thumb/v7-m/nofp\libg.a(lib_a-vfprintf.o)
 .rodata._dtoa_r.str1.4
                0x08010d34       0xa2 d:/clion/tools/gcc-arm-none-eabi-10.3-2021.10-win32/gcc-arm-none-eabi-10.3-2021.10/bin/../lib/gcc/arm-none-eabi/10.3.1/../../../../arm-none-eabi/lib/thumb/v7-m/nofp\libg.a(lib_a-dtoa.o)
                                 0xa6 (size before relaxing)
 *fill*         0x08010dd6        0x2 
 .rodata.__multadd.str1.4
                0x08010dd8       0x7f d:/clion/tools/gcc-arm-none-eabi-10.3-2021.10-win32/gcc-arm-none-eabi-10.3-2021.10/bin/../lib/gcc/arm-none-eabi/10.3.1/../../../../arm-none-eabi/lib/thumb/v7-m/nofp\libg.a(lib_a-mprec.o)
                                 0x93 (size before relaxing)
 *fill*         0x08010e57        0x1 
 .rodata.__mprec_bigtens
                0x08010e58       0x28 d:/clion/tools/gcc-arm-none-eabi-10.3-2021.10-win32/gcc-arm-none-eabi-10.3-2021.10/bin/../lib/gcc/arm-none-eabi/10.3.1/../../../../arm-none-eabi/lib/thumb/v7-m/nofp\libg.a(lib_a-mprec.o)
                0x08010e58                __mprec_bigtens
 .rodata.__mprec_tens
                0x08010e80       0xc8 d:/clion/tools/gcc-arm-none-eabi-10.3-2021.10-win32/gcc-arm-none-eabi-10.3-2021.10/bin/../lib/gcc/arm-none-eabi/10.3.1/../../../../arm-none-eabi/lib/thumb/v7-m/nofp\libg.a(lib_a-mprec.o)
                0x08010e80                __mprec_tens
 .rodata.p05.0  0x08010f48        0xc d:/clion/tools/gcc-arm-none-eabi-10.3-2021.10-win32/gcc-arm-none-eabi-10.3-2021.10/bin/../lib/gcc/arm-none-eabi/10.3.1/../../../../arm-none-eabi/lib/thumb/v7-m/nofp\libg.a(lib_a-mprec.o)
 .rodata._vfiprintf_r.str1.4
                0x08010f54       0x2f d:/clion/tools/gcc-arm-none-eabi-10.3-2021.10-win32/gcc-arm-none-eabi-10.3-2021.10/bin/../lib/gcc/arm-none-eabi/10.3.1/../../../../arm-none-eabi/lib/thumb/v7-m/nofp\libg.a(lib_a-vfiprintf.o)
 .rodata.blanks.1
                0x08010f54       0x10 d:/clion/tools/gcc-arm-none-eabi-10.3-2021.10-win32/gcc-arm-none-eabi-10.3-2021.10/bin/../lib/gcc/arm-none-eabi/10.3.1/../../../../arm-none-eabi/lib/thumb/v7-m/nofp\libg.a(lib_a-vfiprintf.o)
 .rodata.zeroes.0
                0x08010f64       0x10 d:/clion/tools/gcc-arm-none-eabi-10.3-2021.10-win32/gcc-arm-none-eabi-10.3-2021.10/bin/../lib/gcc/arm-none-eabi/10.3.1/../../../../arm-none-eabi/lib/thumb/v7-m/nofp\libg.a(lib_a-vfiprintf.o)
 .rodata.__assert_func.str1.4
                0x08010f74       0x3f d:/clion/tools/gcc-arm-none-eabi-10.3-2021.10-win32/gcc-arm-none-eabi-10.3-2021.10/bin/../lib/gcc/arm-none-eabi/10.3.1/../../../../arm-none-eabi/lib/thumb/v7-m/nofp\libg.a(lib_a-assert.o)
                                 0x43 (size before relaxing)
 *fill*         0x08010fb3        0x1 
 .rodata._setlocale_r.str1.4
                0x08010fb4        0xa d:/clion/tools/gcc-arm-none-eabi-10.3-2021.10-win32/gcc-arm-none-eabi-10.3-2021.10/bin/../lib/gcc/arm-none-eabi/10.3.1/../../../../arm-none-eabi/lib/thumb/v7-m/nofp\libg.a(lib_a-locale.o)
                                  0xd (size before relaxing)
 *fill*         0x08010fbe        0x2 
 .rodata.str1.4
                0x08010fc0        0x2 d:/clion/tools/gcc-arm-none-eabi-10.3-2021.10-win32/gcc-arm-none-eabi-10.3-2021.10/bin/../lib/gcc/arm-none-eabi/10.3.1/../../../../arm-none-eabi/lib/thumb/v7-m/nofp\libg.a(lib_a-locale.o)
 *fill*         0x08010fc2        0x2 
 .rodata._ctype_
                0x08010fc4      0x101 d:/clion/tools/gcc-arm-none-eabi-10.3-2021.10-win32/gcc-arm-none-eabi-10.3-2021.10/bin/../lib/gcc/arm-none-eabi/10.3.1/../../../../arm-none-eabi/lib/thumb/v7-m/nofp\libg.a(lib_a-ctype_.o)
                0x08010fc4                _ctype_
 .rodata.asin.str1.4
                0x080110c5        0x1 d:/clion/tools/gcc-arm-none-eabi-10.3-2021.10-win32/gcc-arm-none-eabi-10.3-2021.10/bin/../lib/gcc/arm-none-eabi/10.3.1/../../../../arm-none-eabi/lib/thumb/v7-m/nofp\libm.a(lib_a-w_asin.o)
 *fill*         0x080110c5        0x3 
 .rodata.CSWTCH.8
                0x080110c8       0x18 d:/clion/tools/gcc-arm-none-eabi-10.3-2021.10-win32/gcc-arm-none-eabi-10.3-2021.10/bin/../lib/gcc/arm-none-eabi/10.3.1/../../../../arm-none-eabi/lib/thumb/v7-m/nofp\libm.a(lib_a-e_atan2.o)
 .rodata.CSWTCH.9
                0x080110e0       0x18 d:/clion/tools/gcc-arm-none-eabi-10.3-2021.10-win32/gcc-arm-none-eabi-10.3-2021.10/bin/../lib/gcc/arm-none-eabi/10.3.1/../../../../arm-none-eabi/lib/thumb/v7-m/nofp\libm.a(lib_a-e_atan2.o)
 .rodata.atanhi
                0x080110f8       0x20 d:/clion/tools/gcc-arm-none-eabi-10.3-2021.10-win32/gcc-arm-none-eabi-10.3-2021.10/bin/../lib/gcc/arm-none-eabi/10.3.1/../../../../arm-none-eabi/lib/thumb/v7-m/nofp\libm.a(lib_a-s_atan.o)
 .rodata.atanlo
                0x08011118       0x20 d:/clion/tools/gcc-arm-none-eabi-10.3-2021.10-win32/gcc-arm-none-eabi-10.3-2021.10/bin/../lib/gcc/arm-none-eabi/10.3.1/../../../../arm-none-eabi/lib/thumb/v7-m/nofp\libm.a(lib_a-s_atan.o)
                0x08011138                . = ALIGN (0x4)

.ARM.extab      0x08011138        0x0
                0x08011138                . = ALIGN (0x4)
 *(.ARM.extab* .gnu.linkonce.armextab.*)
                0x08011138                . = ALIGN (0x4)

.ARM            0x08011138        0x8
                0x08011138                . = ALIGN (0x4)
                0x08011138                __exidx_start = .
 *(.ARM.exidx*)
 .ARM.exidx     0x08011138        0x8 d:/clion/tools/gcc-arm-none-eabi-10.3-2021.10-win32/gcc-arm-none-eabi-10.3-2021.10/bin/../lib/gcc/arm-none-eabi/10.3.1/thumb/v7-m/nofp\libgcc.a(_udivmoddi4.o)
                0x08011140                __exidx_end = .
                0x08011140                . = ALIGN (0x4)

.rel.dyn        0x08011140        0x0
 .rel.iplt      0x08011140        0x0 d:/clion/tools/gcc-arm-none-eabi-10.3-2021.10-win32/gcc-arm-none-eabi-10.3-2021.10/bin/../lib/gcc/arm-none-eabi/10.3.1/thumb/v7-m/nofp/crtbegin.o

.preinit_array  0x08011140        0x0
                0x08011140                . = ALIGN (0x4)
                0x08011140                PROVIDE (__preinit_array_start = .)
 *(.preinit_array*)
                0x08011140                PROVIDE (__preinit_array_end = .)
                0x08011140                . = ALIGN (0x4)

.init_array     0x08011140        0x8
                0x08011140                . = ALIGN (0x4)
                0x08011140                PROVIDE (__init_array_start = .)
 *(SORT_BY_NAME(.init_array.*))
 .init_array.00000
                0x08011140        0x4 d:/clion/tools/gcc-arm-none-eabi-10.3-2021.10-win32/gcc-arm-none-eabi-10.3-2021.10/bin/../lib/gcc/arm-none-eabi/10.3.1/../../../../arm-none-eabi/lib/thumb/v7-m/nofp\libg.a(lib_a-__call_atexit.o)
 *(.init_array*)
 .init_array    0x08011144        0x4 d:/clion/tools/gcc-arm-none-eabi-10.3-2021.10-win32/gcc-arm-none-eabi-10.3-2021.10/bin/../lib/gcc/arm-none-eabi/10.3.1/thumb/v7-m/nofp/crtbegin.o
                0x08011148                PROVIDE (__init_array_end = .)
                0x08011148                . = ALIGN (0x4)

.fini_array     0x08011148        0x4
                0x08011148                . = ALIGN (0x4)
                0x08011148                PROVIDE (__fini_array_start = .)
 *(SORT_BY_NAME(.fini_array.*))
 *(.fini_array*)
 .fini_array    0x08011148        0x4 d:/clion/tools/gcc-arm-none-eabi-10.3-2021.10-win32/gcc-arm-none-eabi-10.3-2021.10/bin/../lib/gcc/arm-none-eabi/10.3.1/thumb/v7-m/nofp/crtbegin.o
                0x0801114c                PROVIDE (__fini_array_end = .)
                0x0801114c                . = ALIGN (0x4)
                0x0801114c                _sidata = LOADADDR (.data)

.data           0x20000000      0xa40 load address 0x0801114c
                0x20000000                . = ALIGN (0x4)
                0x20000000                _sdata = .
 *(.data)
 *(.data*)
 .data.uwTickFreq
                0x20000000        0x1 CMakeFiles/4w.elf.dir/Drivers/STM32F1xx_HAL_Driver/Src/stm32f1xx_hal.c.obj
                0x20000000                uwTickFreq
 *fill*         0x20000001        0x3 
 .data.uwTickPrio
                0x20000004        0x4 CMakeFiles/4w.elf.dir/Drivers/STM32F1xx_HAL_Driver/Src/stm32f1xx_hal.c.obj
                0x20000004                uwTickPrio
 .data.Direction
                0x20000008       0x4c CMakeFiles/4w.elf.dir/Src/motor.c.obj
                0x20000008                Direction
 .data.SystemCoreClock
                0x20000054        0x4 CMakeFiles/4w.elf.dir/Src/system_stm32f1xx.c.obj
                0x20000054                SystemCoreClock
 .data.gyro_orientation
                0x20000058        0x9 CMakeFiles/4w.elf.dir/mpu6050/inv_mpu.c.obj
 *fill*         0x20000061        0x3 
 .data.st       0x20000064       0x2c CMakeFiles/4w.elf.dir/mpu6050/inv_mpu.c.obj
 .data._impure_ptr
                0x20000090        0x4 d:/clion/tools/gcc-arm-none-eabi-10.3-2021.10-win32/gcc-arm-none-eabi-10.3-2021.10/bin/../lib/gcc/arm-none-eabi/10.3.1/../../../../arm-none-eabi/lib/thumb/v7-m/nofp\libg.a(lib_a-impure.o)
                0x20000090                _impure_ptr
 *fill*         0x20000094        0x4 
 .data.impure_data
                0x20000098      0x428 d:/clion/tools/gcc-arm-none-eabi-10.3-2021.10-win32/gcc-arm-none-eabi-10.3-2021.10/bin/../lib/gcc/arm-none-eabi/10.3.1/../../../../arm-none-eabi/lib/thumb/v7-m/nofp\libg.a(lib_a-impure.o)
 .data.__atexit_recursive_mutex
                0x200004c0        0x4 d:/clion/tools/gcc-arm-none-eabi-10.3-2021.10-win32/gcc-arm-none-eabi-10.3-2021.10/bin/../lib/gcc/arm-none-eabi/10.3.1/../../../../arm-none-eabi/lib/thumb/v7-m/nofp\libg.a(lib_a-__call_atexit.o)
                0x200004c0                __atexit_recursive_mutex
 .data.__malloc_av_
                0x200004c4      0x408 d:/clion/tools/gcc-arm-none-eabi-10.3-2021.10-win32/gcc-arm-none-eabi-10.3-2021.10/bin/../lib/gcc/arm-none-eabi/10.3.1/../../../../arm-none-eabi/lib/thumb/v7-m/nofp\libg.a(lib_a-mallocr.o)
                0x200004c4                __malloc_av_
 .data.__malloc_sbrk_base
                0x200008cc        0x4 d:/clion/tools/gcc-arm-none-eabi-10.3-2021.10-win32/gcc-arm-none-eabi-10.3-2021.10/bin/../lib/gcc/arm-none-eabi/10.3.1/../../../../arm-none-eabi/lib/thumb/v7-m/nofp\libg.a(lib_a-mallocr.o)
                0x200008cc                __malloc_sbrk_base
 .data.__malloc_trim_threshold
                0x200008d0        0x4 d:/clion/tools/gcc-arm-none-eabi-10.3-2021.10-win32/gcc-arm-none-eabi-10.3-2021.10/bin/../lib/gcc/arm-none-eabi/10.3.1/../../../../arm-none-eabi/lib/thumb/v7-m/nofp\libg.a(lib_a-mallocr.o)
                0x200008d0                __malloc_trim_threshold
 .data.__global_locale
                0x200008d4      0x16c d:/clion/tools/gcc-arm-none-eabi-10.3-2021.10-win32/gcc-arm-none-eabi-10.3-2021.10/bin/../lib/gcc/arm-none-eabi/10.3.1/../../../../arm-none-eabi/lib/thumb/v7-m/nofp\libg.a(lib_a-locale.o)
                0x200008d4                __global_locale
 *(.RamFunc)
 *(.RamFunc*)
                0x20000a40                . = ALIGN (0x4)
                0x20000a40                _edata = .

.igot.plt       0x20000a40        0x0 load address 0x08011b8c
 .igot.plt      0x20000a40        0x0 d:/clion/tools/gcc-arm-none-eabi-10.3-2021.10-win32/gcc-arm-none-eabi-10.3-2021.10/bin/../lib/gcc/arm-none-eabi/10.3.1/thumb/v7-m/nofp/crtbegin.o
                0x20000a40                . = ALIGN (0x4)

.bss            0x20000a40      0x260 load address 0x08011b8c
                0x20000a40                _sbss = .
                0x20000a40                __bss_start__ = _sbss
 *(.bss)
 .bss           0x20000a40       0x1c d:/clion/tools/gcc-arm-none-eabi-10.3-2021.10-win32/gcc-arm-none-eabi-10.3-2021.10/bin/../lib/gcc/arm-none-eabi/10.3.1/thumb/v7-m/nofp/crtbegin.o
 *(.bss*)
 .bss.ADC_Value
                0x20000a5c        0x8 CMakeFiles/4w.elf.dir/ADC_XJ/ADC_XJ.c.obj
                0x20000a5c                ADC_Value
 .bss.uwTick    0x20000a64        0x4 CMakeFiles/4w.elf.dir/Drivers/STM32F1xx_HAL_Driver/Src/stm32f1xx_hal.c.obj
                0x20000a64                uwTick
 .bss.pid_motor_L
                0x20000a68       0x24 CMakeFiles/4w.elf.dir/PID/PID.c.obj
                0x20000a68                pid_motor_L
 .bss.pid_motor_R
                0x20000a8c       0x24 CMakeFiles/4w.elf.dir/PID/PID.c.obj
                0x20000a8c                pid_motor_R
 .bss.hadc1     0x20000ab0       0x30 CMakeFiles/4w.elf.dir/Src/adc.c.obj
                0x20000ab0                hadc1
 .bss.sbuf      0x20000ae0       0x15 CMakeFiles/4w.elf.dir/Src/main.c.obj
                0x20000ae0                sbuf
 *fill*         0x20000af5        0x3 
 .bss.MOVE      0x20000af8        0x4 CMakeFiles/4w.elf.dir/Src/motor.c.obj
                0x20000af8                MOVE
 .bss.target_angle
                0x20000afc        0x4 CMakeFiles/4w.elf.dir/Src/motor.c.obj
                0x20000afc                target_angle
 .bss.__sbrk_heap_end
                0x20000b00        0x4 CMakeFiles/4w.elf.dir/Src/sysmem.c.obj
 .bss.Motor_speed_L
                0x20000b04        0x4 CMakeFiles/4w.elf.dir/Src/tim.c.obj
                0x20000b04                Motor_speed_L
 .bss.Motor_speed_R
                0x20000b08        0x4 CMakeFiles/4w.elf.dir/Src/tim.c.obj
                0x20000b08                Motor_speed_R
 .bss._10ms_flag
                0x20000b0c        0x1 CMakeFiles/4w.elf.dir/Src/tim.c.obj
                0x20000b0c                _10ms_flag
 .bss._50ms_flag
                0x20000b0d        0x1 CMakeFiles/4w.elf.dir/Src/tim.c.obj