Archive member included to satisfy reference by file (symbol)

d:/clion/tools/gcc-arm-none-eabi-10.3-2021.10-win32/gcc-arm-none-eabi-10.3-2021.10/bin/../lib/gcc/arm-none-eabi/10.3.1/thumb/v7-m/nofp\libgcc.a(_arm_muldf3.o)
                              CMakeFiles/4w.elf.dir/ADC_XJ/ADC_XJ.c.obj (__aeabi_dmul)
d:/clion/tools/gcc-arm-none-eabi-10.3-2021.10-win32/gcc-arm-none-eabi-10.3-2021.10/bin/../lib/gcc/arm-none-eabi/10.3.1/thumb/v7-m/nofp\libgcc.a(_arm_mulsf3.o)
                              CMakeFiles/4w.elf.dir/PID/PID.c.obj (__aeabi_fmul)
d:/clion/tools/gcc-arm-none-eabi-10.3-2021.10-win32/gcc-arm-none-eabi-10.3-2021.10/bin/../lib/gcc/arm-none-eabi/10.3.1/thumb/v7-m/nofp\libgcc.a(_arm_addsubdf3.o)
                              CMakeFiles/4w.elf.dir/ADC_XJ/ADC_XJ.c.obj (__aeabi_dadd)
d:/clion/tools/gcc-arm-none-eabi-10.3-2021.10-win32/gcc-arm-none-eabi-10.3-2021.10/bin/../lib/gcc/arm-none-eabi/10.3.1/thumb/v7-m/nofp\libgcc.a(_arm_truncdfsf2.o)
                              CMakeFiles/4w.elf.dir/ADC_XJ/ADC_XJ.c.obj (__aeabi_d2f)
d:/clion/tools/gcc-arm-none-eabi-10.3-2021.10-win32/gcc-arm-none-eabi-10.3-2021.10/bin/../lib/gcc/arm-none-eabi/10.3.1/thumb/v7-m/nofp\libgcc.a(_arm_addsubsf3.o)
                              CMakeFiles/4w.elf.dir/PID/PID.c.obj (__aeabi_fsub)
d:/clion/tools/gcc-arm-none-eabi-10.3-2021.10-win32/gcc-arm-none-eabi-10.3-2021.10/bin/../lib/gcc/arm-none-eabi/10.3.1/thumb/v7-m/nofp\libgcc.a(_arm_muldivsf3.o)
                              CMakeFiles/4w.elf.dir/mpu6050/inv_mpu.c.obj (__aeabi_fdiv)
d:/clion/tools/gcc-arm-none-eabi-10.3-2021.10-win32/gcc-arm-none-eabi-10.3-2021.10/bin/../lib/gcc/arm-none-eabi/10.3.1/thumb/v7-m/nofp\libgcc.a(_arm_cmpsf2.o)
                              CMakeFiles/4w.elf.dir/mpu6050/inv_mpu.c.obj (__aeabi_fcmpeq)
d:/clion/tools/gcc-arm-none-eabi-10.3-2021.10-win32/gcc-arm-none-eabi-10.3-2021.10/bin/../lib/gcc/arm-none-eabi/10.3.1/thumb/v7-m/nofp\libgcc.a(_arm_fixsfsi.o)
                              CMakeFiles/4w.elf.dir/Src/main.c.obj (__aeabi_f2iz)
d:/clion/tools/gcc-arm-none-eabi-10.3-2021.10-win32/gcc-arm-none-eabi-10.3-2021.10/bin/../lib/gcc/arm-none-eabi/10.3.1/thumb/v7-m/nofp\libgcc.a(_arm_fixunssfsi.o)
                              CMakeFiles/4w.elf.dir/mpu6050/inv_mpu_dmp_motion_driver.c.obj (__aeabi_f2uiz)
d:/clion/tools/gcc-arm-none-eabi-10.3-2021.10-win32/gcc-arm-none-eabi-10.3-2021.10/bin/../lib/gcc/arm-none-eabi/10.3.1/thumb/v7-m/nofp\libgcc.a(_aeabi_ldivmod.o)
                              CMakeFiles/4w.elf.dir/mpu6050/inv_mpu.c.obj (__aeabi_ldivmod)
d:/clion/tools/gcc-arm-none-eabi-10.3-2021.10-win32/gcc-arm-none-eabi-10.3-2021.10/bin/../lib/gcc/arm-none-eabi/10.3.1/thumb/v7-m/nofp\libgcc.a(_udivmoddi4.o)
                              d:/clion/tools/gcc-arm-none-eabi-10.3-2021.10-win32/gcc-arm-none-eabi-10.3-2021.10/bin/../lib/gcc/arm-none-eabi/10.3.1/thumb/v7-m/nofp\libgcc.a(_aeabi_ldivmod.o) (__udivmoddi4)
d:/clion/tools/gcc-arm-none-eabi-10.3-2021.10-win32/gcc-arm-none-eabi-10.3-2021.10/bin/../lib/gcc/arm-none-eabi/10.3.1/thumb/v7-m/nofp\libgcc.a(_dvmd_tls.o)
                              d:/clion/tools/gcc-arm-none-eabi-10.3-2021.10-win32/gcc-arm-none-eabi-10.3-2021.10/bin/../lib/gcc/arm-none-eabi/10.3.1/thumb/v7-m/nofp\libgcc.a(_aeabi_ldivmod.o) (__aeabi_ldiv0)
d:/clion/tools/gcc-arm-none-eabi-10.3-2021.10-win32/gcc-arm-none-eabi-10.3-2021.10/bin/../lib/gcc/arm-none-eabi/10.3.1/../../../../arm-none-eabi/lib/thumb/v7-m/nofp\libc.a(lib_a-errno.o)
                              CMakeFiles/4w.elf.dir/Src/syscalls.c.obj (__errno)
d:/clion/tools/gcc-arm-none-eabi-10.3-2021.10-win32/gcc-arm-none-eabi-10.3-2021.10/bin/../lib/gcc/arm-none-eabi/10.3.1/../../../../arm-none-eabi/lib/thumb/v7-m/nofp\libc.a(lib_a-exit.o)
                              d:/clion/tools/gcc-arm-none-eabi-10.3-2021.10-win32/gcc-arm-none-eabi-10.3-2021.10/bin/../lib/gcc/arm-none-eabi/10.3.1/../../../../arm-none-eabi/lib/thumb/v7-m/nofp/crt0.o (exit)
d:/clion/tools/gcc-arm-none-eabi-10.3-2021.10-win32/gcc-arm-none-eabi-10.3-2021.10/bin/../lib/gcc/arm-none-eabi/10.3.1/../../../../arm-none-eabi/lib/thumb/v7-m/nofp\libc.a(lib_a-impure.o)
                              d:/clion/tools/gcc-arm-none-eabi-10.3-2021.10-win32/gcc-arm-none-eabi-10.3-2021.10/bin/../lib/gcc/arm-none-eabi/10.3.1/../../../../arm-none-eabi/lib/thumb/v7-m/nofp\libc.a(lib_a-exit.o) (_global_impure_ptr)
d:/clion/tools/gcc-arm-none-eabi-10.3-2021.10-win32/gcc-arm-none-eabi-10.3-2021.10/bin/../lib/gcc/arm-none-eabi/10.3.1/../../../../arm-none-eabi/lib/thumb/v7-m/nofp\libc.a(lib_a-init.o)
                              d:/clion/tools/gcc-arm-none-eabi-10.3-2021.10-win32/gcc-arm-none-eabi-10.3-2021.10/bin/../lib/gcc/arm-none-eabi/10.3.1/../../../../arm-none-eabi/lib/thumb/v7-m/nofp/crt0.o (__libc_init_array)
d:/clion/tools/gcc-arm-none-eabi-10.3-2021.10-win32/gcc-arm-none-eabi-10.3-2021.10/bin/../lib/gcc/arm-none-eabi/10.3.1/../../../../arm-none-eabi/lib/thumb/v7-m/nofp\libc.a(lib_a-memcmp.o)
[...]
Memory Configuration

Name             Origin             Length             Attributes
RAM              0x20000000         0x00005000         xrw
FLASH            0x08000000         0x00010000         xr
*default*        0x00000000         0xffffffff

Linker script and memory map

LOAD d:/clion/tools/gcc-arm-none-eabi-10.3-2021.10-win32/gcc-arm-none-eabi-10.3-2021.10/bin/../lib/gcc/arm-none-eabi/10.3.1/thumb/v7-m/nofp/crti.o
LOAD d:/clion/tools/gcc-arm-none-eabi-10.3-2021.10-win32/gcc-arm-none-eabi-10.3-2021.10/bin/../lib/gcc/arm-none-eabi/10.3.1/thumb/v7-m/nofp/crtbegin.o
LOAD d:/clion/tools/gcc-arm-none-eabi-10.3-2021.10-win32/gcc-arm-none-eabi-10.3-2021.10/bin/../lib/gcc/arm-none-eabi/10.3.1/../../../../arm-none-eabi/lib/thumb/v7-m/nofp/crt0.o
LOAD CMakeFiles/4w.elf.dir/ADC_XJ/ADC_XJ.c.obj
LOAD CMakeFiles/4w.elf.dir/Drivers/STM32F1xx_HAL_Driver/Src/stm32f1xx_hal.c.obj
LOAD CMakeFiles/4w.elf.dir/Drivers/STM32F1xx_HAL_Driver/Src/stm32f1xx_hal_adc.c.obj
LOAD CMakeFiles/4w.elf.dir/Drivers/STM32F1xx_HAL_Driver/Src/stm32f1xx_hal_adc_ex.c.obj
LOAD CMakeFiles/4w.elf.dir/Drivers/STM32F1xx_HAL_Driver/Src/stm32f1xx_hal_cortex.c.obj
LOAD CMakeFiles/4w.elf.dir/Drivers/STM32F1xx_HAL_Driver/Src/stm32f1xx_hal_dma.c.obj
LOAD CMakeFiles/4w.elf.dir/Drivers/STM32F1xx_HAL_Driver/Src/stm32f1xx_hal_exti.c.obj
LOAD CMakeFiles/4w.elf.dir/Drivers/STM32F1xx_HAL_Driver/Src/stm32f1xx_hal_flash.c.obj
LOAD CMakeFiles/4w.elf.dir/Drivers/STM32F1xx_HAL_Driver/Src/stm32f1xx_hal_flash_ex.c.obj
LOAD CMakeFiles/4w.elf.dir/Drivers/STM32F1xx_HAL_Driver/Src/stm32f1xx_hal_gpio.c.obj
LOAD CMakeFiles/4w.elf.dir/Drivers/STM32F1xx_HAL_Driver/Src/stm32f1xx_hal_gpio_ex.c.obj
LOAD CMakeFiles/4w.elf.dir/Drivers/STM32F1xx_HAL_Driver/Src/stm32f1xx_hal_pwr.c.obj
LOAD CMakeFiles/4w.elf.dir/Drivers/STM32F1xx_HAL_Driver/Src/stm32f1xx_hal_rcc.c.obj
LOAD CMakeFiles/4w.elf.dir/Drivers/STM32F1xx_HAL_Driver/Src/stm32f1xx_hal_rcc_ex.c.obj
LOAD CMakeFiles/4w.elf.dir/Drivers/STM32F1xx_HAL_Driver/Src/stm32f1xx_hal_tim.c.obj
LOAD CMakeFiles/4w.elf.dir/Drivers/STM32F1xx_HAL_Driver/Src/stm32f1xx_hal_tim_ex.c.obj
LOAD CMakeFiles/4w.elf.dir/Drivers/STM32F1xx_HAL_Driver/Src/stm32f1xx_hal_uart.c.obj
LOAD CMakeFiles/4w.elf.dir/PID/PID.c.obj
LOAD CMakeFiles/4w.elf.dir/Src/adc.c.obj
LOAD CMakeFiles/4w.elf.dir/Src/gpio.c.obj
LOAD CMakeFiles/4w.elf.dir/Src/main.c.obj
LOAD CMakeFiles/4w.elf.dir/Src/motor.c.obj
LOAD CMakeFiles/4w.elf.dir/Src/stm32f1xx_hal_msp.c.obj
LOAD CMakeFiles/4w.elf.dir/Src/stm32f1xx_it.c.obj
LOAD CMakeFiles/4w.elf.dir/Src/syscalls.c.obj
LOAD CMakeFiles/4w.elf.dir/Src/sysmem.c.obj
LOAD CMakeFiles/4w.elf.dir/Src/system_stm32f1xx.c.obj
LOAD CMakeFiles/4w.elf.dir/Src/tim.c.obj
LOAD CMakeFiles/4w.elf.dir/Src/usart.c.obj
LOAD CMakeFiles/4w.elf.dir/Startup/startup_stm32f103c8tx.s.obj
LOAD CMakeFiles/4w.elf.dir/mpu6050/bsp_iic.c.obj
LOAD CMakeFiles/4w.elf.dir/mpu6050/inv_mpu.c.obj
LOAD CMakeFiles/4w.elf.dir/mpu6050/inv_mpu_dmp_motion_driver.c.obj
LOAD CMakeFiles/4w.elf.dir/mpu6050/mpu6050.c.obj
LOAD CMakeFiles/4w.elf.dir/oled_sim/oled.c.obj
START GROUP
LOAD d:/clion/tools/gcc-arm-none-eabi-10.3-2021.10-win32/gcc-arm-none-eabi-10.3-2021.10/bin/../lib/gcc/arm-none-eabi/10.3.1/thumb/v7-m/nofp\libgcc.a
LOAD d:/clion/tools/gcc-arm-none-eabi-10.3-2021.10-win32/gcc-arm-none-eabi-10.3-2021.10/bin/../lib/gcc/arm-none-eabi/10.3.1/../../../../arm-none-eabi/lib/thumb/v7-m/nofp\libc.a
END GROUP
LOAD d:/clion/tools/gcc-arm-none-eabi-10.3-2021.10-win32/gcc-arm-none-eabi-10.3-2021.10/bin/../lib/gcc/arm-none-eabi/10.3.1/thumb/v7-m/nofp/crtend.o
LOAD d:/clion/tools/gcc-arm-none-eabi-10.3-2021.10-win32/gcc-arm-none-eabi-10.3-2021.10/bin/../lib/gcc/arm-none-eabi/10.3.1/thumb/v7-m/nofp/crtn.o
                0x20005000                _estack = (ORIGIN (RAM) + LENGTH (RAM))
                0x00000200                _Min_Heap_Size = 0x200
                0x00000400                _Min_Stack_Size = 0x400

.isr_vector     0x08000000      0x10c
                0x08000000                . = ALIGN (0x4)
 *(.isr_vector)
 .isr_vector    0x08000000      0x10c CMakeFiles/4w.elf.dir/Startup/startup_stm32f103c8tx.s.obj
                0x08000000                g_pfnVectors
                0x0800010c                . = ALIGN (0x4)

.text           0x08000110     0xf1b8
                0x08000110                . = ALIGN (0x4)
 *(.text)
 .text          0x08000110       0x40 d:/clion/tools/gcc-arm-none-eabi-10.3-2021.10-win32/gcc-arm-none-eabi-10.3-2021.10/bin/../lib/gcc/arm-none-eabi/10.3.1/thumb/v7-m/nofp/crtbegin.o
 .text          0x08000150      0x378 d:/clion/tools/gcc-arm-none-eabi-10.3-2021.10-win32/gcc-arm-none-eabi-10.3-2021.10/bin/../lib/gcc/arm-none-eabi/10.3.1/thumb/v7-m/nofp\libgcc.a(_arm_addsubdf3.o)
                0x08000150                __aeabi_drsub
                0x08000158                __aeabi_dsub
                0x08000158                __subdf3
                0x0800015c                __aeabi_dadd
                0x0800015c                __adddf3
                0x080003d4                __floatunsidf
                0x080003d4                __aeabi_ui2d
                0x080003f4                __floatsidf
                0x080003f4                __aeabi_i2d
                0x08000418                __aeabi_f2d
                0x08000418                __extendsfdf2
                0x0800045c                __floatundidf
                0x0800045c                __aeabi_ul2d
                0x0800046c                __floatdidf
                0x0800046c                __aeabi_l2d
 .text          0x080004c8       0xa0 d:/clion/tools/gcc-arm-none-eabi-10.3-2021.10-win32/gcc-arm-none-eabi-10.3-2021.10/bin/../lib/gcc/arm-none-eabi/10.3.1/thumb/v7-m/nofp\libgcc.a(_arm_truncdfsf2.o)
                0x080004c8                __truncdfsf2
                0x080004c8                __aeabi_d2f
 .text          0x08000568      0x21c d:/clion/tools/gcc-arm-none-eabi-10.3-2021.10-win32/gcc-arm-none-eabi-10.3-2021.10/bin/../lib/gcc/arm-none-eabi/10.3.1/thumb/v7-m/nofp\libgcc.a(_arm_addsubsf3.o)
                0x08000568                __aeabi_frsub
                0x08000570                __subsf3
                0x08000570                __aeabi_fsub
                0x08000574                __aeabi_fadd
                0x08000574                __addsf3
                0x080006d4                __aeabi_ui2f
                0x080006d4                __floatunsisf
                0x080006dc                __aeabi_i2f
                0x080006dc                __floatsisf
                0x080006f8                __aeabi_ul2f
                0x080006f8                __floatundisf
                0x08000708                __aeabi_l2f
                0x08000708                __floatdisf
 .text          0x08000784      0x2a0 d:/clion/tools/gcc-arm-none-eabi-10.3-2021.10-win32/gcc-arm-none-eabi-10.3-2021.10/bin/../lib/gcc/arm-none-eabi/10.3.1/thumb/v7-m/nofp\libgcc.a(_arm_muldivsf3.o)
                0x08000784                __mulsf3
                0x08000784                __aeabi_fmul
                0x080008ec                __aeabi_fdiv
                0x080008ec                __divsf3
 .text          0x08000a24       0xec d:/clion/tools/gcc-arm-none-eabi-10.3-2021.10-win32/gcc-arm-none-eabi-10.3-2021.10/bin/../lib/gcc/arm-none-eabi/10.3.1/thumb/v7-m/nofp\libgcc.a(_arm_cmpsf2.o)
                0x08000a24                __gesf2
                0x08000a24                __gtsf2
                0x08000a2c                __lesf2
                0x08000a2c                __ltsf2
                0x08000a34                __nesf2
                0x08000a34                __eqsf2
                0x08000a34                __cmpsf2
                0x08000a94                __aeabi_cfrcmple
                0x08000a9c                __aeabi_cfcmpeq
                0x08000a9c                __aeabi_cfcmple
                0x08000aac                __aeabi_fcmpeq
                0x08000ac0                __aeabi_fcmplt
                0x08000ad4                __aeabi_fcmple
                0x08000ae8                __aeabi_fcmpge
                0x08000afc                __aeabi_fcmpgt
 .text          0x08000b10       0x4c d:/clion/tools/gcc-arm-none-eabi-10.3-2021.10-win32/gcc-arm-none-eabi-10.3-2021.10/bin/../lib/gcc/arm-none-eabi/10.3.1/thumb/v7-m/nofp\libgcc.a(_arm_fixsfsi.o)
                0x08000b10                __aeabi_f2iz
                0x08000b10                __fixsfsi
 .text          0x08000b5c       0x40 d:/clion/tools/gcc-arm-none-eabi-10.3-2021.10-win32/gcc-arm-none-eabi-10.3-2021.10/bin/../lib/gcc/arm-none-eabi/10.3.1/thumb/v7-m/nofp\libgcc.a(_arm_fixunssfsi.o)
                0x08000b5c                __fixunssfsi
                0x08000b5c                __aeabi_f2uiz
 .text          0x08000b9c       0xa0 d:/clion/tools/gcc-arm-none-eabi-10.3-2021.10-win32/gcc-arm-none-eabi-10.3-2021.10/bin/../lib/gcc/arm-none-eabi/10.3.1/thumb/v7-m/nofp\libgcc.a(_aeabi_ldivmod.o)
                0x08000b9c                __aeabi_ldivmod
 .text          0x08000c3c      0x2d4 d:/clion/tools/gcc-arm-none-eabi-10.3-2021.10-win32/gcc-arm-none-eabi-10.3-2021.10/bin/../lib/gcc/arm-none-eabi/10.3.1/thumb/v7-m/nofp\libgcc.a(_udivmoddi4.o)
                0x08000c3c                __udivmoddi4
 .text          0x08000f10        0x4 d:/clion/tools/gcc-arm-none-eabi-10.3-2021.10-win32/gcc-arm-none-eabi-10.3-2021.10/bin/../lib/gcc/arm-none-eabi/10.3.1/thumb/v7-m/nofp\libgcc.a(_dvmd_tls.o)
                0x08000f10                __aeabi_idiv0
                0x08000f10                __aeabi_ldiv0
 .text          0x08000f14       0xec d:/clion/tools/gcc-arm-none-eabi-10.3-2021.10-win32/gcc-arm-none-eabi-10.3-2021.10/bin/../lib/gcc/arm-none-eabi/10.3.1/../../../../arm-none-eabi/lib/thumb/v7-m/nofp\libc.a(lib_a-memcpy.o)
                0x08000f14                memcpy
 .text          0x08001000      0x424 d:/clion/tools/gcc-arm-none-eabi-10.3-2021.10-win32/gcc-arm-none-eabi-10.3-2021.10/bin/../lib/gcc/arm-none-eabi/10.3.1/thumb/v7-m/nofp\libgcc.a(_arm_muldivdf3.o)
                0x08001000                __aeabi_dmul
                0x08001000                __muldf3
                0x08001254                __divdf3
                0x08001254                __aeabi_ddiv
 .text          0x08001424      0x110 d:/clion/tools/gcc-arm-none-eabi-10.3-2021.10-win32/gcc-arm-none-eabi-10.3-2021.10/bin/../lib/gcc/arm-none-eabi/10.3.1/thumb/v7-m/nofp\libgcc.a(_arm_cmpdf2.o)
                0x08001424                __gtdf2
                0x08001424                __gedf2
                0x0800142c                __ltdf2
                0x0800142c                __ledf2
                0x08001434                __nedf2
                0x08001434                __eqdf2
                0x08001434                __cmpdf2
                0x080014b0                __aeabi_cdrcmple
                0x080014c0                __aeabi_cdcmpeq
                0x080014c0                __aeabi_cdcmple
                0x080014d0                __aeabi_dcmpeq
                0x080014e4                __aeabi_dcmplt
                0x080014f8                __aeabi_dcmple
                0x0800150c                __aeabi_dcmpge
                0x08001520                __aeabi_dcmpgt
 .text          0x08001534       0x2c d:/clion/tools/gcc-arm-none-eabi-10.3-2021.10-win32/gcc-arm-none-eabi-10.3-2021.10/bin/../lib/gcc/arm-none-eabi/10.3.1/thumb/v7-m/nofp\libgcc.a(_arm_unorddf2.o)
                0x08001534                __unorddf2
                0x08001534                __aeabi_dcmpun
 .text          0x08001560       0x50 d:/clion/tools/gcc-arm-none-eabi-10.3-2021.10-win32/gcc-arm-none-eabi-10.3-2021.10/bin/../lib/gcc/arm-none-eabi/10.3.1/thumb/v7-m/nofp\libgcc.a(_arm_fixdfsi.o)
                0x08001560                __aeabi_d2iz
                0x08001560                __fixdfsi
 .text          0x080015b0       0x30 d:/clion/tools/gcc-arm-none-eabi-10.3-2021.10-win32/gcc-arm-none-eabi-10.3-2021.10/bin/../lib/gcc/arm-none-eabi/10.3.1/thumb/v7-m/nofp\libgcc.a(_aeabi_uldivmod.o)
                0x080015b0                __aeabi_uldivmod
 *(.text*)
 .text.HAL_InitTick
                0x080015e0       0x48 CMakeFiles/4w.elf.dir/Drivers/STM32F1xx_HAL_Driver/Src/stm32f1xx_hal.c.obj
                0x080015e0                HAL_InitTick
 .text.HAL_Init
                0x08001628       0x24 CMakeFiles/4w.elf.dir/Drivers/STM32F1xx_HAL_Driver/Src/stm32f1xx_hal.c.obj
                0x08001628                HAL_Init
 .text.HAL_IncTick
                0x0800164c       0x18 CMakeFiles/4w.elf.dir/Drivers/STM32F1xx_HAL_Driver/Src/stm32f1xx_hal.c.obj
                0x0800164c                HAL_IncTick
 .text.HAL_GetTick
                0x08001664        0xc CMakeFiles/4w.elf.dir/Drivers/STM32F1xx_HAL_Driver/Src/stm32f1xx_hal.c.obj
                0x08001664                HAL_GetTick
 .text.HAL_Delay
                0x08001670       0x24 CMakeFiles/4w.elf.dir/Drivers/STM32F1xx_HAL_Driver/Src/stm32f1xx_hal.c.obj
                0x08001670                HAL_Delay
 .text.HAL_ADC_Init
                0x08001694      0x17c CMakeFiles/4w.elf.dir/Drivers/STM32F1xx_HAL_Driver/Src/stm32f1xx_hal_adc.c.obj
                0x08001694                HAL_ADC_Init
 .text.HAL_ADC_ConfigChannel
                0x08001810      0x134 CMakeFiles/4w.elf.dir/Drivers/STM32F1xx_HAL_Driver/Src/stm32f1xx_hal_adc.c.obj
                0x08001810                HAL_ADC_ConfigChannel
 .text.HAL_NVIC_SetPriorityGrouping
                0x08001944       0x24 CMakeFiles/4w.elf.dir/Drivers/STM32F1xx_HAL_Driver/Src/stm32f1xx_hal_cortex.c.obj
                0x08001944                HAL_NVIC_SetPriorityGrouping
 .text.HAL_NVIC_SetPriority
                0x08001968       0x7c CMakeFiles/4w.elf.dir/Drivers/STM32F1xx_HAL_Driver/Src/stm32f1xx_hal_cortex.c.obj
                0x08001968                HAL_NVIC_SetPriority
 .text.HAL_NVIC_EnableIRQ
                0x080019e4       0x1c CMakeFiles/4w.elf.dir/Drivers/STM32F1xx_HAL_Driver/Src/stm32f1xx_hal_cortex.c.obj
                0x080019e4                HAL_NVIC_EnableIRQ
 .text.HAL_SYSTICK_Config
                0x08001a00       0x30 CMakeFiles/4w.elf.dir/Drivers/STM32F1xx_HAL_Driver/Src/stm32f1xx_hal_cortex.c.obj
                0x08001a00                HAL_SYSTICK_Config
 .text.HAL_GPIO_Init
                0x08001a30      0x21c CMakeFiles/4w.elf.dir/Drivers/STM32F1xx_HAL_Driver/Src/stm32f1xx_hal_gpio.c.obj
                0x08001a30                HAL_GPIO_Init
 .text.HAL_GPIO_ReadPin
                0x08001c4c        0xc CMakeFiles/4w.elf.dir/Drivers/STM32F1xx_HAL_Driver/Src/stm32f1xx_hal_gpio.c.obj
                0x08001c4c                HAL_GPIO_ReadPin
 .text.HAL_GPIO_WritePin
                0x08001c58        0x8 CMakeFiles/4w.elf.dir/Drivers/STM32F1xx_HAL_Driver/Src/stm32f1xx_hal_gpio.c.obj
                0x08001c58                HAL_GPIO_WritePin
 .text.HAL_GPIO_TogglePin
                0x08001c60       0x14 CMakeFiles/4w.elf.dir/Drivers/STM32F1xx_HAL_Driver/Src/stm32f1xx_hal_gpio.c.obj
                0x08001c60                HAL_GPIO_TogglePin
 .text.HAL_RCC_OscConfig
                0x08001c74      0x3e0 CMakeFiles/4w.elf.dir/Drivers/STM32F1xx_HAL_Driver/Src/stm32f1xx_hal_rcc.c.obj
                0x08001c74                HAL_RCC_OscConfig
 .text.HAL_RCC_ClockConfig
                0x08002054      0x184 CMakeFiles/4w.elf.dir/Drivers/STM32F1xx_HAL_Driver/Src/stm32f1xx_hal_rcc.c.obj
                0x08002054                HAL_RCC_ClockConfig
 .text.HAL_RCC_GetPCLK1Freq
                0x080021d8       0x20 CMakeFiles/4w.elf.dir/Drivers/STM32F1xx_HAL_Driver/Src/stm32f1xx_hal_rcc.c.obj
                0x080021d8                HAL_RCC_GetPCLK1Freq
 .text.HAL_RCC_GetPCLK2Freq
                0x080021f8       0x20 CMakeFiles/4w.elf.dir/Drivers/STM32F1xx_HAL_Driver/Src/stm32f1xx_hal_rcc.c.obj
                0x080021f8                HAL_RCC_GetPCLK2Freq
 .text.HAL_RCCEx_PeriphCLKConfig
                0x08002218      0x104 CMakeFiles/4w.elf.dir/Drivers/STM32F1xx_HAL_Driver/Src/stm32f1xx_hal_rcc_ex.c.obj
                0x08002218                HAL_RCCEx_PeriphCLKConfig
 .text.HAL_TIM_Base_Init
                0x0800231c       0xdc CMakeFiles/4w.elf.dir/Drivers/STM32F1xx_HAL_Driver/Src/stm32f1xx_hal_tim.c.obj
                0x0800231c                HAL_TIM_Base_Init
 .text.HAL_TIM_Base_Start_IT
                0x080023f8       0x58 CMakeFiles/4w.elf.dir/Drivers/STM32F1xx_HAL_Driver/Src/stm32f1xx_hal_tim.c.obj
                0x080023f8                HAL_TIM_Base_Start_IT
 .text.HAL_TIM_PWM_MspInit
                0x08002450        0x4 CMakeFiles/4w.elf.dir/Drivers/STM32F1xx_HAL_Driver/Src/stm32f1xx_hal_tim.c.obj
                0x08002450                HAL_TIM_PWM_MspInit
 .text.HAL_TIM_PWM_Init
                0x08002454       0xdc CMakeFiles/4w.elf.dir/Drivers/STM32F1xx_HAL_Driver/Src/stm32f1xx_hal_tim.c.obj
                0x08002454                HAL_TIM_PWM_Init
 .text.HAL_TIM_PWM_Start
                0x08002530       0xb8 CMakeFiles/4w.elf.dir/Drivers/STM32F1xx_HAL_Driver/Src/stm32f1xx_hal_tim.c.obj
                0x08002530                HAL_TIM_PWM_Start
 .text.HAL_TIM_PWM_ConfigChannel
                0x080025e8      0x200 CMakeFiles/4w.elf.dir/Drivers/STM32F1xx_HAL_Driver/Src/stm32f1xx_hal_tim.c.obj
                0x080025e8                HAL_TIM_PWM_ConfigChannel
 .text.HAL_TIM_ConfigClockSource
                0x080027e8      0x160 CMakeFiles/4w.elf.dir/Drivers/STM32F1xx_HAL_Driver/Src/stm32f1xx_hal_tim.c.obj
                0x080027e8                HAL_TIM_ConfigClockSource
 .text.HAL_TIM_OC_DelayElapsedCallback
                0x08002948        0x4 CMakeFiles/4w.elf.dir/Drivers/STM32F1xx_HAL_Driver/Src/stm32f1xx_hal_tim.c.obj
                0x08002948                HAL_TIM_OC_DelayElapsedCallback
 .text.HAL_TIM_IC_CaptureCallback
                0x0800294c        0x4 CMakeFiles/4w.elf.dir/Drivers/STM32F1xx_HAL_Driver/Src/stm32f1xx_hal_tim.c.obj
                0x0800294c                HAL_TIM_IC_CaptureCallback
 .text.HAL_TIM_PWM_PulseFinishedCallback
                0x08002950        0x4 CMakeFiles/4w.elf.dir/Drivers/STM32F1xx_HAL_Driver/Src/stm32f1xx_hal_tim.c.obj
                0x08002950                HAL_TIM_PWM_PulseFinishedCallback
 .text.HAL_TIM_TriggerCallback
                0x08002954        0x4 CMakeFiles/4w.elf.dir/Drivers/STM32F1xx_HAL_Driver/Src/stm32f1xx_hal_tim.c.obj
                0x08002954                HAL_TIM_TriggerCallback
 .text.HAL_TIM_IRQHandler
                0x08002958      0x154 CMakeFiles/4w.elf.dir/Drivers/STM32F1xx_HAL_Driver/Src/stm32f1xx_hal_tim.c.obj
                0x08002958                HAL_TIM_IRQHandler
 .text.HAL_TIMEx_MasterConfigSynchronization
                0x08002aac       0x64 CMakeFiles/4w.elf.dir/Drivers/STM32F1xx_HAL_Driver/Src/stm32f1xx_hal_tim_ex.c.obj
                0x08002aac                HAL_TIMEx_MasterConfigSynchronization
 .text.HAL_TIMEx_CommutCallback
                0x08002b10        0x4 CMakeFiles/4w.elf.dir/Drivers/STM32F1xx_HAL_Driver/Src/stm32f1xx_hal_tim_ex.c.obj
                0x08002b10                HAL_TIMEx_CommutCallback
 .text.HAL_TIMEx_BreakCallback
                0x08002b14        0x4 CMakeFiles/4w.elf.dir/Drivers/STM32F1xx_HAL_Driver/Src/stm32f1xx_hal_tim_ex.c.obj
                0x08002b14                HAL_TIMEx_BreakCallback
 .text.HAL_UART_Init
                0x08002b18       0xdc CMakeFiles/4w.elf.dir/Drivers/STM32F1xx_HAL_Driver/Src/stm32f1xx_hal_uart.c.obj
                0x08002b18                HAL_UART_Init
 .text.HAL_UART_Transmit
                0x08002bf4      0x144 CMakeFiles/4w.elf.dir/Drivers/STM32F1xx_HAL_Driver/Src/stm32f1xx_hal_uart.c.obj
                0x08002bf4                HAL_UART_Transmit
 .text.PID_Init
                0x08002d38       0x14 CMakeFiles/4w.elf.dir/PID/PID.c.obj
                0x08002d38                PID_Init
 .text.PID_Set  0x08002d4c       0x10 CMakeFiles/4w.elf.dir/PID/PID.c.obj
                0x08002d4c                PID_Set
 .text.PID_Proc
                0x08002d5c       0x4c CMakeFiles/4w.elf.dir/PID/PID.c.obj
                0x08002d5c                PID_Proc
 .text.MX_ADC1_Init
                0x08002da8       0xc8 CMakeFiles/4w.elf.dir/Src/adc.c.obj
                0x08002da8                MX_ADC1_Init
 .text.HAL_ADC_MspInit
                0x08002e70       0x88 CMakeFiles/4w.elf.dir/Src/adc.c.obj
                0x08002e70                HAL_ADC_MspInit
 .text.MX_GPIO_Init
                0x08002ef8       0xe8 CMakeFiles/4w.elf.dir/Src/gpio.c.obj
                0x08002ef8                MX_GPIO_Init
 .text.__io_putchar
                0x08002fe0       0x20 CMakeFiles/4w.elf.dir/Src/main.c.obj
                0x08002fe0                __io_putchar
 .text.SystemClock_Config
                0x08003000       0x84 CMakeFiles/4w.elf.dir/Src/main.c.obj
                0x08003000                SystemClock_Config
 .text.startup.main
                0x08003084      0x218 CMakeFiles/4w.elf.dir/Src/main.c.obj
                0x08003084                main
 .text.Error_Handler
                0x0800329c        0x4 CMakeFiles/4w.elf.dir/Src/main.c.obj
                0x0800329c                Error_Handler
 .text.MOTOR_L_F
                0x080032a0       0x30 CMakeFiles/4w.elf.dir/Src/motor.c.obj
                0x080032a0                MOTOR_L_F
 .text.MOTOR_L_B
                0x080032d0       0x30 CMakeFiles/4w.elf.dir/Src/motor.c.obj
                0x080032d0                MOTOR_L_B
 .text.MOTOR_R_F
                0x08003300       0x30 CMakeFiles/4w.elf.dir/Src/motor.c.obj
                0x08003300                MOTOR_R_F
 .text.MOTOR_R_B
                0x08003330       0x30 CMakeFiles/4w.elf.dir/Src/motor.c.obj
                0x08003330                MOTOR_R_B
 .text.Motor    0x08003360       0xd4 CMakeFiles/4w.elf.dir/Src/motor.c.obj
                0x08003360                Motor
 .text.HAL_MspInit
                0x08003434       0x44 CMakeFiles/4w.elf.dir/Src/stm32f1xx_hal_msp.c.obj
                0x08003434                HAL_MspInit
 .text.NMI_Handler
                0x08003478        0x4 CMakeFiles/4w.elf.dir/Src/stm32f1xx_it.c.obj
                0x08003478                NMI_Handler
 .text.HardFault_Handler
                0x0800347c        0x4 CMakeFiles/4w.elf.dir/Src/stm32f1xx_it.c.obj
                0x0800347c                HardFault_Handler
 .text.MemManage_Handler
                0x08003480        0x4 CMakeFiles/4w.elf.dir/Src/stm32f1xx_it.c.obj
                0x08003480                MemManage_Handler
 .text.BusFault_Handler
                0x08003484        0x4 CMakeFiles/4w.elf.dir/Src/stm32f1xx_it.c.obj
                0x08003484                BusFault_Handler
 .text.UsageFault_Handler
                0x08003488        0x4 CMakeFiles/4w.elf.dir/Src/stm32f1xx_it.c.obj
                0x08003488                UsageFault_Handler
 .text.SVC_Handler
                0x0800348c        0x4 CMakeFiles/4w.elf.dir/Src/stm32f1xx_it.c.obj
                0x0800348c                SVC_Handler
 .text.DebugMon_Handler
                0x08003490        0x4 CMakeFiles/4w.elf.dir/Src/stm32f1xx_it.c.obj
                0x08003490                DebugMon_Handler
 .text.PendSV_Handler
                0x08003494        0x4 CMakeFiles/4w.elf.dir/Src/stm32f1xx_it.c.obj
                0x08003494                PendSV_Handler
 .text.SysTick_Handler
                0x08003498        0x4 CMakeFiles/4w.elf.dir/Src/stm32f1xx_it.c.obj
                0x08003498                SysTick_Handler
 .text.TIM4_IRQHandler
                0x0800349c        0xc CMakeFiles/4w.elf.dir/Src/stm32f1xx_it.c.obj
                0x0800349c                TIM4_IRQHandler
 .text._getpid  0x080034a8        0x4 CMakeFiles/4w.elf.dir/Src/syscalls.c.obj
                0x080034a8                _getpid
 .text._kill    0x080034ac       0x14 CMakeFiles/4w.elf.dir/Src/syscalls.c.obj
                0x080034ac                _kill
 .text._exit    0x080034c0        0xc CMakeFiles/4w.elf.dir/Src/syscalls.c.obj
                0x080034c0                _exit
 .text._read    0x080034cc       0x1c CMakeFiles/4w.elf.dir/Src/syscalls.c.obj
                0x080034cc                _read
 .text._write   0x080034e8       0x1c CMakeFiles/4w.elf.dir/Src/syscalls.c.obj
                0x080034e8                _write
 .text._close   0x08003504        0x8 CMakeFiles/4w.elf.dir/Src/syscalls.c.obj
                0x08003504                _close
 .text._fstat   0x0800350c        0xc CMakeFiles/4w.elf.dir/Src/syscalls.c.obj
                0x0800350c                _fstat
 .text._isatty  0x08003518        0x4 CMakeFiles/4w.elf.dir/Src/syscalls.c.obj
                0x08003518                _isatty
 .text._lseek   0x0800351c        0x4 CMakeFiles/4w.elf.dir/Src/syscalls.c.obj
                0x0800351c                _lseek
 .text._sbrk    0x08003520       0x48 CMakeFiles/4w.elf.dir/Src/sysmem.c.obj
                0x08003520                _sbrk
 .text.SystemInit
                0x08003568        0x4 CMakeFiles/4w.elf.dir/Src/system_stm32f1xx.c.obj
                0x08003568                SystemInit
 .text.HAL_TIM_PeriodElapsedCallback
                0x0800356c       0xa4 CMakeFiles/4w.elf.dir/Src/tim.c.obj
                0x0800356c                HAL_TIM_PeriodElapsedCallback
 .text.MX_TIM2_Init
                0x08003610      0x124 CMakeFiles/4w.elf.dir/Src/tim.c.obj
                0x08003610                MX_TIM2_Init
 .text.MX_TIM4_Init
                0x08003734       0x74 CMakeFiles/4w.elf.dir/Src/tim.c.obj
                0x08003734                MX_TIM4_Init
 .text.HAL_TIM_Base_MspInit
                0x080037a8       0x68 CMakeFiles/4w.elf.dir/Src/tim.c.obj
                0x080037a8                HAL_TIM_Base_MspInit
 .text.MX_USART1_UART_Init
                0x08003810       0x38 CMakeFiles/4w.elf.dir/Src/usart.c.obj
                0x08003810                MX_USART1_UART_Init
 .text.MX_USART2_UART_Init
                0x08003848       0x38 CMakeFiles/4w.elf.dir/Src/usart.c.obj
                0x08003848                MX_USART2_UART_Init
 .text.HAL_UART_MspInit
                0x08003880       0xe8 CMakeFiles/4w.elf.dir/Src/usart.c.obj
                0x08003880                HAL_UART_MspInit
 .text.Reset_Handler
                0x08003968       0x48 CMakeFiles/4w.elf.dir/Startup/startup_stm32f103c8tx.s.obj
                0x08003968                Reset_Handler
 .text.Default_Handler
                0x080039b0        0x2 CMakeFiles/4w.elf.dir/Startup/startup_stm32f103c8tx.s.obj
                0x080039b0                RTC_Alarm_IRQHandler
                0x080039b0                EXTI2_IRQHandler
                0x080039b0                TIM1_CC_IRQHandler
                0x080039b0                PVD_IRQHandler
                0x080039b0                EXTI3_IRQHandler
                0x080039b0                EXTI0_IRQHandler
                0x080039b0                I2C2_EV_IRQHandler
                0x080039b0                ADC1_2_IRQHandler
                0x080039b0                SPI1_IRQHandler
                0x080039b0                TAMPER_IRQHandler
                0x080039b0                DMA1_Channel4_IRQHandler
                0x080039b0                USART3_IRQHandler
                0x080039b0                RTC_IRQHandler
                0x080039b0                DMA1_Channel7_IRQHandler
                0x080039b0                CAN1_RX1_IRQHandler
                0x080039b0                I2C1_EV_IRQHandler
                0x080039b0                DMA1_Channel6_IRQHandler
                0x080039b0                TIM3_IRQHandler
                0x080039b0                RCC_IRQHandler
                0x080039b0                TIM1_TRG_COM_IRQHandler
                0x080039b0                DMA1_Channel1_IRQHandler
                0x080039b0                Default_Handler
                0x080039b0                EXTI15_10_IRQHandler
                0x080039b0                EXTI9_5_IRQHandler
                0x080039b0                SPI2_IRQHandler
                0x080039b0                DMA1_Channel5_IRQHandler
                0x080039b0                EXTI4_IRQHandler
                0x080039b0                USB_LP_CAN1_RX0_IRQHandler
                0x080039b0                USB_HP_CAN1_TX_IRQHandler
                0x080039b0                DMA1_Channel3_IRQHandler
                0x080039b0                TIM1_UP_IRQHandler
                0x080039b0                WWDG_IRQHandler
                0x080039b0                TIM2_IRQHandler
                0x080039b0                TIM1_BRK_IRQHandler
                0x080039b0                EXTI1_IRQHandler
                0x080039b0                USART2_IRQHandler
                0x080039b0                I2C2_ER_IRQHandler
                0x080039b0                DMA1_Channel2_IRQHandler
                0x080039b0                CAN1_SCE_IRQHandler
                0x080039b0                FLASH_IRQHandler
                0x080039b0                USART1_IRQHandler
                0x080039b0                I2C1_ER_IRQHandler
                0x080039b0                USBWakeUp_IRQHandler
 *fill*         0x080039b2        0x2 
 .text.IIC_Start
                0x080039b4       0x34 CMakeFiles/4w.elf.dir/mpu6050/bsp_iic.c.obj
                0x080039b4                IIC_Start
 .text.IIC_Stop
                0x080039e8       0x2c CMakeFiles/4w.elf.dir/mpu6050/bsp_iic.c.obj
                0x080039e8                IIC_Stop
 .text.IIC_Send_Byte
                0x08003a14       0x5c CMakeFiles/4w.elf.dir/mpu6050/bsp_iic.c.obj
                0x08003a14                IIC_Send_Byte
 .text.IIC_Read_Byte
                0x08003a70       0x94 CMakeFiles/4w.elf.dir/mpu6050/bsp_iic.c.obj
                0x08003a70                IIC_Read_Byte
 .text.IIC_Wait_Ack
                0x08003b04       0x3c CMakeFiles/4w.elf.dir/mpu6050/bsp_iic.c.obj
                0x08003b04                IIC_Wait_Ack
 .text.IIC_GPIO_Init
                0x08003b40       0x6c CMakeFiles/4w.elf.dir/mpu6050/bsp_iic.c.obj
                0x08003b40                IIC_GPIO_Init
 .text.get_st_biases
                0x08003bac      0x390 CMakeFiles/4w.elf.dir/mpu6050/inv_mpu.c.obj
 .text.set_int_enable.isra.0
                0x08003f3c       0x6c CMakeFiles/4w.elf.dir/mpu6050/inv_mpu.c.obj
 .text.mpu_lp_accel_mode
                0x08003fa8      0x1e8 CMakeFiles/4w.elf.dir/mpu6050/inv_mpu.c.obj
                0x08003fa8                mpu_lp_accel_mode
 .text.mpu_reset_fifo
                0x08004190      0x198 CMakeFiles/4w.elf.dir/mpu6050/inv_mpu.c.obj
                0x08004190                mpu_reset_fifo
 .text.mpu_set_gyro_fsr
                0x08004328       0x84 CMakeFiles/4w.elf.dir/mpu6050/inv_mpu.c.obj
                0x08004328                mpu_set_gyro_fsr
 .text.mpu_get_accel_fsr
                0x080043ac       0x4c CMakeFiles/4w.elf.dir/mpu6050/inv_mpu.c.obj
                0x080043ac                mpu_get_accel_fsr
 .text.mpu_set_accel_fsr
                0x080043f8       0x88 CMakeFiles/4w.elf.dir/mpu6050/inv_mpu.c.obj
                0x080043f8                mpu_set_accel_fsr
 .text.mpu_set_lpf
                0x08004480       0x8c CMakeFiles/4w.elf.dir/mpu6050/inv_mpu.c.obj
                0x08004480                mpu_set_lpf
 .text.mpu_set_sample_rate
                0x0800450c       0xe4 CMakeFiles/4w.elf.dir/mpu6050/inv_mpu.c.obj
                0x0800450c                mpu_set_sample_rate
 .text.mpu_get_accel_sens
                0x080045f0       0x5c CMakeFiles/4w.elf.dir/mpu6050/inv_mpu.c.obj
                0x080045f0                mpu_get_accel_sens
 .text.mpu_configure_fifo
                0x0800464c       0xa4 CMakeFiles/4w.elf.dir/mpu6050/inv_mpu.c.obj
                0x0800464c                mpu_configure_fifo
 .text.mpu_set_sensors
                0x080046f0      0x13c CMakeFiles/4w.elf.dir/mpu6050/inv_mpu.c.obj
                0x080046f0                mpu_set_sensors
 .text.mpu_read_fifo_stream
                0x0800482c       0xa0 CMakeFiles/4w.elf.dir/mpu6050/inv_mpu.c.obj
                0x0800482c                mpu_read_fifo_stream
 .text.mpu_set_bypass
                0x080048cc      0x104 CMakeFiles/4w.elf.dir/mpu6050/inv_mpu.c.obj
                0x080048cc                mpu_set_bypass
 .text.mpu_init
                0x080049d0      0x1d4 CMakeFiles/4w.elf.dir/mpu6050/inv_mpu.c.obj
                0x080049d0                mpu_init
 .text.mpu_run_self_test
                0x08004ba4      0x4dc CMakeFiles/4w.elf.dir/mpu6050/inv_mpu.c.obj
                0x08004ba4                mpu_run_self_test
 .text.mpu_write_mem
                0x08005080       0x64 CMakeFiles/4w.elf.dir/mpu6050/inv_mpu.c.obj
                0x08005080                mpu_write_mem
 .text.mpu_load_firmware
                0x080050e4       0xe0 CMakeFiles/4w.elf.dir/mpu6050/inv_mpu.c.obj
                0x080050e4                mpu_load_firmware
 .text.run_self_test
                0x080051c4       0x88 CMakeFiles/4w.elf.dir/mpu6050/inv_mpu.c.obj
                0x080051c4                run_self_test
 .text.inv_orientation_matrix_to_scalar
                0x0800524c      0x148 CMakeFiles/4w.elf.dir/mpu6050/inv_mpu.c.obj
                0x0800524c                inv_orientation_matrix_to_scalar
 .text.mget_ms  0x08005394        0x4 CMakeFiles/4w.elf.dir/mpu6050/inv_mpu.c.obj
                0x08005394                mget_ms
 .text.mpu_dmp_init
                0x08005398      0x19c CMakeFiles/4w.elf.dir/mpu6050/inv_mpu.c.obj
                0x08005398                mpu_dmp_init
 *fill*         0x08005534        0x4 
 .text.mpu_dmp_get_data
                0x08005538      0x1d8 CMakeFiles/4w.elf.dir/mpu6050/inv_mpu.c.obj
                0x08005538                mpu_dmp_get_data
 .text.dmp_load_motion_driver_firmware
                0x08005710       0x14 CMakeFiles/4w.elf.dir/mpu6050/inv_mpu_dmp_motion_driver.c.obj
                0x08005710                dmp_load_motion_driver_firmware
 .text.dmp_set_orientation
                0x08005724      0x13c CMakeFiles/4w.elf.dir/mpu6050/inv_mpu_dmp_motion_driver.c.obj
                0x08005724                dmp_set_orientation
 .text.dmp_set_gyro_bias
                0x08005860       0xd0 CMakeFiles/4w.elf.dir/mpu6050/inv_mpu_dmp_motion_driver.c.obj
                0x08005860                dmp_set_gyro_bias
 .text.dmp_set_accel_bias
                0x08005930       0xdc CMakeFiles/4w.elf.dir/mpu6050/inv_mpu_dmp_motion_driver.c.obj
                0x08005930                dmp_set_accel_bias
 .text.dmp_set_fifo_rate
                0x08005a0c       0x5c CMakeFiles/4w.elf.dir/mpu6050/inv_mpu_dmp_motion_driver.c.obj
                0x08005a0c                dmp_set_fifo_rate
 .text.dmp_set_tap_thresh
                0x08005a68      0x14c CMakeFiles/4w.elf.dir/mpu6050/inv_mpu_dmp_motion_driver.c.obj
                0x08005a68                dmp_set_tap_thresh
 .text.dmp_enable_feature
                0x08005bb4      0x25c CMakeFiles/4w.elf.dir/mpu6050/inv_mpu_dmp_motion_driver.c.obj
                0x08005bb4                dmp_enable_feature
 .text.dmp_read_fifo
                0x08005e10      0x250 CMakeFiles/4w.elf.dir/mpu6050/inv_mpu_dmp_motion_driver.c.obj
                0x08005e10                dmp_read_fifo
 .text.MPU_Init
                0x08006060      0x288 CMakeFiles/4w.elf.dir/mpu6050/mpu6050.c.obj
                0x08006060                MPU_Init
 .text.MPU_Write_Len
                0x080062e8       0x5c CMakeFiles/4w.elf.dir/mpu6050/mpu6050.c.obj
                0x080062e8                MPU_Write_Len
 .text.MPU_Read_Len
                0x08006344       0x8c CMakeFiles/4w.elf.dir/mpu6050/mpu6050.c.obj
                0x08006344                MPU_Read_Len
 .text.Write_IIC_Command
                0x080063d0      0x174 CMakeFiles/4w.elf.dir/oled_sim/oled.c.obj
                0x080063d0                Write_IIC_Command
 .text.OLED_DisplayTurn
                0x08006544       0x2c CMakeFiles/4w.elf.dir/oled_sim/oled.c.obj
                0x08006544                OLED_DisplayTurn
 .text.Write_IIC_Data
                0x08006570      0x180 CMakeFiles/4w.elf.dir/oled_sim/oled.c.obj
                0x08006570                Write_IIC_Data
 .text.OLED_Clear
                0x080066f0      0x1a4 CMakeFiles/4w.elf.dir/oled_sim/oled.c.obj
                0x080066f0                OLED_Clear
 .text.OLED_ShowChar
                0x08006894       0xd4 CMakeFiles/4w.elf.dir/oled_sim/oled.c.obj
                0x08006894                OLED_ShowChar
 .text.OLED_ShowString
                0x08006968       0x38 CMakeFiles/4w.elf.dir/oled_sim/oled.c.obj
                0x08006968                OLED_ShowString
 .text.OLED_Init
                0x080069a0       0xb0 CMakeFiles/4w.elf.dir/oled_sim/oled.c.obj
                0x080069a0                OLED_Init
 .text.__errno  0x08006a50        0xc d:/clion/tools/gcc-arm-none-eabi-10.3-2021.10-win32/gcc-arm-none-eabi-10.3-2021.10/bin/../lib/gcc/arm-none-eabi/10.3.1/../../../../arm-none-eabi/lib/thumb/v7-m/nofp\libc.a(lib_a-errno.o)
                0x08006a50                __errno
 .text.__libc_init_array
                0x08006a5c       0x48 d:/clion/tools/gcc-arm-none-eabi-10.3-2021.10-win32/gcc-arm-none-eabi-10.3-2021.10/bin/../lib/gcc/arm-none-eabi/10.3.1/../../../../arm-none-eabi/lib/thumb/v7-m/nofp\libc.a(lib_a-init.o)
                0x08006a5c                __libc_init_array
 .text.memcmp   0x08006aa4       0x68 d:/clion/tools/gcc-arm-none-eabi-10.3-2021.10-win32/gcc-arm-none-eabi-10.3-2021.10/bin/../lib/gcc/arm-none-eabi/10.3.1/../../../../arm-none-eabi/lib/thumb/v7-m/nofp\libc.a(lib_a-memcmp.o)
                0x08006aa4                memcmp
 .text.memset   0x08006b0c       0xa4 d:/clion/tools/gcc-arm-none-eabi-10.3-2021.10-win32/gcc-arm-none-eabi-10.3-2021.10/bin/../lib/gcc/arm-none-eabi/10.3.1/../../../../arm-none-eabi/lib/thumb/v7-m/nofp\libc.a(lib_a-memset.o)
                0x08006b0c                memset
 .text.printf   0x08006bb0       0x28 d:/clion/tools/gcc-arm-none-eabi-10.3-2021.10-win32/gcc-arm-none-eabi-10.3-2021.10/bin/../lib/gcc/arm-none-eabi/10.3.1/../../../../arm-none-eabi/lib/thumb/v7-m/nofp\libc.a(lib_a-printf.o)
                0x08006bb0                printf
 .text._puts_r  0x08006bd8       0x9c d:/clion/tools/gcc-arm-none-eabi-10.3-2021.10-win32/gcc-arm-none-eabi-10.3-2021.10/bin/../lib/gcc/arm-none-eabi/10.3.1/../../../../arm-none-eabi/lib/thumb/v7-m/nofp\libc.a(lib_a-puts.o)
                0x08006bd8                _puts_r
 .text.puts     0x08006c74       0x10 d:/clion/tools/gcc-arm-none-eabi-10.3-2021.10-win32/gcc-arm-none-eabi-10.3-2021.10/bin/../lib/gcc/arm-none-eabi/10.3.1/../../../../arm-none-eabi/lib/thumb/v7-m/nofp\libc.a(lib_a-puts.o)
                0x08006c74                puts
 .text.sprintf  0x08006c84       0x44 d:/clion/tools/gcc-arm-none-eabi-10.3-2021.10-win32/gcc-arm-none-eabi-10.3-2021.10/bin/../lib/gcc/arm-none-eabi/10.3.1/../../../../arm-none-eabi/lib/thumb/v7-m/nofp\libc.a(lib_a-sprintf.o)
                0x08006c84                sprintf
 .text.strlen   0x08006cc8       0x5c d:/clion/tools/gcc-arm-none-eabi-10.3-2021.10-win32/gcc-arm-none-eabi-10.3-2021.10/bin/../lib/gcc/arm-none-eabi/10.3.1/../../../../arm-none-eabi/lib/thumb/v7-m/nofp\libc.a(lib_a-strlen-stub.o)
                0x08006cc8                strlen
 .text._svfprintf_r
                0x08006d24     0x1aa4 d:/clion/tools/gcc-arm-none-eabi-10.3-2021.10-win32/gcc-arm-none-eabi-10.3-2021.10/bin/../lib/gcc/arm-none-eabi/10.3.1/../../../../arm-none-eabi/lib/thumb/v7-m/nofp\libc.a(lib_a-svfprintf.o)
                0x08006d24                _svfprintf_r
 .text._vfprintf_r
                0x080087c8     0x1b58 d:/clion/tools/gcc-arm-none-eabi-10.3-2021.10-win32/gcc-arm-none-eabi-10.3-2021.10/bin/../lib/gcc/arm-none-eabi/10.3.1/../../../../arm-none-eabi/lib/thumb/v7-m/nofp\libc.a(lib_a-vfprintf.o)
                0x080087c8                _vfprintf_r
 .text.__sbprintf
                0x0800a320       0x84 d:/clion/tools/gcc-arm-none-eabi-10.3-2021.10-win32/gcc-arm-none-eabi-10.3-2021.10/bin/../lib/gcc/arm-none-eabi/10.3.1/../../../../arm-none-eabi/lib/thumb/v7-m/nofp\libc.a(lib_a-vfprintf.o)
 .text.__swsetup_r
                0x0800a3a4       0xd4 d:/clion/tools/gcc-arm-none-eabi-10.3-2021.10-win32/gcc-arm-none-eabi-10.3-2021.10/bin/../lib/gcc/arm-none-eabi/10.3.1/../../../../arm-none-eabi/lib/thumb/v7-m/nofp\libc.a(lib_a-wsetup.o)
                0x0800a3a4                __swsetup_r
 .text.startup.register_fini
                0x0800a478       0x14 d:/clion/tools/gcc-arm-none-eabi-10.3-2021.10-win32/gcc-arm-none-eabi-10.3-2021.10/bin/../lib/gcc/arm-none-eabi/10.3.1/../../../../arm-none-eabi/lib/thumb/v7-m/nofp\libc.a(lib_a-__call_atexit.o)
 .text.atexit   0x0800a48c        0xc d:/clion/tools/gcc-arm-none-eabi-10.3-2021.10-win32/gcc-arm-none-eabi-10.3-2021.10/bin/../lib/gcc/arm-none-eabi/10.3.1/../../../../arm-none-eabi/lib/thumb/v7-m/nofp\libc.a(lib_a-atexit.o)
                0x0800a48c                atexit
 .text.quorem   0x0800a498      0x12c d:/clion/tools/gcc-arm-none-eabi-10.3-2021.10-win32/gcc-arm-none-eabi-10.3-2021.10/bin/../lib/gcc/arm-none-eabi/10.3.1/../../../../arm-none-eabi/lib/thumb/v7-m/nofp\libc.a(lib_a-dtoa.o)
 *fill*         0x0800a5c4        0x4 
 .text._dtoa_r  0x0800a5c8      0xecc d:/clion/tools/gcc-arm-none-eabi-10.3-2021.10-win32/gcc-arm-none-eabi-10.3-2021.10/bin/../lib/gcc/arm-none-eabi/10.3.1/../../../../arm-none-eabi/lib/thumb/v7-m/nofp\libc.a(lib_a-dtoa.o)
                0x0800a5c8                _dtoa_r
 .text.__sflush_r
                0x0800b494      0x124 d:/clion/tools/gcc-arm-none-eabi-10.3-2021.10-win32/gcc-arm-none-eabi-10.3-2021.10/bin/../lib/gcc/arm-none-eabi/10.3.1/../../../../arm-none-eabi/lib/thumb/v7-m/nofp\libc.a(lib_a-fflush.o)
                0x0800b494                __sflush_r
 .text._fflush_r
                0x0800b5b8       0x5c d:/clion/tools/gcc-arm-none-eabi-10.3-2021.10-win32/gcc-arm-none-eabi-10.3-2021.10/bin/../lib/gcc/arm-none-eabi/10.3.1/../../../../arm-none-eabi/lib/thumb/v7-m/nofp\libc.a(lib_a-fflush.o)
                0x0800b5b8                _fflush_r
 .text._cleanup_r
                0x0800b614        0xc d:/clion/tools/gcc-arm-none-eabi-10.3-2021.10-win32/gcc-arm-none-eabi-10.3-2021.10/bin/../lib/gcc/arm-none-eabi/10.3.1/../../../../arm-none-eabi/lib/thumb/v7-m/nofp\libc.a(lib_a-findfp.o)
                0x0800b614                _cleanup_r
 .text.__sinit  0x0800b620      0x10c d:/clion/tools/gcc-arm-none-eabi-10.3-2021.10-win32/gcc-arm-none-eabi-10.3-2021.10/bin/../lib/gcc/arm-none-eabi/10.3.1/../../../../arm-none-eabi/lib/thumb/v7-m/nofp\libc.a(lib_a-findfp.o)
                0x0800b620                __sinit
 .text.__sfp_lock_acquire
                0x0800b72c        0xc d:/clion/tools/gcc-arm-none-eabi-10.3-2021.10-win32/gcc-arm-none-eabi-10.3-2021.10/bin/../lib/gcc/arm-none-eabi/10.3.1/../../../../arm-none-eabi/lib/thumb/v7-m/nofp\libc.a(lib_a-findfp.o)
                0x0800b72c                __sfp_lock_acquire
 .text.__sfp_lock_release
                0x0800b738        0xc d:/clion/tools/gcc-arm-none-eabi-10.3-2021.10-win32/gcc-arm-none-eabi-10.3-2021.10/bin/../lib/gcc/arm-none-eabi/10.3.1/../../../../arm-none-eabi/lib/thumb/v7-m/nofp\libc.a(lib_a-findfp.o)
                0x0800b738                __sfp_lock_release
 .text.__libc_fini_array
                0x0800b744       0x2c d:/clion/tools/gcc-arm-none-eabi-10.3-2021.10-win32/gcc-arm-none-eabi-10.3-2021.10/bin/../lib/gcc/arm-none-eabi/10.3.1/../../../../arm-none-eabi/lib/thumb/v7-m/nofp\libc.a(lib_a-fini.o)
                0x0800b744                __libc_fini_array
 .text._malloc_trim_r
                0x0800b770       0xa0 d:/clion/tools/gcc-arm-none-eabi-10.3-2021.10-win32/gcc-arm-none-eabi-10.3-2021.10/bin/../lib/gcc/arm-none-eabi/10.3.1/../../../../arm-none-eabi/lib/thumb/v7-m/nofp\libc.a(lib_a-freer.o)
                0x0800b770                _malloc_trim_r
 .text._free_r  0x0800b810      0x200 d:/clion/tools/gcc-arm-none-eabi-10.3-2021.10-win32/gcc-arm-none-eabi-10.3-2021.10/bin/../lib/gcc/arm-none-eabi/10.3.1/../../../../arm-none-eabi/lib/thumb/v7-m/nofp\libc.a(lib_a-freer.o)
                0x0800b810                _free_r
 .text.__sfvwrite_r
                0x0800ba10      0x2f0 d:/clion/tools/gcc-arm-none-eabi-10.3-2021.10-win32/gcc-arm-none-eabi-10.3-2021.10/bin/../lib/gcc/arm-none-eabi/10.3.1/../../../../arm-none-eabi/lib/thumb/v7-m/nofp\libc.a(lib_a-fvwrite.o)
                0x0800ba10                __sfvwrite_r
 .text._fwalk_reent
                0x0800bd00       0x48 d:/clion/tools/gcc-arm-none-eabi-10.3-2021.10-win32/gcc-arm-none-eabi-10.3-2021.10/bin/../lib/gcc/arm-none-eabi/10.3.1/../../../../arm-none-eabi/lib/thumb/v7-m/nofp\libc.a(lib_a-fwalk.o)
                0x0800bd00                _fwalk_reent
 .text._localeconv_r
                0x0800bd48        0x8 d:/clion/tools/gcc-arm-none-eabi-10.3-2021.10-win32/gcc-arm-none-eabi-10.3-2021.10/bin/../lib/gcc/arm-none-eabi/10.3.1/../../../../arm-none-eabi/lib/thumb/v7-m/nofp\libc.a(lib_a-localeconv.o)
                0x0800bd48                _localeconv_r
 .text.__retarget_lock_init_recursive
                0x0800bd50        0x4 d:/clion/tools/gcc-arm-none-eabi-10.3-2021.10-win32/gcc-arm-none-eabi-10.3-2021.10/bin/../lib/gcc/arm-none-eabi/10.3.1/../../../../arm-none-eabi/lib/thumb/v7-m/nofp\libc.a(lib_a-lock.o)
                0x0800bd50                __retarget_lock_init_recursive
 .text.__retarget_lock_close_recursive
                0x0800bd54        0x4 d:/clion/tools/gcc-arm-none-eabi-10.3-2021.10-win32/gcc-arm-none-eabi-10.3-2021.10/bin/../lib/gcc/arm-none-eabi/10.3.1/../../../../arm-none-eabi/lib/thumb/v7-m/nofp\libc.a(lib_a-lock.o)
                0x0800bd54                __retarget_lock_close_recursive
 .text.__retarget_lock_acquire_recursive
                0x0800bd58        0x4 d:/clion/tools/gcc-arm-none-eabi-10.3-2021.10-win32/gcc-arm-none-eabi-10.3-2021.10/bin/../lib/gcc/arm-none-eabi/10.3.1/../../../../arm-none-eabi/lib/thumb/v7-m/nofp\libc.a(lib_a-lock.o)
                0x0800bd58                __retarget_lock_acquire_recursive
 .text.__retarget_lock_release_recursive
                0x0800bd5c        0x4 d:/clion/tools/gcc-arm-none-eabi-10.3-2021.10-win32/gcc-arm-none-eabi-10.3-2021.10/bin/../lib/gcc/arm-none-eabi/10.3.1/../../../../arm-none-eabi/lib/thumb/v7-m/nofp\libc.a(lib_a-lock.o)
                0x0800bd5c                __retarget_lock_release_recursive
 .text.__smakebuf_r
                0x0800bd60       0xe0 d:/clion/tools/gcc-arm-none-eabi-10.3-2021.10-win32/gcc-arm-none-eabi-10.3-2021.10/bin/../lib/gcc/arm-none-eabi/10.3.1/../../../../arm-none-eabi/lib/thumb/v7-m/nofp\libc.a(lib_a-makebuf.o)
                0x0800bd60                __smakebuf_r
 .text._malloc_r
                0x0800be40      0x558 d:/clion/tools/gcc-arm-none-eabi-10.3-2021.10-win32/gcc-arm-none-eabi-10.3-2021.10/bin/../lib/gcc/arm-none-eabi/10.3.1/../../../../arm-none-eabi/lib/thumb/v7-m/nofp\libc.a(lib_a-mallocr.o)
                0x0800be40                _malloc_r
 .text.memchr   0x0800c398       0x90 d:/clion/tools/gcc-arm-none-eabi-10.3-2021.10-win32/gcc-arm-none-eabi-10.3-2021.10/bin/../lib/gcc/arm-none-eabi/10.3.1/../../../../arm-none-eabi/lib/thumb/v7-m/nofp\libc.a(lib_a-memchr-stub.o)
                0x0800c398                memchr
 .text.memmove  0x0800c428       0xf8 d:/clion/tools/gcc-arm-none-eabi-10.3-2021.10-win32/gcc-arm-none-eabi-10.3-2021.10/bin/../lib/gcc/arm-none-eabi/10.3.1/../../../../arm-none-eabi/lib/thumb/v7-m/nofp\libc.a(lib_a-memmove.o)
                0x0800c428                memmove
 .text.__malloc_lock
                0x0800c520        0xc d:/clion/tools/gcc-arm-none-eabi-10.3-2021.10-win32/gcc-arm-none-eabi-10.3-2021.10/bin/../lib/gcc/arm-none-eabi/10.3.1/../../../../arm-none-eabi/lib/thumb/v7-m/nofp\libc.a(lib_a-mlock.o)
                0x0800c520                __malloc_lock
 .text.__malloc_unlock
                0x0800c52c        0xc d:/clion/tools/gcc-arm-none-eabi-10.3-2021.10-win32/gcc-arm-none-eabi-10.3-2021.10/bin/../lib/gcc/arm-none-eabi/10.3.1/../../../../arm-none-eabi/lib/thumb/v7-m/nofp\libc.a(lib_a-mlock.o)
                0x0800c52c                __malloc_unlock
 .text._Balloc  0x0800c538       0x4c d:/clion/tools/gcc-arm-none-eabi-10.3-2021.10-win32/gcc-arm-none-eabi-10.3-2021.10/bin/../lib/gcc/arm-none-eabi/10.3.1/../../../../arm-none-eabi/lib/thumb/v7-m/nofp\libc.a(lib_a-mprec.o)
                0x0800c538                _Balloc
 .text._Bfree   0x0800c584       0x14 d:/clion/tools/gcc-arm-none-eabi-10.3-2021.10-win32/gcc-arm-none-eabi-10.3-2021.10/bin/../lib/gcc/arm-none-eabi/10.3.1/../../../../arm-none-eabi/lib/thumb/v7-m/nofp\libc.a(lib_a-mprec.o)
                0x0800c584                _Bfree
 .text.__multadd
                0x0800c598       0xa4 d:/clion/tools/gcc-arm-none-eabi-10.3-2021.10-win32/gcc-arm-none-eabi-10.3-2021.10/bin/../lib/gcc/arm-none-eabi/10.3.1/../../../../arm-none-eabi/lib/thumb/v7-m/nofp\libc.a(lib_a-mprec.o)
                0x0800c598                __multadd
 .text.__hi0bits
                0x0800c63c       0x40 d:/clion/tools/gcc-arm-none-eabi-10.3-2021.10-win32/gcc-arm-none-eabi-10.3-2021.10/bin/../lib/gcc/arm-none-eabi/10.3.1/../../../../arm-none-eabi/lib/thumb/v7-m/nofp\libc.a(lib_a-mprec.o)
                0x0800c63c                __hi0bits
 .text.__lo0bits
                0x0800c67c       0x58 d:/clion/tools/gcc-arm-none-eabi-10.3-2021.10-win32/gcc-arm-none-eabi-10.3-2021.10/bin/../lib/gcc/arm-none-eabi/10.3.1/../../../../arm-none-eabi/lib/thumb/v7-m/nofp\libc.a(lib_a-mprec.o)
                0x0800c67c                __lo0bits
 .text.__i2b    0x0800c6d4       0x5c d:/clion/tools/gcc-arm-none-eabi-10.3-2021.10-win32/gcc-arm-none-eabi-10.3-2021.10/bin/../lib/gcc/arm-none-eabi/10.3.1/../../../../arm-none-eabi/lib/thumb/v7-m/nofp\libc.a(lib_a-mprec.o)
                0x0800c6d4                __i2b
 .text.__multiply
                0x0800c730      0x15c d:/clion/tools/gcc-arm-none-eabi-10.3-2021.10-win32/gcc-arm-none-eabi-10.3-2021.10/bin/../lib/gcc/arm-none-eabi/10.3.1/../../../../arm-none-eabi/lib/thumb/v7-m/nofp\libc.a(lib_a-mprec.o)
                0x0800c730                __multiply
 .text.__pow5mult
                0x0800c88c       0xb8 d:/clion/tools/gcc-arm-none-eabi-10.3-2021.10-win32/gcc-arm-none-eabi-10.3-2021.10/bin/../lib/gcc/arm-none-eabi/10.3.1/../../../../arm-none-eabi/lib/thumb/v7-m/nofp\libc.a(lib_a-mprec.o)
                0x0800c88c                __pow5mult
 .text.__lshift
                0x0800c944       0xec d:/clion/tools/gcc-arm-none-eabi-10.3-2021.10-win32/gcc-arm-none-eabi-10.3-2021.10/bin/../lib/gcc/arm-none-eabi/10.3.1/../../../../arm-none-eabi/lib/thumb/v7-m/nofp\libc.a(lib_a-mprec.o)
                0x0800c944                __lshift
 .text.__mcmp   0x0800ca30       0x40 d:/clion/tools/gcc-arm-none-eabi-10.3-2021.10-win32/gcc-arm-none-eabi-10.3-2021.10/bin/../lib/gcc/arm-none-eabi/10.3.1/../../../../arm-none-eabi/lib/thumb/v7-m/nofp\libc.a(lib_a-mprec.o)
                0x0800ca30                __mcmp
 .text.__mdiff  0x0800ca70      0x14c d:/clion/tools/gcc-arm-none-eabi-10.3-2021.10-win32/gcc-arm-none-eabi-10.3-2021.10/bin/../lib/gcc/arm-none-eabi/10.3.1/../../../../arm-none-eabi/lib/thumb/v7-m/nofp\libc.a(lib_a-mprec.o)
                0x0800ca70                __mdiff
 .text.__d2b    0x0800cbbc       0xc4 d:/clion/tools/gcc-arm-none-eabi-10.3-2021.10-win32/gcc-arm-none-eabi-10.3-2021.10/bin/../lib/gcc/arm-none-eabi/10.3.1/../../../../arm-none-eabi/lib/thumb/v7-m/nofp\libc.a(lib_a-mprec.o)
                0x0800cbbc                __d2b
 .text._realloc_r
                0x0800cc80      0x3dc d:/clion/tools/gcc-arm-none-eabi-10.3-2021.10-win32/gcc-arm-none-eabi-10.3-2021.10/bin/../lib/gcc/arm-none-eabi/10.3.1/../../../../arm-none-eabi/lib/thumb/v7-m/nofp\libc.a(lib_a-reallocr.o)
                0x0800cc80                _realloc_r
 .text.frexp    0x0800d05c       0x70 d:/clion/tools/gcc-arm-none-eabi-10.3-2021.10-win32/gcc-arm-none-eabi-10.3-2021.10/bin/../lib/gcc/arm-none-eabi/10.3.1/../../../../arm-none-eabi/lib/thumb/v7-m/nofp\libc.a(lib_a-s_frexp.o)
                0x0800d05c                frexp
 .text._sbrk_r  0x0800d0cc       0x24 d:/clion/tools/gcc-arm-none-eabi-10.3-2021.10-win32/gcc-arm-none-eabi-10.3-2021.10/bin/../lib/gcc/arm-none-eabi/10.3.1/../../../../arm-none-eabi/lib/thumb/v7-m/nofp\libc.a(lib_a-sbrkr.o)
                0x0800d0cc                _sbrk_r
 .text.__sread  0x0800d0f0       0x24 d:/clion/tools/gcc-arm-none-eabi-10.3-2021.10-win32/gcc-arm-none-eabi-10.3-2021.10/bin/../lib/gcc/arm-none-eabi/10.3.1/../../../../arm-none-eabi/lib/thumb/v7-m/nofp\libc.a(lib_a-stdio.o)
                0x0800d0f0                __sread
 .text.__swrite
                0x0800d114       0x40 d:/clion/tools/gcc-arm-none-eabi-10.3-2021.10-win32/gcc-arm-none-eabi-10.3-2021.10/bin/../lib/gcc/arm-none-eabi/10.3.1/../../../../arm-none-eabi/lib/thumb/v7-m/nofp\libc.a(lib_a-stdio.o)
                0x0800d114                __swrite
 .text.__sseek  0x0800d154       0x20 d:/clion/tools/gcc-arm-none-eabi-10.3-2021.10-win32/gcc-arm-none-eabi-10.3-2021.10/bin/../lib/gcc/arm-none-eabi/10.3.1/../../../../arm-none-eabi/lib/thumb/v7-m/nofp\libc.a(lib_a-stdio.o)
                0x0800d154                __sseek
 .text.__sclose
                0x0800d174        0x8 d:/clion/tools/gcc-arm-none-eabi-10.3-2021.10-win32/gcc-arm-none-eabi-10.3-2021.10/bin/../lib/gcc/arm-none-eabi/10.3.1/../../../../arm-none-eabi/lib/thumb/v7-m/nofp\libc.a(lib_a-stdio.o)
                0x0800d174                __sclose
 .text.strncpy  0x0800d17c       0x68 d:/clion/tools/gcc-arm-none-eabi-10.3-2021.10-win32/gcc-arm-none-eabi-10.3-2021.10/bin/../lib/gcc/arm-none-eabi/10.3.1/../../../../arm-none-eabi/lib/thumb/v7-m/nofp\libc.a(lib_a-strncpy.o)
                0x0800d17c                strncpy
 .text.__ssprint_r
                0x0800d1e4       0xfc d:/clion/tools/gcc-arm-none-eabi-10.3-2021.10-win32/gcc-arm-none-eabi-10.3-2021.10/bin/../lib/gcc/arm-none-eabi/10.3.1/../../../../arm-none-eabi/lib/thumb/v7-m/nofp\libc.a(lib_a-svfiprintf.o)
                0x0800d1e4                __ssprint_r
 .text.__sprint_r.part.0
                0x0800d2e0       0x78 d:/clion/tools/gcc-arm-none-eabi-10.3-2021.10-win32/gcc-arm-none-eabi-10.3-2021.10/bin/../lib/gcc/arm-none-eabi/10.3.1/../../../../arm-none-eabi/lib/thumb/v7-m/nofp\libc.a(lib_a-vfiprintf.o)
 .text.__sprint_r
                0x0800d358       0x14 d:/clion/tools/gcc-arm-none-eabi-10.3-2021.10-win32/gcc-arm-none-eabi-10.3-2021.10/bin/../lib/gcc/arm-none-eabi/10.3.1/../../../../arm-none-eabi/lib/thumb/v7-m/nofp\libc.a(lib_a-vfiprintf.o)
                0x0800d358                __sprint_r
 .text._vfiprintf_r
                0x0800d36c      0xd98 d:/clion/tools/gcc-arm-none-eabi-10.3-2021.10-win32/gcc-arm-none-eabi-10.3-2021.10/bin/../lib/gcc/arm-none-eabi/10.3.1/../../../../arm-none-eabi/lib/thumb/v7-m/nofp\libc.a(lib_a-vfiprintf.o)
                0x0800d36c                _vfiprintf_r
 .text.__sbprintf
                0x0800e104       0x84 d:/clion/tools/gcc-arm-none-eabi-10.3-2021.10-win32/gcc-arm-none-eabi-10.3-2021.10/bin/../lib/gcc/arm-none-eabi/10.3.1/../../../../arm-none-eabi/lib/thumb/v7-m/nofp\libc.a(lib_a-vfiprintf.o)
 .text._write_r
                0x0800e188       0x2c d:/clion/tools/gcc-arm-none-eabi-10.3-2021.10-win32/gcc-arm-none-eabi-10.3-2021.10/bin/../lib/gcc/arm-none-eabi/10.3.1/../../../../arm-none-eabi/lib/thumb/v7-m/nofp\libc.a(lib_a-writer.o)
                0x0800e188                _write_r
 .text.__register_exitproc
                0x0800e1b4       0x8c d:/clion/tools/gcc-arm-none-eabi-10.3-2021.10-win32/gcc-arm-none-eabi-10.3-2021.10/bin/../lib/gcc/arm-none-eabi/10.3.1/../../../../arm-none-eabi/lib/thumb/v7-m/nofp\libc.a(lib_a-__atexit.o)
                0x0800e1b4                __register_exitproc
 .text.__assert_func
                0x0800e240       0x40 d:/clion/tools/gcc-arm-none-eabi-10.3-2021.10-win32/gcc-arm-none-eabi-10.3-2021.10/bin/../lib/gcc/arm-none-eabi/10.3.1/../../../../arm-none-eabi/lib/thumb/v7-m/nofp\libc.a(lib_a-assert.o)
                0x0800e240                __assert_func
 .text._calloc_r
                0x0800e280       0x78 d:/clion/tools/gcc-arm-none-eabi-10.3-2021.10-win32/gcc-arm-none-eabi-10.3-2021.10/bin/../lib/gcc/arm-none-eabi/10.3.1/../../../../arm-none-eabi/lib/thumb/v7-m/nofp\libc.a(lib_a-callocr.o)
                0x0800e280                _calloc_r
 .text._close_r
                0x0800e2f8       0x24 d:/clion/tools/gcc-arm-none-eabi-10.3-2021.10-win32/gcc-arm-none-eabi-10.3-2021.10/bin/../lib/gcc/arm-none-eabi/10.3.1/../../../../arm-none-eabi/lib/thumb/v7-m/nofp\libc.a(lib_a-closer.o)
                0x0800e2f8                _close_r
 .text._fclose_r
                0x0800e31c       0xcc d:/clion/tools/gcc-arm-none-eabi-10.3-2021.10-win32/gcc-arm-none-eabi-10.3-2021.10/bin/../lib/gcc/arm-none-eabi/10.3.1/../../../../arm-none-eabi/lib/thumb/v7-m/nofp\libc.a(lib_a-fclose.o)
                0x0800e31c                _fclose_r
 .text.fiprintf
                0x0800e3e8       0x28 d:/clion/tools/gcc-arm-none-eabi-10.3-2021.10-win32/gcc-arm-none-eabi-10.3-2021.10/bin/../lib/gcc/arm-none-eabi/10.3.1/../../../../arm-none-eabi/lib/thumb/v7-m/nofp\libc.a(lib_a-fiprintf.o)
                0x0800e3e8                fiprintf
 .text.__fputwc
                0x0800e410       0xa0 d:/clion/tools/gcc-arm-none-eabi-10.3-2021.10-win32/gcc-arm-none-eabi-10.3-2021.10/bin/../lib/gcc/arm-none-eabi/10.3.1/../../../../arm-none-eabi/lib/thumb/v7-m/nofp\libc.a(lib_a-fputwc.o)
                0x0800e410                __fputwc
 .text._fputwc_r
                0x0800e4b0       0x68 d:/clion/tools/gcc-arm-none-eabi-10.3-2021.10-win32/gcc-arm-none-eabi-10.3-2021.10/bin/../lib/gcc/arm-none-eabi/10.3.1/../../../../arm-none-eabi/lib/thumb/v7-m/nofp\libc.a(lib_a-fputwc.o)
                0x0800e4b0                _fputwc_r
 .text._fstat_r
                0x0800e518       0x28 d:/clion/tools/gcc-arm-none-eabi-10.3-2021.10-win32/gcc-arm-none-eabi-10.3-2021.10/bin/../lib/gcc/arm-none-eabi/10.3.1/../../../../arm-none-eabi/lib/thumb/v7-m/nofp\libc.a(lib_a-fstatr.o)
                0x0800e518                _fstat_r
 .text._isatty_r
                0x0800e540       0x24 d:/clion/tools/gcc-arm-none-eabi-10.3-2021.10-win32/gcc-arm-none-eabi-10.3-2021.10/bin/../lib/gcc/arm-none-eabi/10.3.1/../../../../arm-none-eabi/lib/thumb/v7-m/nofp\libc.a(lib_a-isattyr.o)
                0x0800e540                _isatty_r
 .text.__locale_mb_cur_max
                0x0800e564        0xc d:/clion/tools/gcc-arm-none-eabi-10.3-2021.10-win32/gcc-arm-none-eabi-10.3-2021.10/bin/../lib/gcc/arm-none-eabi/10.3.1/../../../../arm-none-eabi/lib/thumb/v7-m/nofp\libc.a(lib_a-locale.o)
                0x0800e564                __locale_mb_cur_max
 .text._lseek_r
                0x0800e570       0x2c d:/clion/tools/gcc-arm-none-eabi-10.3-2021.10-win32/gcc-arm-none-eabi-10.3-2021.10/bin/../lib/gcc/arm-none-eabi/10.3.1/../../../../arm-none-eabi/lib/thumb/v7-m/nofp\libc.a(lib_a-lseekr.o)
                0x0800e570                _lseek_r
 .text.__ascii_mbtowc
                0x0800e59c       0x2c d:/clion/tools/gcc-arm-none-eabi-10.3-2021.10-win32/gcc-arm-none-eabi-10.3-2021.10/bin/../lib/gcc/arm-none-eabi/10.3.1/../../../../arm-none-eabi/lib/thumb/v7-m/nofp\libc.a(lib_a-mbtowc_r.o)
                0x0800e59c                __ascii_mbtowc
 .text._read_r  0x0800e5c8       0x2c d:/clion/tools/gcc-arm-none-eabi-10.3-2021.10-win32/gcc-arm-none-eabi-10.3-2021.10/bin/../lib/gcc/arm-none-eabi/10.3.1/../../../../arm-none-eabi/lib/thumb/v7-m/nofp\libc.a(lib_a-readr.o)
                0x0800e5c8                _read_r
 .text.__swbuf_r
                0x0800e5f4       0xb0 d:/clion/tools/gcc-arm-none-eabi-10.3-2021.10-win32/gcc-arm-none-eabi-10.3-2021.10/bin/../lib/gcc/arm-none-eabi/10.3.1/../../../../arm-none-eabi/lib/thumb/v7-m/nofp\libc.a(lib_a-wbuf.o)
                0x0800e5f4                __swbuf_r
 .text._wcrtomb_r
                0x0800e6a4       0x3c d:/clion/tools/gcc-arm-none-eabi-10.3-2021.10-win32/gcc-arm-none-eabi-10.3-2021.10/bin/../lib/gcc/arm-none-eabi/10.3.1/../../../../arm-none-eabi/lib/thumb/v7-m/nofp\libc.a(lib_a-wcrtomb.o)
                0x0800e6a4                _wcrtomb_r
 .text.__ascii_wctomb
                0x0800e6e0       0x1c d:/clion/tools/gcc-arm-none-eabi-10.3-2021.10-win32/gcc-arm-none-eabi-10.3-2021.10/bin/../lib/gcc/arm-none-eabi/10.3.1/../../../../arm-none-eabi/lib/thumb/v7-m/nofp\libc.a(lib_a-wctomb_r.o)
                0x0800e6e0                __ascii_wctomb
 .text.abort    0x0800e6fc       0x10 d:/clion/tools/gcc-arm-none-eabi-10.3-2021.10-win32/gcc-arm-none-eabi-10.3-2021.10/bin/../lib/gcc/arm-none-eabi/10.3.1/../../../../arm-none-eabi/lib/thumb/v7-m/nofp\libc.a(lib_a-abort.o)
                0x0800e6fc                abort
 .text.raise    0x0800e70c       0x5c d:/clion/tools/gcc-arm-none-eabi-10.3-2021.10-win32/gcc-arm-none-eabi-10.3-2021.10/bin/../lib/gcc/arm-none-eabi/10.3.1/../../../../arm-none-eabi/lib/thumb/v7-m/nofp\libc.a(lib_a-signal.o)
                0x0800e70c                raise
 .text._kill_r  0x0800e768       0x28 d:/clion/tools/gcc-arm-none-eabi-10.3-2021.10-win32/gcc-arm-none-eabi-10.3-2021.10/bin/../lib/gcc/arm-none-eabi/10.3.1/../../../../arm-none-eabi/lib/thumb/v7-m/nofp\libc.a(lib_a-signalr.o)
                0x0800e768                _kill_r
 .text._getpid_r
                0x0800e790        0x4 d:/clion/tools/gcc-arm-none-eabi-10.3-2021.10-win32/gcc-arm-none-eabi-10.3-2021.10/bin/../lib/gcc/arm-none-eabi/10.3.1/../../../../arm-none-eabi/lib/thumb/v7-m/nofp\libc.a(lib_a-signalr.o)
                0x0800e790                _getpid_r
 .text.asin     0x0800e794       0x50 d:/clion/tools/gcc-arm-none-eabi-10.3-2021.10-win32/gcc-arm-none-eabi-10.3-2021.10/bin/../lib/gcc/arm-none-eabi/10.3.1/../../../../arm-none-eabi/lib/thumb/v7-m/nofp\libm.a(lib_a-w_asin.o)
                0x0800e794                asin
 .text.atan2    0x0800e7e4        0x4 d:/clion/tools/gcc-arm-none-eabi-10.3-2021.10-win32/gcc-arm-none-eabi-10.3-2021.10/bin/../lib/gcc/arm-none-eabi/10.3.1/../../../../arm-none-eabi/lib/thumb/v7-m/nofp\libm.a(lib_a-w_atan2.o)
                0x0800e7e4                atan2
 .text.__ieee754_asin
                0x0800e7e8      0x474 d:/clion/tools/gcc-arm-none-eabi-10.3-2021.10-win32/gcc-arm-none-eabi-10.3-2021.10/bin/../lib/gcc/arm-none-eabi/10.3.1/../../../../arm-none-eabi/lib/thumb/v7-m/nofp\libm.a(lib_a-e_asin.o)
                0x0800e7e8                __ieee754_asin
 *fill*         0x0800ec5c        0x4 
 .text.__ieee754_atan2
                0x0800ec60      0x194 d:/clion/tools/gcc-arm-none-eabi-10.3-2021.10-win32/gcc-arm-none-eabi-10.3-2021.10/bin/../lib/gcc/arm-none-eabi/10.3.1/../../../../arm-none-eabi/lib/thumb/v7-m/nofp\libm.a(lib_a-e_atan2.o)
                0x0800ec60                __ieee754_atan2
 .text.__ieee754_sqrt
                0x0800edf4      0x18c d:/clion/tools/gcc-arm-none-eabi-10.3-2021.10-win32/gcc-arm-none-eabi-10.3-2021.10/bin/../lib/gcc/arm-none-eabi/10.3.1/../../../../arm-none-eabi/lib/thumb/v7-m/nofp\libm.a(lib_a-e_sqrt.o)
                0x0800edf4                __ieee754_sqrt
 .text.atan     0x0800ef80      0x31c d:/clion/tools/gcc-arm-none-eabi-10.3-2021.10-win32/gcc-arm-none-eabi-10.3-2021.10/bin/../lib/gcc/arm-none-eabi/10.3.1/../../../../arm-none-eabi/lib/thumb/v7-m/nofp\libm.a(lib_a-s_atan.o)
                0x0800ef80                atan
 .text.fabs     0x0800f29c        0x8 d:/clion/tools/gcc-arm-none-eabi-10.3-2021.10-win32/gcc-arm-none-eabi-10.3-2021.10/bin/../lib/gcc/arm-none-eabi/10.3.1/../../../../arm-none-eabi/lib/thumb/v7-m/nofp\libm.a(lib_a-s_fabs.o)
                0x0800f29c                fabs
 .text.nan      0x0800f2a4        0xc d:/clion/tools/gcc-arm-none-eabi-10.3-2021.10-win32/gcc-arm-none-eabi-10.3-2021.10/bin/../lib/gcc/arm-none-eabi/10.3.1/../../../../arm-none-eabi/lib/thumb/v7-m/nofp\libm.a(lib_a-s_nan.o)
                0x0800f2a4                nan
 *(.glue_7)
 .glue_7        0x0800f2b0        0x0 linker stubs
 *(.glue_7t)
 .glue_7t       0x0800f2b0        0x0 linker stubs
 *(.eh_frame)
 .eh_frame      0x0800f2b0        0x0 d:/clion/tools/gcc-arm-none-eabi-10.3-2021.10-win32/gcc-arm-none-eabi-10.3-2021.10/bin/../lib/gcc/arm-none-eabi/10.3.1/thumb/v7-m/nofp/crtbegin.o
 *(.init)
 .init          0x0800f2b0        0x4 d:/clion/tools/gcc-arm-none-eabi-10.3-2021.10-win32/gcc-arm-none-eabi-10.3-2021.10/bin/../lib/gcc/arm-none-eabi/10.3.1/thumb/v7-m/nofp/crti.o
                0x0800f2b0                _init
 .init          0x0800f2b4        0x8 d:/clion/tools/gcc-arm-none-eabi-10.3-2021.10-win32/gcc-arm-none-eabi-10.3-2021.10/bin/../lib/gcc/arm-none-eabi/10.3.1/thumb/v7-m/nofp/crtn.o
 *(.fini)
 .fini          0x0800f2bc        0x4 d:/clion/tools/gcc-arm-none-eabi-10.3-2021.10-win32/gcc-arm-none-eabi-10.3-2021.10/bin/../lib/gcc/arm-none-eabi/10.3.1/thumb/v7-m/nofp/crti.o
                0x0800f2bc                _fini
 .fini          0x0800f2c0        0x8 d:/clion/tools/gcc-arm-none-eabi-10.3-2021.10-win32/gcc-arm-none-eabi-10.3-2021.10/bin/../lib/gcc/arm-none-eabi/10.3.1/thumb/v7-m/nofp/crtn.o
                0x0800f2c8                . = ALIGN (0x4)
                0x0800f2c8                _etext = .

.vfp11_veneer   0x0800f2c8        0x0
 .vfp11_veneer  0x0800f2c8        0x0 linker stubs

.v4_bx          0x0800f2c8        0x0
 .v4_bx         0x0800f2c8        0x0 linker stubs

.iplt           0x0800f2c8        0x0
 .iplt          0x0800f2c8        0x0 d:/clion/tools/gcc-arm-none-eabi-10.3-2021.10-win32/gcc-arm-none-eabi-10.3-2021.10/bin/../lib/gcc/arm-none-eabi/10.3.1/thumb/v7-m/nofp/crtbegin.o

.rodata         0x0800f2c8     0x1a40
                0x0800f2c8                . = ALIGN (0x4)
 *(.rodata)
 *(.rodata*)
 .rodata.aPLLMULFactorTable.1
                0x0800f2c8       0x10 CMakeFiles/4w.elf.dir/Drivers/STM32F1xx_HAL_Driver/Src/stm32f1xx_hal_rcc.c.obj
 .rodata.aPredivFactorTable.0
                0x0800f2d8        0x2 CMakeFiles/4w.elf.dir/Drivers/STM32F1xx_HAL_Driver/Src/stm32f1xx_hal_rcc.c.obj
 *fill*         0x0800f2da        0x2 
 .rodata.main.str1.4
                0x0800f2dc       0x43 CMakeFiles/4w.elf.dir/Src/main.c.obj
 *fill*         0x0800f31f        0x1 
 .rodata.AHBPrescTable
                0x0800f320       0x10 CMakeFiles/4w.elf.dir/Src/system_stm32f1xx.c.obj
                0x0800f320                AHBPrescTable
 .rodata.APBPrescTable
                0x0800f330        0x8 CMakeFiles/4w.elf.dir/Src/system_stm32f1xx.c.obj
                0x0800f330                APBPrescTable
 .rodata.mpu_init.str1.4
                0x0800f338       0x91 CMakeFiles/4w.elf.dir/mpu6050/inv_mpu.c.obj
 *fill*         0x0800f3c9        0x3 
 .rodata.CSWTCH.100
                0x0800f3cc        0x8 CMakeFiles/4w.elf.dir/mpu6050/inv_mpu.c.obj
 .rodata.CSWTCH.107
                0x0800f3d4       0x10 CMakeFiles/4w.elf.dir/mpu6050/inv_mpu.c.obj
 .rodata.hw     0x0800f3e4        0xc CMakeFiles/4w.elf.dir/mpu6050/inv_mpu.c.obj
                0x0800f3e4                hw
 .rodata.reg    0x0800f3f0       0x1b CMakeFiles/4w.elf.dir/mpu6050/inv_mpu.c.obj
                0x0800f3f0                reg
 *fill*         0x0800f40b        0x1 
 .rodata.test   0x0800f40c       0x28 CMakeFiles/4w.elf.dir/mpu6050/inv_mpu.c.obj
                0x0800f40c                test
 .rodata.dmp_set_orientation.str1.4
                0x0800f434       0x10 CMakeFiles/4w.elf.dir/mpu6050/inv_mpu_dmp_motion_driver.c.obj
 .rodata.dmp_set_fifo_rate.str1.4
                0x0800f444        0xd CMakeFiles/4w.elf.dir/mpu6050/inv_mpu_dmp_motion_driver.c.obj
 *fill*         0x0800f451        0x3 
 .rodata.dmp_enable_feature.str1.4
                0x0800f454       0x16 CMakeFiles/4w.elf.dir/mpu6050/inv_mpu_dmp_motion_driver.c.obj
 *fill*         0x0800f46a        0x2 
 .rodata.dmp_memory
                0x0800f46c      0xbf6 CMakeFiles/4w.elf.dir/mpu6050/inv_mpu_dmp_motion_driver.c.obj
 *fill*         0x08010062        0x2 
 .rodata.F6x8   0x08010064      0x228 CMakeFiles/4w.elf.dir/oled_sim/oled.c.obj
                0x08010064                F6x8
 .rodata.F8X16  0x0801028c      0x5f0 CMakeFiles/4w.elf.dir/oled_sim/oled.c.obj
                0x0801028c                F8X16
 .rodata._global_impure_ptr
                0x0801087c        0x4 d:/clion/tools/gcc-arm-none-eabi-10.3-2021.10-win32/gcc-arm-none-eabi-10.3-2021.10/bin/../lib/gcc/arm-none-eabi/10.3.1/../../../../arm-none-eabi/lib/thumb/v7-m/nofp\libc.a(lib_a-impure.o)
                0x0801087c                _global_impure_ptr
 .rodata._puts_r.str1.4
                0x08010880       0x16 d:/clion/tools/gcc-arm-none-eabi-10.3-2021.10-win32/gcc-arm-none-eabi-10.3-2021.10/bin/../lib/gcc/arm-none-eabi/10.3.1/../../../../arm-none-eabi/lib/thumb/v7-m/nofp\libc.a(lib_a-puts.o)
                                  0x2 (size before relaxing)
 .rodata._svfprintf_r.str1.4
                0x08010880       0x42 d:/clion/tools/gcc-arm-none-eabi-10.3-2021.10-win32/gcc-arm-none-eabi-10.3-2021.10/bin/../lib/gcc/arm-none-eabi/10.3.1/../../../../arm-none-eabi/lib/thumb/v7-m/nofp\libc.a(lib_a-svfprintf.o)
 *fill*         0x080108c2        0x2 
 .rodata.blanks.1
                0x080108c4       0x10 d:/clion/tools/gcc-arm-none-eabi-10.3-2021.10-win32/gcc-arm-none-eabi-10.3-2021.10/bin/../lib/gcc/arm-none-eabi/10.3.1/../../../../arm-none-eabi/lib/thumb/v7-m/nofp\libc.a(lib_a-svfprintf.o)
 .rodata.zeroes.0
                0x080108d4       0x10 d:/clion/tools/gcc-arm-none-eabi-10.3-2021.10-win32/gcc-arm-none-eabi-10.3-2021.10/bin/../lib/gcc/arm-none-eabi/10.3.1/../../../../arm-none-eabi/lib/thumb/v7-m/nofp\libc.a(lib_a-svfprintf.o)
 .rodata._vfprintf_r.str1.4
                0x080108e4       0x42 d:/clion/tools/gcc-arm-none-eabi-10.3-2021.10-win32/gcc-arm-none-eabi-10.3-2021.10/bin/../lib/gcc/arm-none-eabi/10.3.1/../../../../arm-none-eabi/lib/thumb/v7-m/nofp\libc.a(lib_a-vfprintf.o)
 .rodata.blanks.1
                0x080108e4       0x10 d:/clion/tools/gcc-arm-none-eabi-10.3-2021.10-win32/gcc-arm-none-eabi-10.3-2021.10/bin/../lib/gcc/arm-none-eabi/10.3.1/../../../../arm-none-eabi/lib/thumb/v7-m/nofp\libc.a(lib_a-vfprintf.o)
 .rodata.zeroes.0
                0x080108f4       0x10 d:/clion/tools/gcc-arm-none-eabi-10.3-2021.10-win32/gcc-arm-none-eabi-10.3-2021.10/bin/../lib/gcc/arm-none-eabi/10.3.1/../../../../arm-none-eabi/lib/thumb/v7-m/nofp\libc.a(lib_a-vfprintf.o)
 .rodata._dtoa_r.str1.4
                0x08010904       0xa2 d:/clion/tools/gcc-arm-none-eabi-10.3-2021.10-win32/gcc-arm-none-eabi-10.3-2021.10/bin/../lib/gcc/arm-none-eabi/10.3.1/../../../../arm-none-eabi/lib/thumb/v7-m/nofp\libc.a(lib_a-dtoa.o)
                                 0xa6 (size before relaxing)
 *fill*         0x080109a6        0x2 
 .rodata.__multadd.str1.4
                0x080109a8       0x7f d:/clion/tools/gcc-arm-none-eabi-10.3-2021.10-win32/gcc-arm-none-eabi-10.3-2021.10/bin/../lib/gcc/arm-none-eabi/10.3.1/../../../../arm-none-eabi/lib/thumb/v7-m/nofp\libc.a(lib_a-mprec.o)
                                 0x93 (size before relaxing)
 *fill*         0x08010a27        0x1 
 .rodata.__mprec_bigtens
                0x08010a28       0x28 d:/clion/tools/gcc-arm-none-eabi-10.3-2021.10-win32/gcc-arm-none-eabi-10.3-2021.10/bin/../lib/gcc/arm-none-eabi/10.3.1/../../../../arm-none-eabi/lib/thumb/v7-m/nofp\libc.a(lib_a-mprec.o)
                0x08010a28                __mprec_bigtens
 .rodata.__mprec_tens
                0x08010a50       0xc8 d:/clion/tools/gcc-arm-none-eabi-10.3-2021.10-win32/gcc-arm-none-eabi-10.3-2021.10/bin/../lib/gcc/arm-none-eabi/10.3.1/../../../../arm-none-eabi/lib/thumb/v7-m/nofp\libc.a(lib_a-mprec.o)
                0x08010a50                __mprec_tens
 .rodata.p05.0  0x08010b18        0xc d:/clion/tools/gcc-arm-none-eabi-10.3-2021.10-win32/gcc-arm-none-eabi-10.3-2021.10/bin/../lib/gcc/arm-none-eabi/10.3.1/../../../../arm-none-eabi/lib/thumb/v7-m/nofp\libc.a(lib_a-mprec.o)
 .rodata._vfiprintf_r.str1.4
                0x08010b24       0x2f d:/clion/tools/gcc-arm-none-eabi-10.3-2021.10-win32/gcc-arm-none-eabi-10.3-2021.10/bin/../lib/gcc/arm-none-eabi/10.3.1/../../../../arm-none-eabi/lib/thumb/v7-m/nofp\libc.a(lib_a-vfiprintf.o)
 .rodata.blanks.1
                0x08010b24       0x10 d:/clion/tools/gcc-arm-none-eabi-10.3-2021.10-win32/gcc-arm-none-eabi-10.3-2021.10/bin/../lib/gcc/arm-none-eabi/10.3.1/../../../../arm-none-eabi/lib/thumb/v7-m/nofp\libc.a(lib_a-vfiprintf.o)
 .rodata.zeroes.0
                0x08010b34       0x10 d:/clion/tools/gcc-arm-none-eabi-10.3-2021.10-win32/gcc-arm-none-eabi-10.3-2021.10/bin/../lib/gcc/arm-none-eabi/10.3.1/../../../../arm-none-eabi/lib/thumb/v7-m/nofp\libc.a(lib_a-vfiprintf.o)
 .rodata.__assert_func.str1.4
                0x08010b44       0x3f d:/clion/tools/gcc-arm-none-eabi-10.3-2021.10-win32/gcc-arm-none-eabi-10.3-2021.10/bin/../lib/gcc/arm-none-eabi/10.3.1/../../../../arm-none-eabi/lib/thumb/v7-m/nofp\libc.a(lib_a-assert.o)
                                 0x43 (size before relaxing)
 *fill*         0x08010b83        0x1 
 .rodata._setlocale_r.str1.4
                0x08010b84        0xa d:/clion/tools/gcc-arm-none-eabi-10.3-2021.10-win32/gcc-arm-none-eabi-10.3-2021.10/bin/../lib/gcc/arm-none-eabi/10.3.1/../../../../arm-none-eabi/lib/thumb/v7-m/nofp\libc.a(lib_a-locale.o)
                                  0xd (size before relaxing)
 *fill*         0x08010b8e        0x2 
 .rodata.str1.4
                0x08010b90        0x2 d:/clion/tools/gcc-arm-none-eabi-10.3-2021.10-win32/gcc-arm-none-eabi-10.3-2021.10/bin/../lib/gcc/arm-none-eabi/10.3.1/../../../../arm-none-eabi/lib/thumb/v7-m/nofp\libc.a(lib_a-locale.o)
 *fill*         0x08010b92        0x2 
 .rodata._ctype_
                0x08010b94      0x101 d:/clion/tools/gcc-arm-none-eabi-10.3-2021.10-win32/gcc-arm-none-eabi-10.3-2021.10/bin/../lib/gcc/arm-none-eabi/10.3.1/../../../../arm-none-eabi/lib/thumb/v7-m/nofp\libc.a(lib_a-ctype_.o)
                0x08010b94                _ctype_
 .rodata.asin.str1.4
                0x08010c95        0x1 d:/clion/tools/gcc-arm-none-eabi-10.3-2021.10-win32/gcc-arm-none-eabi-10.3-2021.10/bin/../lib/gcc/arm-none-eabi/10.3.1/../../../../arm-none-eabi/lib/thumb/v7-m/nofp\libm.a(lib_a-w_asin.o)
 *fill*         0x08010c95        0x3 
 .rodata.CSWTCH.8
                0x08010c98       0x18 d:/clion/tools/gcc-arm-none-eabi-10.3-2021.10-win32/gcc-arm-none-eabi-10.3-2021.10/bin/../lib/gcc/arm-none-eabi/10.3.1/../../../../arm-none-eabi/lib/thumb/v7-m/nofp\libm.a(lib_a-e_atan2.o)
 .rodata.CSWTCH.9
                0x08010cb0       0x18 d:/clion/tools/gcc-arm-none-eabi-10.3-2021.10-win32/gcc-arm-none-eabi-10.3-2021.10/bin/../lib/gcc/arm-none-eabi/10.3.1/../../../../arm-none-eabi/lib/thumb/v7-m/nofp\libm.a(lib_a-e_atan2.o)
 .rodata.atanhi
                0x08010cc8       0x20 d:/clion/tools/gcc-arm-none-eabi-10.3-2021.10-win32/gcc-arm-none-eabi-10.3-2021.10/bin/../lib/gcc/arm-none-eabi/10.3.1/../../../../arm-none-eabi/lib/thumb/v7-m/nofp\libm.a(lib_a-s_atan.o)
 .rodata.atanlo
                0x08010ce8       0x20 d:/clion/tools/gcc-arm-none-eabi-10.3-2021.10-win32/gcc-arm-none-eabi-10.3-2021.10/bin/../lib/gcc/arm-none-eabi/10.3.1/../../../../arm-none-eabi/lib/thumb/v7-m/nofp\libm.a(lib_a-s_atan.o)
                0x08010d08                . = ALIGN (0x4)

.ARM.extab      0x08010d08        0x0
                0x08010d08                . = ALIGN (0x4)
 *(.ARM.extab* .gnu.linkonce.armextab.*)
                0x08010d08                . = ALIGN (0x4)

.ARM            0x08010d08        0x8
                0x08010d08                . = ALIGN (0x4)
                0x08010d08                __exidx_start = .
 *(.ARM.exidx*)
 .ARM.exidx     0x08010d08        0x8 d:/clion/tools/gcc-arm-none-eabi-10.3-2021.10-win32/gcc-arm-none-eabi-10.3-2021.10/bin/../lib/gcc/arm-none-eabi/10.3.1/thumb/v7-m/nofp\libgcc.a(_udivmoddi4.o)
                0x08010d10                __exidx_end = .
                0x08010d10                . = ALIGN (0x4)

.rel.dyn        0x08010d10        0x0
 .rel.iplt      0x08010d10        0x0 d:/clion/tools/gcc-arm-none-eabi-10.3-2021.10-win32/gcc-arm-none-eabi-10.3-2021.10/bin/../lib/gcc/arm-none-eabi/10.3.1/thumb/v7-m/nofp/crtbegin.o

.preinit_array  0x08010d10        0x0
                0x08010d10                . = ALIGN (0x4)
                0x08010d10                PROVIDE (__preinit_array_start = .)
 *(.preinit_array*)
                0x08010d10                PROVIDE (__preinit_array_end = .)
                0x08010d10                . = ALIGN (0x4)

.init_array     0x08010d10        0x8
                0x08010d10                . = ALIGN (0x4)
                0x08010d10                PROVIDE (__init_array_start = .)
 *(SORT_BY_NAME(.init_array.*))
 .init_array.00000
                0x08010d10        0x4 d:/clion/tools/gcc-arm-none-eabi-10.3-2021.10-win32/gcc-arm-none-eabi-10.3-2021.10/bin/../lib/gcc/arm-none-eabi/10.3.1/../../../../arm-none-eabi/lib/thumb/v7-m/nofp\libc.a(lib_a-__call_atexit.o)
 *(.init_array*)
 .init_array    0x08010d14        0x4 d:/clion/tools/gcc-arm-none-eabi-10.3-2021.10-win32/gcc-arm-none-eabi-10.3-2021.10/bin/../lib/gcc/arm-none-eabi/10.3.1/thumb/v7-m/nofp/crtbegin.o
                0x08010d18                PROVIDE (__init_array_end = .)
                0x08010d18                . = ALIGN (0x4)

.fini_array     0x08010d18        0x4
                0x08010d18                . = ALIGN (0x4)
                0x08010d18                PROVIDE (__fini_array_start = .)
 *(SORT_BY_NAME(.fini_array.*))
 *(.fini_array*)
 .fini_array    0x08010d18        0x4 d:/clion/tools/gcc-arm-none-eabi-10.3-2021.10-win32/gcc-arm-none-eabi-10.3-2021.10/bin/../lib/gcc/arm-none-eabi/10.3.1/thumb/v7-m/nofp/crtbegin.o
                0x08010d1c                PROVIDE (__fini_array_end = .)
                0x08010d1c                . = ALIGN (0x4)
                0x08010d1c                _sidata = LOADADDR (.data)

.data           0x20000000      0x9f0 load address 0x08010d1c
                0x20000000                . = ALIGN (0x4)
                0x20000000                _sdata = .
 *(.data)
 *(.data*)
 .data.uwTickFreq
                0x20000000        0x1 CMakeFiles/4w.elf.dir/Drivers/STM32F1xx_HAL_Driver/Src/stm32f1xx_hal.c.obj
                0x20000000                uwTickFreq
 *fill*         0x20000001        0x3 
 .data.uwTickPrio
                0x20000004        0x4 CMakeFiles/4w.elf.dir/Drivers/STM32F1xx_HAL_Driver/Src/stm32f1xx_hal.c.obj
                0x20000004                uwTickPrio
 .data.SystemCoreClock
                0x20000008        0x4 CMakeFiles/4w.elf.dir/Src/system_stm32f1xx.c.obj
                0x20000008                SystemCoreClock
 .data.gyro_orientation
                0x2000000c        0x9 CMakeFiles/4w.elf.dir/mpu6050/inv_mpu.c.obj
 *fill*         0x20000015        0x3 
 .data.st       0x20000018       0x2c CMakeFiles/4w.elf.dir/mpu6050/inv_mpu.c.obj
 .data._impure_ptr
                0x20000044        0x4 d:/clion/tools/gcc-arm-none-eabi-10.3-2021.10-win32/gcc-arm-none-eabi-10.3-2021.10/bin/../lib/gcc/arm-none-eabi/10.3.1/../../../../arm-none-eabi/lib/thumb/v7-m/nofp\libc.a(lib_a-impure.o)
                0x20000044                _impure_ptr
 .data.impure_data
                0x20000048      0x428 d:/clion/tools/gcc-arm-none-eabi-10.3-2021.10-win32/gcc-arm-none-eabi-10.3-2021.10/bin/../lib/gcc/arm-none-eabi/10.3.1/../../../../arm-none-eabi/lib/thumb/v7-m/nofp\libc.a(lib_a-impure.o)
 .data.__atexit_recursive_mutex
                0x20000470        0x4 d:/clion/tools/gcc-arm-none-eabi-10.3-2021.10-win32/gcc-arm-none-eabi-10.3-2021.10/bin/../lib/gcc/arm-none-eabi/10.3.1/../../../../arm-none-eabi/lib/thumb/v7-m/nofp\libc.a(lib_a-__call_atexit.o)
                0x20000470                __atexit_recursive_mutex
 .data.__malloc_av_
                0x20000474      0x408 d:/clion/tools/gcc-arm-none-eabi-10.3-2021.10-win32/gcc-arm-none-eabi-10.3-2021.10/bin/../lib/gcc/arm-none-eabi/10.3.1/../../../../arm-none-eabi/lib/thumb/v7-m/nofp\libc.a(lib_a-mallocr.o)
                0x20000474                __malloc_av_
 .data.__malloc_sbrk_base
                0x2000087c        0x4 d:/clion/tools/gcc-arm-none-eabi-10.3-2021.10-win32/gcc-arm-none-eabi-10.3-2021.10/bin/../lib/gcc/arm-none-eabi/10.3.1/../../../../arm-none-eabi/lib/thumb/v7-m/nofp\libc.a(lib_a-mallocr.o)
                0x2000087c                __malloc_sbrk_base
 .data.__malloc_trim_threshold
                0x20000880        0x4 d:/clion/tools/gcc-arm-none-eabi-10.3-2021.10-win32/gcc-arm-none-eabi-10.3-2021.10/bin/../lib/gcc/arm-none-eabi/10.3.1/../../../../arm-none-eabi/lib/thumb/v7-m/nofp\libc.a(lib_a-mallocr.o)
                0x20000880                __malloc_trim_threshold
 .data.__global_locale
                0x20000884      0x16c d:/clion/tools/gcc-arm-none-eabi-10.3-2021.10-win32/gcc-arm-none-eabi-10.3-2021.10/bin/../lib/gcc/arm-none-eabi/10.3.1/../../../../arm-none-eabi/lib/thumb/v7-m/nofp\libc.a(lib_a-locale.o)
                0x20000884                __global_locale
 *(.RamFunc)
 *(.RamFunc*)
                0x200009f0                . = ALIGN (0x4)
                0x200009f0                _edata = .

.igot.plt       0x200009f0        0x0 load address 0x0801170c
 .igot.plt      0x200009f0        0x0 d:/clion/tools/gcc-arm-none-eabi-10.3-2021.10-win32/gcc-arm-none-eabi-10.3-2021.10/bin/../lib/gcc/arm-none-eabi/10.3.1/thumb/v7-m/nofp/crtbegin.o
                0x200009f0                . = ALIGN (0x4)

.bss            0x200009f0      0x264 load address 0x0801170c
                0x200009f0                _sbss = .
                0x200009f0                __bss_start__ = _sbss
 *(.bss)
 .bss           0x200009f0       0x1c d:/clion/tools/gcc-arm-none-eabi-10.3-2021.10-win32/gcc-arm-none-eabi-10.3-2021.10/bin/../lib/gcc/arm-none-eabi/10.3.1/thumb/v7-m/nofp/crtbegin.o
 *(.bss*)
 .bss.ADC_Value
                0x20000a0c       0x14 CMakeFiles/4w.elf.dir/ADC_XJ/ADC_XJ.c.obj
                0x20000a0c                ADC_Value
 .bss.uwTick    0x20000a20        0x4 CMakeFiles/4w.elf.dir/Drivers/STM32F1xx_HAL_Driver/Src/stm32f1xx_hal.c.obj
                0x20000a20                uwTick
 .bss.pid_motor_L
                0x20000a24       0x24 CMakeFiles/4w.elf.dir/PID/PID.c.obj
                0x20000a24                pid_motor_L
 .bss.pid_motor_R
                0x20000a48       0x24 CMakeFiles/4w.elf.dir/PID/PID.c.obj
                0x20000a48                pid_motor_R
 *fill*         0x20000a6c        0x4 
 .bss.hadc1     0x20000a70       0x30 CMakeFiles/4w.elf.dir/Src/adc.c.obj
                0x20000a70                hadc1
 .bss.sbuf      0x20000aa0       0x15 CMakeFiles/4w.elf.dir/Src/main.c.obj
                0x20000aa0                sbuf
 *fill*         0x20000ab5        0x3 
 .bss.MOVE      0x20000ab8        0x4 CMakeFiles/4w.elf.dir/Src/motor.c.obj
                0x20000ab8                MOVE
 .bss.__sbrk_heap_end
                0x20000abc        0x4 CMakeFiles/4w.elf.dir/Src/sysmem.c.obj
 .bss.Motor_speed_L
                0x20000ac0        0x4 CMakeFiles/4w.elf.dir/Src/tim.c.obj
                0x20000ac0                Motor_speed_L
 .bss.Motor_speed_R
                0x20000ac4        0x4 CMakeFiles/4w.elf.dir/Src/tim.c.obj
                0x20000ac4                Motor_speed_R
 .bss._10ms_flag
                0x20000ac8        0x1 CMakeFiles/4w.elf.dir/Src/tim.c.obj
                0x20000ac8                _10ms_flag
 *fill*         0x20000ac9        0x3 
 .bss.cnt.0     0x20000acc        0x4 CMakeFiles/4w.elf.dir/Src/tim.c.obj
 .bss.htim2     0x20000ad0       0x48 CMakeFiles/4w.elf.dir/Src/tim.c.obj
                0x20000ad0                htim2
 .bss.htim4     0x20000b18       0x48 CMakeFiles/4w.elf.dir/Src/tim.c.obj
                0x20000b18                htim4
 .bss.huart1    0x20000b60       0x48 CMakeFiles/4w.elf.dir/Src/usart.c.obj
                0x20000b60                huart1
 .bss.huart2    0x20000ba8       0x48 CMakeFiles/4w.elf.dir/Src/usart.c.obj
                0x20000ba8                huart2
 .bss.dmp       0x20000bf0       0x10 CMakeFiles/4w.elf.dir/mpu6050/inv_mpu_dmp_motion_driver.c.obj
 .bss.pitch     0x20000c00        0x4 CMakeFiles/4w.elf.dir/mpu6050/mpu6050.c.obj
                0x20000c00                pitch
 .bss.roll      0x20000c04        0x4 CMakeFiles/4w.elf.dir/mpu6050/mpu6050.c.obj
                0x20000c04                roll
 .bss.yaw       0x20000c08        0x4 CMakeFiles/4w.elf.dir/mpu6050/mpu6050.c.obj
                0x20000c08                yaw
 .bss.__lock___atexit_recursive_mutex
                0x20000c0c        0x1 d:/clion/tools/gcc-arm-none-eabi-10.3-2021.10-win32/gcc-arm-none-eabi-10.3-2021.10/bin/../lib/gcc/arm-none-eabi/10.3.1/../../../../arm-none-eabi/lib/thumb/v7-m/nofp\libc.a(lib_a-lock.o)
                0x20000c0c                __lock___atexit_recursive_mutex
 *fill*         0x20000c0d        0x3 
 .bss.__lock___malloc_recursive_mutex
                0x20000c10        0x1 d:/clion/tools/gcc-arm-none-eabi-10.3-2021.10-win32/gcc-arm-none-eabi-10.3-2021.10/bin/../lib/gcc/arm-none-eabi/10.3.1/../../../../arm-none-eabi/lib/thumb/v7-m/nofp\libc.a(lib_a-lock.o)
                0x20000c10                __lock___malloc_recursive_mutex
 *fill*         0x20000c11        0x3 
 .bss.__lock___sfp_recursive_mutex
                0x20000c14        0x1 d:/clion/tools/gcc-arm-none-eabi-10.3-2021.10-win32/gcc-arm-none-eabi-10.3-2021.10/bin/../lib/gcc/arm-none-eabi/10.3.1/../../../../arm-none-eabi/lib/thumb/v7-m/nofp\libc.a(lib_a-lock.o)
                0x20000c14                __lock___sfp_recursive_mutex
 *fill*         0x20000c15        0x3 
 .bss.__lock___sinit_recursive_mutex
                0x20000c18        0x1 d:/clion/tools/gcc-arm-none-eabi-10.3-2021.10-win32/gcc-arm-none-eabi-10.3-2021.10/bin/../lib/gcc/arm-none-eabi/10.3.1/../../../../arm-none-eabi/lib/thumb/v7-m/nofp\libc.a(lib_a-lock.o)
                0x20000c18                __lock___sinit_recursive_mutex
 *fill*         0x20000c19        0x3 
 .bss.__malloc_current_mallinfo
                0x20000c1c       0x28 d:/clion/tools/gcc-arm-none-eabi-10.3-2021.10-win32/gcc-arm-none-eabi-10.3-2021.10/bin/../lib/gcc/arm-none-eabi/10.3.1/../../../../arm-none-eabi/lib/thumb/v7-m/nofp\libc.a(lib_a-mallocr.o)
                0x20000c1c                __malloc_current_mallinfo
 .bss.__malloc_max_sbrked_mem
                0x20000c44        0x4 d:/clion/tools/gcc-arm-none-eabi-10.3-2021.10-win32/gcc-arm-none-eabi-10.3-2021.10/bin/../lib/gcc/arm-none-eabi/10.3.1/../../../../arm-none-eabi/lib/thumb/v7-m/nofp\libc.a(lib_a-mallocr.o)
                0x20000c44                __malloc_max_sbrked_mem
 .bss.__malloc_max_total_mem
                0x20000c48        0x4 d:/clion/tools/gcc-arm-none-eabi-10.3-2021.10-win32/gcc-arm-none-eabi-10.3-2021.10/bin/../lib/gcc/arm-none-eabi/10.3.1/../../../../arm-none-eabi/lib/thumb/v7-m/nofp\libc.a(lib_a-mallocr.o)
                0x20000c48                __malloc_max_total_mem
 .bss.__malloc_top_pad
                0x20000c4c        0x4 d:/clion/tools/gcc-arm-none-eabi-10.3-2021.10-win32/gcc-arm-none-eabi-10.3-2021.10/bin/../lib/gcc/arm-none-eabi/10.3.1/../../../../arm-none-eabi/lib/thumb/v7-m/nofp\libc.a(lib_a-mallocr.o)
                0x20000c4c                __malloc_top_pad
 .bss.errno     0x20000c50        0x4 d:/clion/tools/gcc-arm-none-eabi-10.3-2021.10-win32/gcc-arm-none-eabi-10.3-2021.10/bin/../lib/gcc/arm-none-eabi/10.3.1/../../../../arm-none-eabi/lib/thumb/v7-m/nofp\libc.a(lib_a-reent.o)
                0x20000c50                errno
 *(COMMON)
                0x20000c54                . = ALIGN (0x4)
                0x20000c54                _ebss = .
                0x20000c54                __bss_end__ = _ebss

._user_heap_stack
                0x20000c54      0x604 load address 0x0801170c
                0x20000c58                . = ALIGN (0x8)
 *fill*         0x20000c54        0x4 
                [!provide]                PROVIDE (end = .)
                0x20000c58                PROVIDE (_end = .)
                0x20000e58                . = (. + _Min_Heap_Size)
 *fill*         0x20000c58      0x200 
                0x20001258                . = (. + _Min_Stack_Size)
 *fill*         0x20000e58      0x400 
                0x20001258                . = ALIGN (0x8)

/DISCARD/
 libc.a(*)
 libm.a(*)
 libgcc.a(*)

.ARM.attributes
                0x00000000       0x29
 *(.ARM.attributes)
 .ARM.attributes
                0x00000000       0x1d d:/clion/tools/gcc-arm-none-eabi-10.3-2021.10-win32/gcc-arm-none-eabi-10.3-2021.10/bin/../lib/gcc/arm-none-eabi/10.3.1/thumb/v7-m/nofp/crti.o
 .ARM.attributes
                0x0000001d       0x2d d:/clion/tools/gcc-arm-none-eabi-10.3-2021.10-win32/gcc-arm-none-eabi-10.3-2021.10/bin/../lib/gcc/arm-none-eabi/10.3.1/thumb/v7-m/nofp/crtbegin.o
 .ARM.attributes
                0x0000004a       0x29 CMakeFiles/4w.elf.dir/ADC_XJ/ADC_XJ.c.obj
 .ARM.attributes
                0x00000073       0x29 CMakeFiles/4w.elf.dir/Drivers/STM32F1xx_HAL_Driver/Src/stm32f1xx_hal.c.obj
 .ARM.attributes
                0x0000009c       0x29 CMakeFiles/4w.elf.dir/Drivers/STM32F1xx_HAL_Driver/Src/stm32f1xx_hal_adc.c.obj
 .ARM.attributes
                0x000000c5       0x29 CMakeFiles/4w.elf.dir/Drivers/STM32F1xx_HAL_Driver/Src/stm32f1xx_hal_cortex.c.obj
 .ARM.attributes
                0x000000ee       0x29 CMakeFiles/4w.elf.dir/Drivers/STM32F1xx_HAL_Driver/Src/stm32f1xx_hal_gpio.c.obj
 .ARM.attributes
                0x00000117       0x29 CMakeFiles/4w.elf.dir/Drivers/STM32F1xx_HAL_Driver/Src/stm32f1xx_hal_rcc.c.obj
 .ARM.attributes
                0x00000140       0x29 CMakeFiles/4w.elf.dir/Drivers/STM32F1xx_HAL_Driver/Src/stm32f1xx_hal_rcc_ex.c.obj
 .ARM.attributes
                0x00000169       0x29 CMakeFiles/4w.elf.dir/Drivers/STM32F1xx_HAL_Driver/Src/stm32f1xx_hal_tim.c.obj
 .ARM.attributes
                0x00000192       0x29 CMakeFiles/4w.elf.dir/Drivers/STM32F1xx_HAL_Driver/Src/stm32f1xx_hal_tim_ex.c.obj
 .ARM.attributes
                0x000001bb       0x29 CMakeFiles/4w.elf.dir/Drivers/STM32F1xx_HAL_Driver/Src/stm32f1xx_hal_uart.c.obj
 .ARM.attributes
                0x000001e4       0x29 CMakeFiles/4w.elf.dir/PID/PID.c.obj
 .ARM.attributes
                0x0000020d       0x29 CMakeFiles/4w.elf.dir/Src/adc.c.obj
 .ARM.attributes
                0x00000236       0x29 CMakeFiles/4w.elf.dir/Src/gpio.c.obj
 .ARM.attributes
                0x0000025f       0x29 CMakeFiles/4w.elf.dir/Src/main.c.obj
 .ARM.attributes
                0x00000288       0x29 CMakeFiles/4w.elf.dir/Src/motor.c.obj
 .ARM.attributes
                0x000002b1       0x29 CMakeFiles/4w.elf.dir/Src/stm32f1xx_hal_msp.c.obj
 .ARM.attributes
                0x000002da       0x29 CMakeFiles/4w.elf.dir/Src/stm32f1xx_it.c.obj
 .ARM.attributes
                0x00000303       0x29 CMakeFiles/4w.elf.dir/Src/syscalls.c.obj
 .ARM.attributes
                0x0000032c       0x29 CMakeFiles/4w.elf.dir/Src/sysmem.c.obj
 .ARM.attributes
                0x00000355       0x29 CMakeFiles/4w.elf.dir/Src/system_stm32f1xx.c.obj
 .ARM.attributes
                0x0000037e       0x29 CMakeFiles/4w.elf.dir/Src/tim.c.obj
 .ARM.attributes
                0x000003a7       0x29 CMakeFiles/4w.elf.dir/Src/usart.c.obj
 .ARM.attributes
                0x000003d0       0x21 CMakeFiles/4w.elf.dir/Startup/startup_stm32f103c8tx.s.obj
 .ARM.attributes
                0x000003f1       0x29 CMakeFiles/4w.elf.dir/mpu6050/bsp_iic.c.obj
 .ARM.attributes
                0x0000041a       0x29 CMakeFiles/4w.elf.dir/mpu6050/inv_mpu.c.obj
 .ARM.attributes
                0x00000443       0x29 CMakeFiles/4w.elf.dir/mpu6050/inv_mpu_dmp_motion_driver.c.obj
 .ARM.attributes
                0x0000046c       0x29 CMakeFiles/4w.elf.dir/mpu6050/mpu6050.c.obj
 .ARM.attributes
                0x00000495       0x29 CMakeFiles/4w.elf.dir/oled_sim/oled.c.obj
 .ARM.attributes
                0x000004be       0x1d d:/clion/tools/gcc-arm-none-eabi-10.3-2021.10-win32/gcc-arm-none-eabi-10.3-2021.10/bin/../lib/gcc/arm-none-eabi/10.3.1/thumb/v7-m/nofp\libgcc.a(_arm_addsubdf3.o)
 .ARM.attributes
                0x000004db       0x1d d:/clion/tools/gcc-arm-none-eabi-10.3-2021.10-win32/gcc-arm-none-eabi-10.3-2021.10/bin/../lib/gcc/arm-none-eabi/10.3.1/thumb/v7-m/nofp\libgcc.a(_arm_truncdfsf2.o)
 .ARM.attributes
                0x000004f8       0x1d d:/clion/tools/gcc-arm-none-eabi-10.3-2021.10-win32/gcc-arm-none-eabi-10.3-2021.10/bin/../lib/gcc/arm-none-eabi/10.3.1/thumb/v7-m/nofp\libgcc.a(_arm_addsubsf3.o)
 .ARM.attributes
                0x00000515       0x1d d:/clion/tools/gcc-arm-none-eabi-10.3-2021.10-win32/gcc-arm-none-eabi-10.3-2021.10/bin/../lib/gcc/arm-none-eabi/10.3.1/thumb/v7-m/nofp\libgcc.a(_arm_muldivsf3.o)
 .ARM.attributes
                0x00000532       0x1d d:/clion/tools/gcc-arm-none-eabi-10.3-2021.10-win32/gcc-arm-none-eabi-10.3-2021.10/bin/../lib/gcc/arm-none-eabi/10.3.1/thumb/v7-m/nofp\libgcc.a(_arm_cmpsf2.o)
 .ARM.attributes
                0x0000054f       0x1d d:/clion/tools/gcc-arm-none-eabi-10.3-2021.10-win32/gcc-arm-none-eabi-10.3-2021.10/bin/../lib/gcc/arm-none-eabi/10.3.1/thumb/v7-m/nofp\libgcc.a(_arm_fixsfsi.o)
 .ARM.attributes
                0x0000056c       0x1d d:/clion/tools/gcc-arm-none-eabi-10.3-2021.10-win32/gcc-arm-none-eabi-10.3-2021.10/bin/../lib/gcc/arm-none-eabi/10.3.1/thumb/v7-m/nofp\libgcc.a(_arm_fixunssfsi.o)
 .ARM.attributes
                0x00000589       0x1d d:/clion/tools/gcc-arm-none-eabi-10.3-2021.10-win32/gcc-arm-none-eabi-10.3-2021.10/bin/../lib/gcc/arm-none-eabi/10.3.1/thumb/v7-m/nofp\libgcc.a(_aeabi_ldivmod.o)
 .ARM.attributes
                0x000005a6       0x2d d:/clion/tools/gcc-arm-none-eabi-10.3-2021.10-win32/gcc-arm-none-eabi-10.3-2021.10/bin/../lib/gcc/arm-none-eabi/10.3.1/thumb/v7-m/nofp\libgcc.a(_udivmoddi4.o)
 .ARM.attributes
                0x000005d3       0x1d d:/clion/tools/gcc-arm-none-eabi-10.3-2021.10-win32/gcc-arm-none-eabi-10.3-2021.10/bin/../lib/gcc/arm-none-eabi/10.3.1/thumb/v7-m/nofp\libgcc.a(_dvmd_tls.o)
 .ARM.attributes
                0x000005f0       0x2d d:/clion/tools/gcc-arm-none-eabi-10.3-2021.10-win32/gcc-arm-none-eabi-10.3-2021.10/bin/../lib/gcc/arm-none-eabi/10.3.1/../../../../arm-none-eabi/lib/thumb/v7-m/nofp\libc.a(lib_a-errno.o)
 .ARM.attributes
                0x0000061d       0x2d d:/clion/tools/gcc-arm-none-eabi-10.3-2021.10-win32/gcc-arm-none-eabi-10.3-2021.10/bin/../lib/gcc/arm-none-eabi/10.3.1/../../../../arm-none-eabi/lib/thumb/v7-m/nofp\libc.a(lib_a-impure.o)